Archive member included to satisfy reference by file (symbol)

d:/toolchain/gun_arm_embedded/bin/../lib/gcc/arm-none-eabi/10.3.1/../../../../arm-none-eabi/lib/thumb/v7e-m+fp/hard\libc_nano.a(lib_a-exit.o)
                              d:/toolchain/gun_arm_embedded/bin/../lib/gcc/arm-none-eabi/10.3.1/../../../../arm-none-eabi/lib/thumb/v7e-m+fp/hard/crt0.o (exit)
d:/toolchain/gun_arm_embedded/bin/../lib/gcc/arm-none-eabi/10.3.1/../../../../arm-none-eabi/lib/thumb/v7e-m+fp/hard\libc_nano.a(lib_a-impure.o)
                              d:/toolchain/gun_arm_embedded/bin/../lib/gcc/arm-none-eabi/10.3.1/../../../../arm-none-eabi/lib/thumb/v7e-m+fp/hard\libc_nano.a(lib_a-exit.o) (_global_impure_ptr)
d:/toolchain/gun_arm_embedded/bin/../lib/gcc/arm-none-eabi/10.3.1/../../../../arm-none-eabi/lib/thumb/v7e-m+fp/hard\libc_nano.a(lib_a-init.o)
                              d:/toolchain/gun_arm_embedded/bin/../lib/gcc/arm-none-eabi/10.3.1/../../../../arm-none-eabi/lib/thumb/v7e-m+fp/hard/crt0.o (__libc_init_array)
d:/toolchain/gun_arm_embedded/bin/../lib/gcc/arm-none-eabi/10.3.1/../../../../arm-none-eabi/lib/thumb/v7e-m+fp/hard\libc_nano.a(lib_a-memset.o)
                              d:/toolchain/gun_arm_embedded/bin/../lib/gcc/arm-none-eabi/10.3.1/../../../../arm-none-eabi/lib/thumb/v7e-m+fp/hard/crt0.o (memset)
d:/toolchain/gun_arm_embedded/bin/../lib/gcc/arm-none-eabi/10.3.1/../../../../arm-none-eabi/lib/thumb/v7e-m+fp/hard\libc_nano.a(lib_a-nano-vfprintf_float.o)
                              (_printf_float)
d:/toolchain/gun_arm_embedded/bin/../lib/gcc/arm-none-eabi/10.3.1/../../../../arm-none-eabi/lib/thumb/v7e-m+fp/hard\libc_nano.a(lib_a-nano-vfprintf_i.o)
                              d:/toolchain/gun_arm_embedded/bin/../lib/gcc/arm-none-eabi/10.3.1/../../../../arm-none-eabi/lib/thumb/v7e-m+fp/hard\libc_nano.a(lib_a-nano-vfprintf_float.o) (_printf_common)
d:/toolchain/gun_arm_embedded/bin/../lib/gcc/arm-none-eabi/10.3.1/../../../../arm-none-eabi/lib/thumb/v7e-m+fp/hard\libc_nano.a(lib_a-strlen.o)
                              d:/toolchain/gun_arm_embedded/bin/../lib/gcc/arm-none-eabi/10.3.1/../../../../arm-none-eabi/lib/thumb/v7e-m+fp/hard\libc_nano.a(lib_a-nano-vfprintf_float.o) (strlen)
d:/toolchain/gun_arm_embedded/bin/../lib/gcc/arm-none-eabi/10.3.1/../../../../arm-none-eabi/lib/thumb/v7e-m+fp/hard\libc_nano.a(lib_a-dtoa.o)
                              d:/toolchain/gun_arm_embedded/bin/../lib/gcc/arm-none-eabi/10.3.1/../../../../arm-none-eabi/lib/thumb/v7e-m+fp/hard\libc_nano.a(lib_a-nano-vfprintf_float.o) (_dtoa_r)
d:/toolchain/gun_arm_embedded/bin/../lib/gcc/arm-none-eabi/10.3.1/../../../../arm-none-eabi/lib/thumb/v7e-m+fp/hard\libc_nano.a(lib_a-localeconv.o)
                              d:/toolchain/gun_arm_embedded/bin/../lib/gcc/arm-none-eabi/10.3.1/../../../../arm-none-eabi/lib/thumb/v7e-m+fp/hard\libc_nano.a(lib_a-nano-vfprintf_float.o) (_localeconv_r)
d:/toolchain/gun_arm_embedded/bin/../lib/gcc/arm-none-eabi/10.3.1/../../../../arm-none-eabi/lib/thumb/v7e-m+fp/hard\libc_nano.a(lib_a-malloc.o)
                              d:/toolchain/gun_arm_embedded/bin/../lib/gcc/arm-none-eabi/10.3.1/../../../../arm-none-eabi/lib/thumb/v7e-m+fp/hard\libc_nano.a(lib_a-dtoa.o) (malloc)
d:/toolchain/gun_arm_embedded/bin/../lib/gcc/arm-none-eabi/10.3.1/../../../../arm-none-eabi/lib/thumb/v7e-m+fp/hard\libc_nano.a(lib_a-memchr.o)
                              d:/toolchain/gun_arm_embedded/bin/../lib/gcc/arm-none-eabi/10.3.1/../../../../arm-none-eabi/lib/thumb/v7e-m+fp/hard\libc_nano.a(lib_a-nano-vfprintf_i.o) (memchr)
d:/toolchain/gun_arm_embedded/bin/../lib/gcc/arm-none-eabi/10.3.1/../../../../arm-none-eabi/lib/thumb/v7e-m+fp/hard\libc_nano.a(lib_a-memcpy-stub.o)
                              d:/toolchain/gun_arm_embedded/bin/../lib/gcc/arm-none-eabi/10.3.1/../../../../arm-none-eabi/lib/thumb/v7e-m+fp/hard\libc_nano.a(lib_a-dtoa.o) (memcpy)
d:/toolchain/gun_arm_embedded/bin/../lib/gcc/arm-none-eabi/10.3.1/../../../../arm-none-eabi/lib/thumb/v7e-m+fp/hard\libc_nano.a(lib_a-mprec.o)
                              d:/toolchain/gun_arm_embedded/bin/../lib/gcc/arm-none-eabi/10.3.1/../../../../arm-none-eabi/lib/thumb/v7e-m+fp/hard\libc_nano.a(lib_a-dtoa.o) (_Balloc)
d:/toolchain/gun_arm_embedded/bin/../lib/gcc/arm-none-eabi/10.3.1/../../../../arm-none-eabi/lib/thumb/v7e-m+fp/hard\libc_nano.a(lib_a-nano-callocr.o)
                              d:/toolchain/gun_arm_embedded/bin/../lib/gcc/arm-none-eabi/10.3.1/../../../../arm-none-eabi/lib/thumb/v7e-m+fp/hard\libc_nano.a(lib_a-mprec.o) (_calloc_r)
d:/toolchain/gun_arm_embedded/bin/../lib/gcc/arm-none-eabi/10.3.1/../../../../arm-none-eabi/lib/thumb/v7e-m+fp/hard\libc_nano.a(lib_a-nano-freer.o)
                              d:/toolchain/gun_arm_embedded/bin/../lib/gcc/arm-none-eabi/10.3.1/../../../../arm-none-eabi/lib/thumb/v7e-m+fp/hard\libc_nano.a(lib_a-malloc.o) (_free_r)
[...]
Memory Configuration

Name             Origin             Length             Attributes
RAM              0x20000000         0x00020000         xrw
CCMRAM           0x10000000         0x00010000         xrw
FLASH            0x08000000         0x00100000         xr
*default*        0x00000000         0xffffffff

Linker script and memory map

LOAD d:/toolchain/gun_arm_embedded/bin/../lib/gcc/arm-none-eabi/10.3.1/thumb/v7e-m+fp/hard/crti.o
LOAD d:/toolchain/gun_arm_embedded/bin/../lib/gcc/arm-none-eabi/10.3.1/thumb/v7e-m+fp/hard/crtbegin.o
LOAD d:/toolchain/gun_arm_embedded/bin/../lib/gcc/arm-none-eabi/10.3.1/../../../../arm-none-eabi/lib/thumb/v7e-m+fp/hard/crt0.o
START GROUP
LOAD d:/toolchain/gun_arm_embedded/bin/../lib/gcc/arm-none-eabi/10.3.1/../../../../arm-none-eabi/lib/thumb/v7e-m+fp/hard\libc_nano.a
LOAD d:/toolchain/gun_arm_embedded/bin/../lib/gcc/arm-none-eabi/10.3.1/../../../../arm-none-eabi/lib/thumb/v7e-m+fp/hard\libm.a
END GROUP
LOAD CMakeFiles/zgt6test.dir/Core/Src/main.c.obj
LOAD CMakeFiles/zgt6test.dir/Core/Src/gpio.c.obj
LOAD CMakeFiles/zgt6test.dir/Core/Src/freertos.c.obj
LOAD CMakeFiles/zgt6test.dir/Core/Src/i2c.c.obj
LOAD CMakeFiles/zgt6test.dir/Core/Src/tim.c.obj
LOAD CMakeFiles/zgt6test.dir/Core/Src/usart.c.obj
LOAD CMakeFiles/zgt6test.dir/Core/Src/stm32f4xx_it.c.obj
LOAD CMakeFiles/zgt6test.dir/Core/Src/stm32f4xx_hal_msp.c.obj
LOAD CMakeFiles/zgt6test.dir/Core/Src/sysmem.c.obj
LOAD CMakeFiles/zgt6test.dir/Core/Src/syscalls.c.obj
LOAD CMakeFiles/zgt6test.dir/startup_stm32f407xx.s.obj
LOAD CMakeFiles/zgt6test.dir/bsp/Src/bsp_motor.c.obj
LOAD CMakeFiles/zgt6test.dir/bsp/Src/bsp_usart.c.obj
LOAD CMakeFiles/zgt6test.dir/bsp/Src/bsp_encoder.c.obj
LOAD CMakeFiles/zgt6test.dir/bsp/Src/bsp_imu_mpu6050.c.obj
LOAD CMakeFiles/zgt6test.dir/bsp/Src/bsp_pid.c.obj
LOAD CMakeFiles/zgt6test.dir/bsp/Src/bsp_irtracker.c.obj
LOAD CMakeFiles/zgt6test.dir/bsp/Src/bsp_buzzer.c.obj
LOAD CMakeFiles/zgt6test.dir/bsp/Src/bsp_key.c.obj
LOAD CMakeFiles/zgt6test.dir/bsp/Src/bsp_tof.c.obj
LOAD CMakeFiles/zgt6test.dir/Algorithm/Src/pid.c.obj
LOAD CMakeFiles/zgt6test.dir/task/Src/start_default_task.c.obj
LOAD CMakeFiles/zgt6test.dir/task/Src/task_motor.c.obj
LOAD CMakeFiles/zgt6test.dir/Application/Src/chassis.c.obj
LOAD CMakeFiles/zgt6test.dir/Application/Src/line_follow.c.obj
LOAD CMakeFiles/zgt6test.dir/Application/Src/app_music.c.obj
LOAD CMakeFiles/zgt6test.dir/Application/Src/key_test.c.obj
LOAD CMakeFiles/zgt6test.dir/External/VL53L0X/Src/VL53L0X.c.obj
LOAD cmake/stm32cubemx/CMakeFiles/STM32_Drivers.dir/__/__/Core/Src/system_stm32f4xx.c.obj
LOAD cmake/stm32cubemx/CMakeFiles/STM32_Drivers.dir/__/__/Drivers/STM32F4xx_HAL_Driver/Src/stm32f4xx_hal_rcc.c.obj
LOAD cmake/stm32cubemx/CMakeFiles/STM32_Drivers.dir/__/__/Drivers/STM32F4xx_HAL_Driver/Src/stm32f4xx_hal_rcc_ex.c.obj
LOAD cmake/stm32cubemx/CMakeFiles/STM32_Drivers.dir/__/__/Drivers/STM32F4xx_HAL_Driver/Src/stm32f4xx_hal_flash.c.obj
LOAD cmake/stm32cubemx/CMakeFiles/STM32_Drivers.dir/__/__/Drivers/STM32F4xx_HAL_Driver/Src/stm32f4xx_hal_flash_ex.c.obj
LOAD cmake/stm32cubemx/CMakeFiles/STM32_Drivers.dir/__/__/Drivers/STM32F4xx_HAL_Driver/Src/stm32f4xx_hal_flash_ramfunc.c.obj
LOAD cmake/stm32cubemx/CMakeFiles/STM32_Drivers.dir/__/__/Drivers/STM32F4xx_HAL_Driver/Src/stm32f4xx_hal_gpio.c.obj
LOAD cmake/stm32cubemx/CMakeFiles/STM32_Drivers.dir/__/__/Drivers/STM32F4xx_HAL_Driver/Src/stm32f4xx_hal_dma_ex.c.obj
LOAD cmake/stm32cubemx/CMakeFiles/STM32_Drivers.dir/__/__/Drivers/STM32F4xx_HAL_Driver/Src/stm32f4xx_hal_dma.c.obj
LOAD cmake/stm32cubemx/CMakeFiles/STM32_Drivers.dir/__/__/Drivers/STM32F4xx_HAL_Driver/Src/stm32f4xx_hal_pwr.c.obj
LOAD cmake/stm32cubemx/CMakeFiles/STM32_Drivers.dir/__/__/Drivers/STM32F4xx_HAL_Driver/Src/stm32f4xx_hal_pwr_ex.c.obj
LOAD cmake/stm32cubemx/CMakeFiles/STM32_Drivers.dir/__/__/Drivers/STM32F4xx_HAL_Driver/Src/stm32f4xx_hal_cortex.c.obj
LOAD cmake/stm32cubemx/CMakeFiles/STM32_Drivers.dir/__/__/Drivers/STM32F4xx_HAL_Driver/Src/stm32f4xx_hal.c.obj
LOAD cmake/stm32cubemx/CMakeFiles/STM32_Drivers.dir/__/__/Drivers/STM32F4xx_HAL_Driver/Src/stm32f4xx_hal_exti.c.obj
LOAD cmake/stm32cubemx/CMakeFiles/STM32_Drivers.dir/__/__/Drivers/STM32F4xx_HAL_Driver/Src/stm32f4xx_hal_i2c.c.obj
LOAD cmake/stm32cubemx/CMakeFiles/STM32_Drivers.dir/__/__/Drivers/STM32F4xx_HAL_Driver/Src/stm32f4xx_hal_i2c_ex.c.obj
LOAD cmake/stm32cubemx/CMakeFiles/STM32_Drivers.dir/__/__/Drivers/STM32F4xx_HAL_Driver/Src/stm32f4xx_hal_tim.c.obj
LOAD cmake/stm32cubemx/CMakeFiles/STM32_Drivers.dir/__/__/Drivers/STM32F4xx_HAL_Driver/Src/stm32f4xx_hal_tim_ex.c.obj
LOAD cmake/stm32cubemx/CMakeFiles/STM32_Drivers.dir/__/__/Drivers/STM32F4xx_HAL_Driver/Src/stm32f4xx_hal_uart.c.obj
LOAD cmake/stm32cubemx/CMakeFiles/FreeRTOS.dir/__/__/Middlewares/Third_Party/FreeRTOS/Source/croutine.c.obj
LOAD cmake/stm32cubemx/CMakeFiles/FreeRTOS.dir/__/__/Middlewares/Third_Party/FreeRTOS/Source/event_groups.c.obj
LOAD cmake/stm32cubemx/CMakeFiles/FreeRTOS.dir/__/__/Middlewares/Third_Party/FreeRTOS/Source/list.c.obj
LOAD cmake/stm32cubemx/CMakeFiles/FreeRTOS.dir/__/__/Middlewares/Third_Party/FreeRTOS/Source/queue.c.obj
LOAD cmake/stm32cubemx/CMakeFiles/FreeRTOS.dir/__/__/Middlewares/Third_Party/FreeRTOS/Source/stream_buffer.c.obj
LOAD cmake/stm32cubemx/CMakeFiles/FreeRTOS.dir/__/__/Middlewares/Third_Party/FreeRTOS/Source/tasks.c.obj
LOAD cmake/stm32cubemx/CMakeFiles/FreeRTOS.dir/__/__/Middlewares/Third_Party/FreeRTOS/Source/timers.c.obj
LOAD cmake/stm32cubemx/CMakeFiles/FreeRTOS.dir/__/__/Middlewares/Third_Party/FreeRTOS/Source/CMSIS_RTOS_V2/cmsis_os2.c.obj
LOAD cmake/stm32cubemx/CMakeFiles/FreeRTOS.dir/__/__/Middlewares/Third_Party/FreeRTOS/Source/portable/MemMang/heap_4.c.obj
LOAD cmake/stm32cubemx/CMakeFiles/FreeRTOS.dir/__/__/Middlewares/Third_Party/FreeRTOS/Source/portable/GCC/ARM_CM4F/port.c.obj
START GROUP
LOAD d:/toolchain/gun_arm_embedded/bin/../lib/gcc/arm-none-eabi/10.3.1/thumb/v7e-m+fp/hard\libgcc.a
LOAD d:/toolchain/gun_arm_embedded/bin/../lib/gcc/arm-none-eabi/10.3.1/../../../../arm-none-eabi/lib/thumb/v7e-m+fp/hard\libg_nano.a
LOAD d:/toolchain/gun_arm_embedded/bin/../lib/gcc/arm-none-eabi/10.3.1/../../../../arm-none-eabi/lib/thumb/v7e-m+fp/hard\libc_nano.a
END GROUP
START GROUP
LOAD d:/toolchain/gun_arm_embedded/bin/../lib/gcc/arm-none-eabi/10.3.1/thumb/v7e-m+fp/hard\libgcc.a
LOAD d:/toolchain/gun_arm_embedded/bin/../lib/gcc/arm-none-eabi/10.3.1/../../../../arm-none-eabi/lib/thumb/v7e-m+fp/hard\libc_nano.a
END GROUP
LOAD d:/toolchain/gun_arm_embedded/bin/../lib/gcc/arm-none-eabi/10.3.1/thumb/v7e-m+fp/hard/crtend.o
LOAD d:/toolchain/gun_arm_embedded/bin/../lib/gcc/arm-none-eabi/10.3.1/thumb/v7e-m+fp/hard/crtn.o
                0x20020000                _estack = (ORIGIN (RAM) + LENGTH (RAM))
                0x00000200                _Min_Heap_Size = 0x200
                0x00000400                _Min_Stack_Size = 0x400

.isr_vector     0x08000000      0x188
                0x08000000                . = ALIGN (0x4)
 *(.isr_vector)
 .isr_vector    0x08000000      0x188 CMakeFiles/zgt6test.dir/startup_stm32f407xx.s.obj
                0x08000000                g_pfnVectors
                0x08000188                . = ALIGN (0x4)

.text           0x08000190     0xca28
                0x08000190                . = ALIGN (0x4)
 *(.text)
 .text          0x08000190       0x40 d:/toolchain/gun_arm_embedded/bin/../lib/gcc/arm-none-eabi/10.3.1/thumb/v7e-m+fp/hard/crtbegin.o
 .text          0x080001d0       0x10 d:/toolchain/gun_arm_embedded/bin/../lib/gcc/arm-none-eabi/10.3.1/../../../../arm-none-eabi/lib/thumb/v7e-m+fp/hard\libc_nano.a(lib_a-strlen.o)
                0x080001d0                strlen
 .text          0x080001e0       0xa0 d:/toolchain/gun_arm_embedded/bin/../lib/gcc/arm-none-eabi/10.3.1/../../../../arm-none-eabi/lib/thumb/v7e-m+fp/hard\libc_nano.a(lib_a-memchr.o)
                0x080001e0                memchr
 .text          0x08000280      0x378 d:/toolchain/gun_arm_embedded/bin/../lib/gcc/arm-none-eabi/10.3.1/thumb/v7e-m+fp/hard\libgcc.a(_arm_addsubdf3.o)
                0x08000280                __aeabi_drsub
                0x08000288                __aeabi_dsub
                0x08000288                __subdf3
                0x0800028c                __aeabi_dadd
                0x0800028c                __adddf3
                0x08000504                __floatunsidf
                0x08000504                __aeabi_ui2d
                0x08000524                __floatsidf
                0x08000524                __aeabi_i2d
                0x08000548                __aeabi_f2d
                0x08000548                __extendsfdf2
                0x0800058c                __floatundidf
                0x0800058c                __aeabi_ul2d
                0x0800059c                __floatdidf
                0x0800059c                __aeabi_l2d
 .text          0x080005f8      0x424 d:/toolchain/gun_arm_embedded/bin/../lib/gcc/arm-none-eabi/10.3.1/thumb/v7e-m+fp/hard\libgcc.a(_arm_muldivdf3.o)
                0x080005f8                __aeabi_dmul
                0x080005f8                __muldf3
                0x0800084c                __divdf3
                0x0800084c                __aeabi_ddiv
 .text          0x08000a1c      0x110 d:/toolchain/gun_arm_embedded/bin/../lib/gcc/arm-none-eabi/10.3.1/thumb/v7e-m+fp/hard\libgcc.a(_arm_cmpdf2.o)
                0x08000a1c                __gtdf2
                0x08000a1c                __gedf2
                0x08000a24                __ltdf2
                0x08000a24                __ledf2
                0x08000a2c                __nedf2
                0x08000a2c                __eqdf2
                0x08000a2c                __cmpdf2
                0x08000aa8                __aeabi_cdrcmple
                0x08000ab8                __aeabi_cdcmpeq
                0x08000ab8                __aeabi_cdcmple
                0x08000ac8                __aeabi_dcmpeq
                0x08000adc                __aeabi_dcmplt
                0x08000af0                __aeabi_dcmple
                0x08000b04                __aeabi_dcmpge
                0x08000b18                __aeabi_dcmpgt
 .text          0x08000b2c       0x2c d:/toolchain/gun_arm_embedded/bin/../lib/gcc/arm-none-eabi/10.3.1/thumb/v7e-m+fp/hard\libgcc.a(_arm_unorddf2.o)
                0x08000b2c                __unorddf2
                0x08000b2c                __aeabi_dcmpun
 .text          0x08000b58       0x50 d:/toolchain/gun_arm_embedded/bin/../lib/gcc/arm-none-eabi/10.3.1/thumb/v7e-m+fp/hard\libgcc.a(_arm_fixdfsi.o)
                0x08000b58                __aeabi_d2iz
                0x08000b58                __fixdfsi
 .text          0x08000ba8       0x30 d:/toolchain/gun_arm_embedded/bin/../lib/gcc/arm-none-eabi/10.3.1/thumb/v7e-m+fp/hard\libgcc.a(_aeabi_uldivmod.o)
                0x08000ba8                __aeabi_uldivmod
 .text          0x08000bd8      0x2d0 d:/toolchain/gun_arm_embedded/bin/../lib/gcc/arm-none-eabi/10.3.1/thumb/v7e-m+fp/hard\libgcc.a(_udivmoddi4.o)
                0x08000bd8                __udivmoddi4
 .text          0x08000ea8        0x4 d:/toolchain/gun_arm_embedded/bin/../lib/gcc/arm-none-eabi/10.3.1/thumb/v7e-m+fp/hard\libgcc.a(_dvmd_tls.o)
                0x08000ea8                __aeabi_idiv0
                0x08000ea8                __aeabi_ldiv0
 *(.text*)
 .text.__libc_init_array
                0x08000eac       0x48 d:/toolchain/gun_arm_embedded/bin/../lib/gcc/arm-none-eabi/10.3.1/../../../../arm-none-eabi/lib/thumb/v7e-m+fp/hard\libc_nano.a(lib_a-init.o)
                0x08000eac                __libc_init_array
 .text.memset   0x08000ef4       0x10 d:/toolchain/gun_arm_embedded/bin/../lib/gcc/arm-none-eabi/10.3.1/../../../../arm-none-eabi/lib/thumb/v7e-m+fp/hard\libc_nano.a(lib_a-memset.o)
                0x08000ef4                memset
 .text.__cvt    0x08000f04       0xc4 d:/toolchain/gun_arm_embedded/bin/../lib/gcc/arm-none-eabi/10.3.1/../../../../arm-none-eabi/lib/thumb/v7e-m+fp/hard\libc_nano.a(lib_a-nano-vfprintf_float.o)
                0x08000f04                __cvt
 .text.__exponent
                0x08000fc8       0x7c d:/toolchain/gun_arm_embedded/bin/../lib/gcc/arm-none-eabi/10.3.1/../../../../arm-none-eabi/lib/thumb/v7e-m+fp/hard\libc_nano.a(lib_a-nano-vfprintf_float.o)
                0x08000fc8                __exponent
 .text._printf_float
                0x08001044      0x46c d:/toolchain/gun_arm_embedded/bin/../lib/gcc/arm-none-eabi/10.3.1/../../../../arm-none-eabi/lib/thumb/v7e-m+fp/hard\libc_nano.a(lib_a-nano-vfprintf_float.o)
                0x08001044                _printf_float
 .text._printf_common
                0x080014b0       0xda d:/toolchain/gun_arm_embedded/bin/../lib/gcc/arm-none-eabi/10.3.1/../../../../arm-none-eabi/lib/thumb/v7e-m+fp/hard\libc_nano.a(lib_a-nano-vfprintf_i.o)
                0x080014b0                _printf_common
 *fill*         0x0800158a        0x2 
 .text._printf_i
                0x0800158c      0x24c d:/toolchain/gun_arm_embedded/bin/../lib/gcc/arm-none-eabi/10.3.1/../../../../arm-none-eabi/lib/thumb/v7e-m+fp/hard\libc_nano.a(lib_a-nano-vfprintf_i.o)
                0x0800158c                _printf_i
 .text.quorem   0x080017d8      0x116 d:/toolchain/gun_arm_embedded/bin/../lib/gcc/arm-none-eabi/10.3.1/../../../../arm-none-eabi/lib/thumb/v7e-m+fp/hard\libc_nano.a(lib_a-dtoa.o)
 *fill*         0x080018ee        0x2 
 .text._dtoa_r  0x080018f0      0xbdc d:/toolchain/gun_arm_embedded/bin/../lib/gcc/arm-none-eabi/10.3.1/../../../../arm-none-eabi/lib/thumb/v7e-m+fp/hard\libc_nano.a(lib_a-dtoa.o)
                0x080018f0                _dtoa_r
 .text._localeconv_r
                0x080024cc        0x8 d:/toolchain/gun_arm_embedded/bin/../lib/gcc/arm-none-eabi/10.3.1/../../../../arm-none-eabi/lib/thumb/v7e-m+fp/hard\libc_nano.a(lib_a-localeconv.o)
                0x080024cc                _localeconv_r
 .text.malloc   0x080024d4       0x10 d:/toolchain/gun_arm_embedded/bin/../lib/gcc/arm-none-eabi/10.3.1/../../../../arm-none-eabi/lib/thumb/v7e-m+fp/hard\libc_nano.a(lib_a-malloc.o)
                0x080024d4                malloc
 .text.memcpy   0x080024e4       0x1c d:/toolchain/gun_arm_embedded/bin/../lib/gcc/arm-none-eabi/10.3.1/../../../../arm-none-eabi/lib/thumb/v7e-m+fp/hard\libc_nano.a(lib_a-memcpy-stub.o)
                0x080024e4                memcpy
 .text._Balloc  0x08002500       0x80 d:/toolchain/gun_arm_embedded/bin/../lib/gcc/arm-none-eabi/10.3.1/../../../../arm-none-eabi/lib/thumb/v7e-m+fp/hard\libc_nano.a(lib_a-mprec.o)
                0x08002500                _Balloc
 .text._Bfree   0x08002580       0x44 d:/toolchain/gun_arm_embedded/bin/../lib/gcc/arm-none-eabi/10.3.1/../../../../arm-none-eabi/lib/thumb/v7e-m+fp/hard\libc_nano.a(lib_a-mprec.o)
                0x08002580                _Bfree
 .text.__multadd
                0x080025c4       0x8c d:/toolchain/gun_arm_embedded/bin/../lib/gcc/arm-none-eabi/10.3.1/../../../../arm-none-eabi/lib/thumb/v7e-m+fp/hard\libc_nano.a(lib_a-mprec.o)
                0x080025c4                __multadd
 .text.__hi0bits
                0x08002650       0x40 d:/toolchain/gun_arm_embedded/bin/../lib/gcc/arm-none-eabi/10.3.1/../../../../arm-none-eabi/lib/thumb/v7e-m+fp/hard\libc_nano.a(lib_a-mprec.o)
                0x08002650                __hi0bits
 .text.__lo0bits
                0x08002690       0x5e d:/toolchain/gun_arm_embedded/bin/../lib/gcc/arm-none-eabi/10.3.1/../../../../arm-none-eabi/lib/thumb/v7e-m+fp/hard\libc_nano.a(lib_a-mprec.o)
                0x08002690                __lo0bits
 *fill*         0x080026ee        0x2 
 .text.__i2b    0x080026f0       0x2c d:/toolchain/gun_arm_embedded/bin/../lib/gcc/arm-none-eabi/10.3.1/../../../../arm-none-eabi/lib/thumb/v7e-m+fp/hard\libc_nano.a(lib_a-mprec.o)
                0x080026f0                __i2b
 .text.__multiply
                0x0800271c      0x154 d:/toolchain/gun_arm_embedded/bin/../lib/gcc/arm-none-eabi/10.3.1/../../../../arm-none-eabi/lib/thumb/v7e-m+fp/hard\libc_nano.a(lib_a-mprec.o)
                0x0800271c                __multiply
 .text.__pow5mult
                0x08002870       0xb4 d:/toolchain/gun_arm_embedded/bin/../lib/gcc/arm-none-eabi/10.3.1/../../../../arm-none-eabi/lib/thumb/v7e-m+fp/hard\libc_nano.a(lib_a-mprec.o)
                0x08002870                __pow5mult
 .text.__lshift
                0x08002924       0xe0 d:/toolchain/gun_arm_embedded/bin/../lib/gcc/arm-none-eabi/10.3.1/../../../../arm-none-eabi/lib/thumb/v7e-m+fp/hard\libc_nano.a(lib_a-mprec.o)
                0x08002924                __lshift
 .text.__mcmp   0x08002a04       0x38 d:/toolchain/gun_arm_embedded/bin/../lib/gcc/arm-none-eabi/10.3.1/../../../../arm-none-eabi/lib/thumb/v7e-m+fp/hard\libc_nano.a(lib_a-mprec.o)
                0x08002a04                __mcmp
 .text.__mdiff  0x08002a3c      0x114 d:/toolchain/gun_arm_embedded/bin/../lib/gcc/arm-none-eabi/10.3.1/../../../../arm-none-eabi/lib/thumb/v7e-m+fp/hard\libc_nano.a(lib_a-mprec.o)
                0x08002a3c                __mdiff
 .text.__d2b    0x08002b50       0xb8 d:/toolchain/gun_arm_embedded/bin/../lib/gcc/arm-none-eabi/10.3.1/../../../../arm-none-eabi/lib/thumb/v7e-m+fp/hard\libc_nano.a(lib_a-mprec.o)
                0x08002b50                __d2b
 .text._calloc_r
                0x08002c08       0x2c d:/toolchain/gun_arm_embedded/bin/../lib/gcc/arm-none-eabi/10.3.1/../../../../arm-none-eabi/lib/thumb/v7e-m+fp/hard\libc_nano.a(lib_a-nano-callocr.o)
                0x08002c08                _calloc_r
 .text._free_r  0x08002c34       0x98 d:/toolchain/gun_arm_embedded/bin/../lib/gcc/arm-none-eabi/10.3.1/../../../../arm-none-eabi/lib/thumb/v7e-m+fp/hard\libc_nano.a(lib_a-nano-freer.o)
                0x08002c34                _free_r
 .text.sbrk_aligned
                0x08002ccc       0x40 d:/toolchain/gun_arm_embedded/bin/../lib/gcc/arm-none-eabi/10.3.1/../../../../arm-none-eabi/lib/thumb/v7e-m+fp/hard\libc_nano.a(lib_a-nano-mallocr.o)
 .text._malloc_r
                0x08002d0c       0xe8 d:/toolchain/gun_arm_embedded/bin/../lib/gcc/arm-none-eabi/10.3.1/../../../../arm-none-eabi/lib/thumb/v7e-m+fp/hard\libc_nano.a(lib_a-nano-mallocr.o)
                0x08002d0c                _malloc_r
 .text._sbrk_r  0x08002df4       0x20 d:/toolchain/gun_arm_embedded/bin/../lib/gcc/arm-none-eabi/10.3.1/../../../../arm-none-eabi/lib/thumb/v7e-m+fp/hard\libc_nano.a(lib_a-sbrkr.o)
                0x08002df4                _sbrk_r
 .text.__assert_func
                0x08002e14       0x3c d:/toolchain/gun_arm_embedded/bin/../lib/gcc/arm-none-eabi/10.3.1/../../../../arm-none-eabi/lib/thumb/v7e-m+fp/hard\libc_nano.a(lib_a-assert.o)
                0x08002e14                __assert_func
 .text.fprintf  0x08002e50       0x24 d:/toolchain/gun_arm_embedded/bin/../lib/gcc/arm-none-eabi/10.3.1/../../../../arm-none-eabi/lib/thumb/v7e-m+fp/hard\libc_nano.a(lib_a-fprintf.o)
                0x08002e50                fiprintf
                0x08002e50                fprintf
 .text.__ascii_mbtowc
                0x08002e74       0x24 d:/toolchain/gun_arm_embedded/bin/../lib/gcc/arm-none-eabi/10.3.1/../../../../arm-none-eabi/lib/thumb/v7e-m+fp/hard\libc_nano.a(lib_a-mbtowc_r.o)
                0x08002e74                __ascii_mbtowc
 .text.__malloc_lock
                0x08002e98        0xc d:/toolchain/gun_arm_embedded/bin/../lib/gcc/arm-none-eabi/10.3.1/../../../../arm-none-eabi/lib/thumb/v7e-m+fp/hard\libc_nano.a(lib_a-mlock.o)
                0x08002e98                __malloc_lock
 .text.__malloc_unlock
                0x08002ea4        0xc d:/toolchain/gun_arm_embedded/bin/../lib/gcc/arm-none-eabi/10.3.1/../../../../arm-none-eabi/lib/thumb/v7e-m+fp/hard\libc_nano.a(lib_a-mlock.o)
                0x08002ea4                __malloc_unlock
 .text.__sfputc_r
                0x08002eb0       0x2e d:/toolchain/gun_arm_embedded/bin/../lib/gcc/arm-none-eabi/10.3.1/../../../../arm-none-eabi/lib/thumb/v7e-m+fp/hard\libc_nano.a(lib_a-nano-vfprintf.o)
 .text.__sfputs_r
                0x08002ede       0x24 d:/toolchain/gun_arm_embedded/bin/../lib/gcc/arm-none-eabi/10.3.1/../../../../arm-none-eabi/lib/thumb/v7e-m+fp/hard\libc_nano.a(lib_a-nano-vfprintf.o)
                0x08002ede                __sfputs_r
 *fill*         0x08002f02        0x2 
 .text._vfprintf_r
                0x08002f04      0x260 d:/toolchain/gun_arm_embedded/bin/../lib/gcc/arm-none-eabi/10.3.1/../../../../arm-none-eabi/lib/thumb/v7e-m+fp/hard\libc_nano.a(lib_a-nano-vfprintf.o)
                0x08002f04                _vfprintf_r
                0x08002f04                _vfiprintf_r
 .text.__swbuf_r
                0x08003164       0xa4 d:/toolchain/gun_arm_embedded/bin/../lib/gcc/arm-none-eabi/10.3.1/../../../../arm-none-eabi/lib/thumb/v7e-m+fp/hard\libc_nano.a(lib_a-wbuf.o)
                0x08003164                __swbuf_r
 .text.__ascii_wctomb
                0x08003208       0x1a d:/toolchain/gun_arm_embedded/bin/../lib/gcc/arm-none-eabi/10.3.1/../../../../arm-none-eabi/lib/thumb/v7e-m+fp/hard\libc_nano.a(lib_a-wctomb_r.o)
                0x08003208                __ascii_wctomb
 *fill*         0x08003222        0x2 
 .text.__swsetup_r
                0x08003224       0xdc d:/toolchain/gun_arm_embedded/bin/../lib/gcc/arm-none-eabi/10.3.1/../../../../arm-none-eabi/lib/thumb/v7e-m+fp/hard\libc_nano.a(lib_a-wsetup.o)
                0x08003224                __swsetup_r
 .text.abort    0x08003300        0xe d:/toolchain/gun_arm_embedded/bin/../lib/gcc/arm-none-eabi/10.3.1/../../../../arm-none-eabi/lib/thumb/v7e-m+fp/hard\libc_nano.a(lib_a-abort.o)
                0x08003300                abort
 *fill*         0x0800330e        0x2 
 .text.__sflush_r
                0x08003310      0x10c d:/toolchain/gun_arm_embedded/bin/../lib/gcc/arm-none-eabi/10.3.1/../../../../arm-none-eabi/lib/thumb/v7e-m+fp/hard\libc_nano.a(lib_a-fflush.o)
                0x08003310                __sflush_r
 .text._fflush_r
                0x0800341c       0x78 d:/toolchain/gun_arm_embedded/bin/../lib/gcc/arm-none-eabi/10.3.1/../../../../arm-none-eabi/lib/thumb/v7e-m+fp/hard\libc_nano.a(lib_a-fflush.o)
                0x0800341c                _fflush_r
 .text.std      0x08003494       0x48 d:/toolchain/gun_arm_embedded/bin/../lib/gcc/arm-none-eabi/10.3.1/../../../../arm-none-eabi/lib/thumb/v7e-m+fp/hard\libc_nano.a(lib_a-findfp.o)
 .text._cleanup_r
                0x080034dc        0xc d:/toolchain/gun_arm_embedded/bin/../lib/gcc/arm-none-eabi/10.3.1/../../../../arm-none-eabi/lib/thumb/v7e-m+fp/hard\libc_nano.a(lib_a-findfp.o)
                0x080034dc                _cleanup_r
 .text.__sfmoreglue
                0x080034e8       0x2c d:/toolchain/gun_arm_embedded/bin/../lib/gcc/arm-none-eabi/10.3.1/../../../../arm-none-eabi/lib/thumb/v7e-m+fp/hard\libc_nano.a(lib_a-findfp.o)
                0x080034e8                __sfmoreglue
 .text.__sfp_lock_acquire
                0x08003514        0xc d:/toolchain/gun_arm_embedded/bin/../lib/gcc/arm-none-eabi/10.3.1/../../../../arm-none-eabi/lib/thumb/v7e-m+fp/hard\libc_nano.a(lib_a-findfp.o)
                0x08003514                __sfp_lock_acquire
 .text.__sfp_lock_release
                0x08003520        0xc d:/toolchain/gun_arm_embedded/bin/../lib/gcc/arm-none-eabi/10.3.1/../../../../arm-none-eabi/lib/thumb/v7e-m+fp/hard\libc_nano.a(lib_a-findfp.o)
                0x08003520                __sfp_lock_release
 .text.__sinit_lock_acquire
                0x0800352c        0xc d:/toolchain/gun_arm_embedded/bin/../lib/gcc/arm-none-eabi/10.3.1/../../../../arm-none-eabi/lib/thumb/v7e-m+fp/hard\libc_nano.a(lib_a-findfp.o)
                0x0800352c                __sinit_lock_acquire
 .text.__sinit_lock_release
                0x08003538        0xc d:/toolchain/gun_arm_embedded/bin/../lib/gcc/arm-none-eabi/10.3.1/../../../../arm-none-eabi/lib/thumb/v7e-m+fp/hard\libc_nano.a(lib_a-findfp.o)
                0x08003538                __sinit_lock_release
 .text.__sinit  0x08003544       0x70 d:/toolchain/gun_arm_embedded/bin/../lib/gcc/arm-none-eabi/10.3.1/../../../../arm-none-eabi/lib/thumb/v7e-m+fp/hard\libc_nano.a(lib_a-findfp.o)
                0x08003544                __sinit
 .text.__sfp    0x080035b4       0x8c d:/toolchain/gun_arm_embedded/bin/../lib/gcc/arm-none-eabi/10.3.1/../../../../arm-none-eabi/lib/thumb/v7e-m+fp/hard\libc_nano.a(lib_a-findfp.o)
                0x080035b4                __sfp
 .text._fwalk_reent
                0x08003640       0x3e d:/toolchain/gun_arm_embedded/bin/../lib/gcc/arm-none-eabi/10.3.1/../../../../arm-none-eabi/lib/thumb/v7e-m+fp/hard\libc_nano.a(lib_a-fwalk.o)
                0x08003640                _fwalk_reent
 .text.__retarget_lock_init_recursive
                0x0800367e        0x2 d:/toolchain/gun_arm_embedded/bin/../lib/gcc/arm-none-eabi/10.3.1/../../../../arm-none-eabi/lib/thumb/v7e-m+fp/hard\libc_nano.a(lib_a-lock.o)
                0x0800367e                __retarget_lock_init_recursive
 .text.__retarget_lock_acquire_recursive
                0x08003680        0x2 d:/toolchain/gun_arm_embedded/bin/../lib/gcc/arm-none-eabi/10.3.1/../../../../arm-none-eabi/lib/thumb/v7e-m+fp/hard\libc_nano.a(lib_a-lock.o)
                0x08003680                __retarget_lock_acquire_recursive
 .text.__retarget_lock_release_recursive
                0x08003682        0x2 d:/toolchain/gun_arm_embedded/bin/../lib/gcc/arm-none-eabi/10.3.1/../../../../arm-none-eabi/lib/thumb/v7e-m+fp/hard\libc_nano.a(lib_a-lock.o)
                0x08003682                __retarget_lock_release_recursive
 .text.__swhatbuf_r
                0x08003684       0x4a d:/toolchain/gun_arm_embedded/bin/../lib/gcc/arm-none-eabi/10.3.1/../../../../arm-none-eabi/lib/thumb/v7e-m+fp/hard\libc_nano.a(lib_a-makebuf.o)
                0x08003684                __swhatbuf_r
 *fill*         0x080036ce        0x2 
 .text.__smakebuf_r
                0x080036d0       0x80 d:/toolchain/gun_arm_embedded/bin/../lib/gcc/arm-none-eabi/10.3.1/../../../../arm-none-eabi/lib/thumb/v7e-m+fp/hard\libc_nano.a(lib_a-makebuf.o)
                0x080036d0                __smakebuf_r
 .text._raise_r
                0x08003750       0x50 d:/toolchain/gun_arm_embedded/bin/../lib/gcc/arm-none-eabi/10.3.1/../../../../arm-none-eabi/lib/thumb/v7e-m+fp/hard\libc_nano.a(lib_a-signal.o)
                0x08003750                _raise_r
 .text.raise    0x080037a0       0x10 d:/toolchain/gun_arm_embedded/bin/../lib/gcc/arm-none-eabi/10.3.1/../../../../arm-none-eabi/lib/thumb/v7e-m+fp/hard\libc_nano.a(lib_a-signal.o)
                0x080037a0                raise
 .text._kill_r  0x080037b0       0x24 d:/toolchain/gun_arm_embedded/bin/../lib/gcc/arm-none-eabi/10.3.1/../../../../arm-none-eabi/lib/thumb/v7e-m+fp/hard\libc_nano.a(lib_a-signalr.o)
                0x080037b0                _kill_r
 .text._getpid_r
                0x080037d4        0x4 d:/toolchain/gun_arm_embedded/bin/../lib/gcc/arm-none-eabi/10.3.1/../../../../arm-none-eabi/lib/thumb/v7e-m+fp/hard\libc_nano.a(lib_a-signalr.o)
                0x080037d4                _getpid_r
 .text.__sread  0x080037d8       0x22 d:/toolchain/gun_arm_embedded/bin/../lib/gcc/arm-none-eabi/10.3.1/../../../../arm-none-eabi/lib/thumb/v7e-m+fp/hard\libc_nano.a(lib_a-stdio.o)
                0x080037d8                __sread
 .text.__swrite
                0x080037fa       0x38 d:/toolchain/gun_arm_embedded/bin/../lib/gcc/arm-none-eabi/10.3.1/../../../../arm-none-eabi/lib/thumb/v7e-m+fp/hard\libc_nano.a(lib_a-stdio.o)
                0x080037fa                __swrite
 .text.__sseek  0x08003832       0x24 d:/toolchain/gun_arm_embedded/bin/../lib/gcc/arm-none-eabi/10.3.1/../../../../arm-none-eabi/lib/thumb/v7e-m+fp/hard\libc_nano.a(lib_a-stdio.o)
                0x08003832                __sseek
 .text.__sclose
                0x08003856        0x8 d:/toolchain/gun_arm_embedded/bin/../lib/gcc/arm-none-eabi/10.3.1/../../../../arm-none-eabi/lib/thumb/v7e-m+fp/hard\libc_nano.a(lib_a-stdio.o)
                0x08003856                __sclose
 *fill*         0x0800385e        0x2 
 .text._write_r
                0x08003860       0x24 d:/toolchain/gun_arm_embedded/bin/../lib/gcc/arm-none-eabi/10.3.1/../../../../arm-none-eabi/lib/thumb/v7e-m+fp/hard\libc_nano.a(lib_a-writer.o)
                0x08003860                _write_r
 .text._close_r
                0x08003884       0x20 d:/toolchain/gun_arm_embedded/bin/../lib/gcc/arm-none-eabi/10.3.1/../../../../arm-none-eabi/lib/thumb/v7e-m+fp/hard\libc_nano.a(lib_a-closer.o)
                0x08003884                _close_r
 .text._fstat_r
                0x080038a4       0x24 d:/toolchain/gun_arm_embedded/bin/../lib/gcc/arm-none-eabi/10.3.1/../../../../arm-none-eabi/lib/thumb/v7e-m+fp/hard\libc_nano.a(lib_a-fstatr.o)
                0x080038a4                _fstat_r
 .text._isatty_r
                0x080038c8       0x20 d:/toolchain/gun_arm_embedded/bin/../lib/gcc/arm-none-eabi/10.3.1/../../../../arm-none-eabi/lib/thumb/v7e-m+fp/hard\libc_nano.a(lib_a-isattyr.o)
                0x080038c8                _isatty_r
 .text._lseek_r
                0x080038e8       0x24 d:/toolchain/gun_arm_embedded/bin/../lib/gcc/arm-none-eabi/10.3.1/../../../../arm-none-eabi/lib/thumb/v7e-m+fp/hard\libc_nano.a(lib_a-lseekr.o)
                0x080038e8                _lseek_r
 .text._read_r  0x0800390c       0x24 d:/toolchain/gun_arm_embedded/bin/../lib/gcc/arm-none-eabi/10.3.1/../../../../arm-none-eabi/lib/thumb/v7e-m+fp/hard\libc_nano.a(lib_a-readr.o)
                0x0800390c                _read_r
 .text.main     0x08003930       0x42 CMakeFiles/zgt6test.dir/Core/Src/main.c.obj
                0x08003930                main
 *fill*         0x08003972        0x2 
 .text.SystemClock_Config
                0x08003974       0xd4 CMakeFiles/zgt6test.dir/Core/Src/main.c.obj
                0x08003974                SystemClock_Config
 .text.Error_Handler
                0x08003a48        0xa CMakeFiles/zgt6test.dir/Core/Src/main.c.obj
                0x08003a48                Error_Handler
 *fill*         0x08003a52        0x2 
 .text.MX_GPIO_Init
                0x08003a54      0x168 CMakeFiles/zgt6test.dir/Core/Src/gpio.c.obj
                0x08003a54                MX_GPIO_Init
 .text.MX_FREERTOS_Init
                0x08003bbc       0x40 CMakeFiles/zgt6test.dir/Core/Src/freertos.c.obj
                0x08003bbc                MX_FREERTOS_Init
 .text.StartDefaultTask
                0x08003bfc       0x10 CMakeFiles/zgt6test.dir/Core/Src/freertos.c.obj
                0x08003bfc                StartDefaultTask
 .text.MX_I2C1_Init
                0x08003c0c       0x5c CMakeFiles/zgt6test.dir/Core/Src/i2c.c.obj
                0x08003c0c                MX_I2C1_Init
 .text.MX_I2C2_Init
                0x08003c68       0x5c CMakeFiles/zgt6test.dir/Core/Src/i2c.c.obj
                0x08003c68                MX_I2C2_Init
 .text.HAL_I2C_MspInit
                0x08003cc4       0xf8 CMakeFiles/zgt6test.dir/Core/Src/i2c.c.obj
                0x08003cc4                HAL_I2C_MspInit
 .text.MX_TIM1_Init
                0x08003dbc       0xb0 CMakeFiles/zgt6test.dir/Core/Src/tim.c.obj
                0x08003dbc                MX_TIM1_Init
 .text.MX_TIM2_Init
                0x08003e6c       0xa8 CMakeFiles/zgt6test.dir/Core/Src/tim.c.obj
                0x08003e6c                MX_TIM2_Init
 .text.MX_TIM3_Init
                0x08003f14      0x130 CMakeFiles/zgt6test.dir/Core/Src/tim.c.obj
                0x08003f14                MX_TIM3_Init
 .text.MX_TIM4_Init
                0x08004044       0xa8 CMakeFiles/zgt6test.dir/Core/Src/tim.c.obj
                0x08004044                MX_TIM4_Init
 .text.MX_TIM8_Init
                0x080040ec       0xb0 CMakeFiles/zgt6test.dir/Core/Src/tim.c.obj
                0x080040ec                MX_TIM8_Init
 .text.MX_TIM13_Init
                0x0800419c       0x9c CMakeFiles/zgt6test.dir/Core/Src/tim.c.obj
                0x0800419c                MX_TIM13_Init
 .text.HAL_TIM_Encoder_MspInit
                0x08004238      0x1d4 CMakeFiles/zgt6test.dir/Core/Src/tim.c.obj
                0x08004238                HAL_TIM_Encoder_MspInit
 .text.HAL_TIM_Base_MspInit
                0x0800440c       0x70 CMakeFiles/zgt6test.dir/Core/Src/tim.c.obj
                0x0800440c                HAL_TIM_Base_MspInit
 .text.HAL_TIM_MspPostInit
                0x0800447c      0x104 CMakeFiles/zgt6test.dir/Core/Src/tim.c.obj
                0x0800447c                HAL_TIM_MspPostInit
 .text.MX_USART1_UART_Init
                0x08004580       0x54 CMakeFiles/zgt6test.dir/Core/Src/usart.c.obj
                0x08004580                MX_USART1_UART_Init
 .text.HAL_UART_MspInit
                0x080045d4       0xa0 CMakeFiles/zgt6test.dir/Core/Src/usart.c.obj
                0x080045d4                HAL_UART_MspInit
 .text.NMI_Handler
                0x08004674        0x6 CMakeFiles/zgt6test.dir/Core/Src/stm32f4xx_it.c.obj
                0x08004674                NMI_Handler
 .text.HardFault_Handler
                0x0800467a        0x6 CMakeFiles/zgt6test.dir/Core/Src/stm32f4xx_it.c.obj
                0x0800467a                HardFault_Handler
 .text.MemManage_Handler
                0x08004680        0x6 CMakeFiles/zgt6test.dir/Core/Src/stm32f4xx_it.c.obj
                0x08004680                MemManage_Handler
 .text.BusFault_Handler
                0x08004686        0x6 CMakeFiles/zgt6test.dir/Core/Src/stm32f4xx_it.c.obj
                0x08004686                BusFault_Handler
 .text.UsageFault_Handler
                0x0800468c        0x6 CMakeFiles/zgt6test.dir/Core/Src/stm32f4xx_it.c.obj
                0x0800468c                UsageFault_Handler
 .text.DebugMon_Handler
                0x08004692        0xe CMakeFiles/zgt6test.dir/Core/Src/stm32f4xx_it.c.obj
                0x08004692                DebugMon_Handler
 .text.SysTick_Handler
                0x080046a0       0x1a CMakeFiles/zgt6test.dir/Core/Src/stm32f4xx_it.c.obj
                0x080046a0                SysTick_Handler
 *fill*         0x080046ba        0x2 
 .text.USART1_IRQHandler
                0x080046bc       0x14 CMakeFiles/zgt6test.dir/Core/Src/stm32f4xx_it.c.obj
                0x080046bc                USART1_IRQHandler
 .text._write   0x080046d0       0x2c CMakeFiles/zgt6test.dir/Core/Src/stm32f4xx_it.c.obj
                0x080046d0                _write
 .text.HAL_MspInit
                0x080046fc       0x58 CMakeFiles/zgt6test.dir/Core/Src/stm32f4xx_hal_msp.c.obj
                0x080046fc                HAL_MspInit
 .text._sbrk    0x08004754       0x6c CMakeFiles/zgt6test.dir/Core/Src/sysmem.c.obj
                0x08004754                _sbrk
 .text._getpid  0x080047c0       0x10 CMakeFiles/zgt6test.dir/Core/Src/syscalls.c.obj
                0x080047c0                _getpid
 .text._kill    0x080047d0       0x20 CMakeFiles/zgt6test.dir/Core/Src/syscalls.c.obj
                0x080047d0                _kill
 .text._exit    0x080047f0       0x14 CMakeFiles/zgt6test.dir/Core/Src/syscalls.c.obj
                0x080047f0                _exit
 .text._read    0x08004804       0x3a CMakeFiles/zgt6test.dir/Core/Src/syscalls.c.obj
                0x08004804                _read
 .text._close   0x0800483e       0x18 CMakeFiles/zgt6test.dir/Core/Src/syscalls.c.obj
                0x0800483e                _close
 .text._fstat   0x08004856       0x20 CMakeFiles/zgt6test.dir/Core/Src/syscalls.c.obj
                0x08004856                _fstat
 .text._isatty  0x08004876       0x16 CMakeFiles/zgt6test.dir/Core/Src/syscalls.c.obj
                0x08004876                _isatty
 .text._lseek   0x0800488c       0x1a CMakeFiles/zgt6test.dir/Core/Src/syscalls.c.obj
                0x0800488c                _lseek
 *fill*         0x080048a6        0x2 
 .text.Reset_Handler
                0x080048a8       0x50 CMakeFiles/zgt6test.dir/startup_stm32f407xx.s.obj
                0x080048a8                Reset_Handler
 .text.Default_Handler
                0x080048f8        0x2 CMakeFiles/zgt6test.dir/startup_stm32f407xx.s.obj
                0x080048f8                RTC_Alarm_IRQHandler
                0x080048f8                HASH_RNG_IRQHandler
                0x080048f8                EXTI2_IRQHandler
                0x080048f8                TIM8_CC_IRQHandler
                0x080048f8                TIM1_CC_IRQHandler
                0x080048f8                DMA2_Stream5_IRQHandler
                0x080048f8                DMA1_Stream5_IRQHandler
                0x080048f8                PVD_IRQHandler
                0x080048f8                SDIO_IRQHandler
                0x080048f8                TAMP_STAMP_IRQHandler
                0x080048f8                CAN2_RX1_IRQHandler
                0x080048f8                EXTI3_IRQHandler
                0x080048f8                TIM8_TRG_COM_TIM14_IRQHandler
                0x080048f8                TIM1_UP_TIM10_IRQHandler
                0x080048f8                TIM8_UP_TIM13_IRQHandler
                0x080048f8                I2C3_ER_IRQHandler
                0x080048f8                EXTI0_IRQHandler
                0x080048f8                I2C2_EV_IRQHandler
                0x080048f8                DMA1_Stream2_IRQHandler
                0x080048f8                CAN1_RX0_IRQHandler
                0x080048f8                FPU_IRQHandler
                0x080048f8                OTG_HS_WKUP_IRQHandler
                0x080048f8                CAN2_SCE_IRQHandler
                0x080048f8                DMA2_Stream2_IRQHandler
                0x080048f8                SPI1_IRQHandler
                0x080048f8                TIM6_DAC_IRQHandler
                0x080048f8                TIM1_BRK_TIM9_IRQHandler
                0x080048f8                DCMI_IRQHandler
                0x080048f8                CAN2_RX0_IRQHandler
                0x080048f8                DMA2_Stream3_IRQHandler
                0x080048f8                USART6_IRQHandler
                0x080048f8                USART3_IRQHandler
                0x080048f8                CAN1_RX1_IRQHandler
                0x080048f8                UART5_IRQHandler
                0x080048f8                DMA2_Stream0_IRQHandler
                0x080048f8                TIM4_IRQHandler
                0x080048f8                I2C1_EV_IRQHandler
                0x080048f8                DMA1_Stream6_IRQHandler
                0x080048f8                DMA1_Stream1_IRQHandler
                0x080048f8                UART4_IRQHandler
                0x080048f8                TIM3_IRQHandler
                0x080048f8                RCC_IRQHandler
                0x080048f8                TIM8_BRK_TIM12_IRQHandler
                0x080048f8                Default_Handler
                0x080048f8                EXTI15_10_IRQHandler
                0x080048f8                ADC_IRQHandler
                0x080048f8                DMA1_Stream7_IRQHandler
                0x080048f8                TIM7_IRQHandler
                0x080048f8                CAN2_TX_IRQHandler
                0x080048f8                TIM5_IRQHandler
                0x080048f8                DMA2_Stream7_IRQHandler
                0x080048f8                I2C3_EV_IRQHandler
                0x080048f8                EXTI9_5_IRQHandler
                0x080048f8                RTC_WKUP_IRQHandler
                0x080048f8                ETH_WKUP_IRQHandler
                0x080048f8                SPI2_IRQHandler
                0x080048f8                OTG_HS_EP1_IN_IRQHandler
                0x080048f8                DMA1_Stream0_IRQHandler
                0x080048f8                CAN1_TX_IRQHandler
                0x080048f8                EXTI4_IRQHandler
                0x080048f8                FSMC_IRQHandler
                0x080048f8                ETH_IRQHandler
                0x080048f8                OTG_HS_EP1_OUT_IRQHandler
                0x080048f8                WWDG_IRQHandler
                0x080048f8                TIM2_IRQHandler
                0x080048f8                OTG_FS_WKUP_IRQHandler
                0x080048f8                TIM1_TRG_COM_TIM11_IRQHandler
                0x080048f8                OTG_HS_IRQHandler
                0x080048f8                EXTI1_IRQHandler
                0x080048f8                USART2_IRQHandler
                0x080048f8                I2C2_ER_IRQHandler
                0x080048f8                DMA2_Stream1_IRQHandler
                0x080048f8                CAN1_SCE_IRQHandler
                0x080048f8                FLASH_IRQHandler
                0x080048f8                DMA2_Stream4_IRQHandler
                0x080048f8                OTG_FS_IRQHandler
                0x080048f8                SPI3_IRQHandler
                0x080048f8                DMA1_Stream4_IRQHandler
                0x080048f8                I2C1_ER_IRQHandler
                0x080048f8                DMA2_Stream6_IRQHandler
                0x080048f8                DMA1_Stream3_IRQHandler
 .text._get_pwm_max
                0x080048fa       0x1c CMakeFiles/zgt6test.dir/bsp/Src/bsp_motor.c.obj
 .text.Motor_Init
                0x08004916       0x54 CMakeFiles/zgt6test.dir/bsp/Src/bsp_motor.c.obj
                0x08004916                Motor_Init
 .text.Motor_Stop
                0x0800496a       0x76 CMakeFiles/zgt6test.dir/bsp/Src/bsp_motor.c.obj
                0x0800496a                Motor_Stop
 .text.Encoder_Init
                0x080049e0       0x4e CMakeFiles/zgt6test.dir/bsp/Src/bsp_encoder.c.obj
                0x080049e0                Encoder_Init
 *fill*         0x08004a2e        0x2 
 .text.WheelSpeed_Init
                0x08004a30       0x88 CMakeFiles/zgt6test.dir/bsp/Src/bsp_pid.c.obj
                0x08004a30                WheelSpeed_Init
 .text.WheelSpeed_Stop
                0x08004ab8       0x2c CMakeFiles/zgt6test.dir/bsp/Src/bsp_pid.c.obj
                0x08004ab8                WheelSpeed_Stop
 .text.Buzzer_Init
                0x08004ae4       0x14 CMakeFiles/zgt6test.dir/bsp/Src/bsp_buzzer.c.obj
                0x08004ae4                Buzzer_Init
 .text.Buzzer_On
                0x08004af8       0x5c CMakeFiles/zgt6test.dir/bsp/Src/bsp_buzzer.c.obj
                0x08004af8                Buzzer_On
 .text.Buzzer_Off
                0x08004b54       0x1c CMakeFiles/zgt6test.dir/bsp/Src/bsp_buzzer.c.obj
                0x08004b54                Buzzer_Off
 .text.PID_Init
                0x08004b70       0x80 CMakeFiles/zgt6test.dir/Algorithm/Src/pid.c.obj
                0x08004b70                PID_Init
 .text.PID_Reset
                0x08004bf0       0x3c CMakeFiles/zgt6test.dir/Algorithm/Src/pid.c.obj
                0x08004bf0                PID_Reset
 .text.MotorTask
                0x08004c2c       0xa8 CMakeFiles/zgt6test.dir/task/Src/task_motor.c.obj
                0x08004c2c                MotorTask
 .text.Chassis_Motor_PIDControl_Init
                0x08004cd4       0xdc CMakeFiles/zgt6test.dir/Application/Src/chassis.c.obj
                0x08004cd4                Chassis_Motor_PIDControl_Init
 .text.Boot_Sound
                0x08004db0       0x60 CMakeFiles/zgt6test.dir/Application/Src/app_music.c.obj
                0x08004db0                Boot_Sound
 .text.writeReg
                0x08004e10       0x54 CMakeFiles/zgt6test.dir/External/VL53L0X/Src/VL53L0X.c.obj
                0x08004e10                writeReg
 .text.writeReg16Bit
                0x08004e64       0x54 CMakeFiles/zgt6test.dir/External/VL53L0X/Src/VL53L0X.c.obj
                0x08004e64                writeReg16Bit
 .text.readReg  0x08004eb8       0x58 CMakeFiles/zgt6test.dir/External/VL53L0X/Src/VL53L0X.c.obj
                0x08004eb8                readReg
 .text.readReg16Bit
                0x08004f10       0x58 CMakeFiles/zgt6test.dir/External/VL53L0X/Src/VL53L0X.c.obj
                0x08004f10                readReg16Bit
 .text.writeMulti
                0x08004f68       0x5c CMakeFiles/zgt6test.dir/External/VL53L0X/Src/VL53L0X.c.obj
                0x08004f68                writeMulti
 .text.readMulti
                0x08004fc4       0x54 CMakeFiles/zgt6test.dir/External/VL53L0X/Src/VL53L0X.c.obj
                0x08004fc4                readMulti
 .text.initVL53L0X
                0x08005018      0x4bc CMakeFiles/zgt6test.dir/External/VL53L0X/Src/VL53L0X.c.obj
                0x08005018                initVL53L0X
 *fill*         0x080054d4        0x4 
 .text.setSignalRateLimit
                0x080054d8       0x6c CMakeFiles/zgt6test.dir/External/VL53L0X/Src/VL53L0X.c.obj
                0x080054d8                setSignalRateLimit
 .text.setMeasurementTimingBudget
                0x08005544      0x130 CMakeFiles/zgt6test.dir/External/VL53L0X/Src/VL53L0X.c.obj
                0x08005544                setMeasurementTimingBudget
 .text.getMeasurementTimingBudget
                0x08005674       0xc4 CMakeFiles/zgt6test.dir/External/VL53L0X/Src/VL53L0X.c.obj
                0x08005674                getMeasurementTimingBudget
 .text.setVcselPulsePeriod
                0x08005738      0x29c CMakeFiles/zgt6test.dir/External/VL53L0X/Src/VL53L0X.c.obj
                0x08005738                setVcselPulsePeriod
 .text.getVcselPulsePeriod
                0x080059d4       0x44 CMakeFiles/zgt6test.dir/External/VL53L0X/Src/VL53L0X.c.obj
                0x080059d4                getVcselPulsePeriod
 .text.getSpadInfo
                0x08005a18      0x128 CMakeFiles/zgt6test.dir/External/VL53L0X/Src/VL53L0X.c.obj
                0x08005a18                getSpadInfo
 .text.getSequenceStepEnables
                0x08005b40       0x64 CMakeFiles/zgt6test.dir/External/VL53L0X/Src/VL53L0X.c.obj
                0x08005b40                getSequenceStepEnables
 .text.getSequenceStepTimeouts
                0x08005ba4       0xcc CMakeFiles/zgt6test.dir/External/VL53L0X/Src/VL53L0X.c.obj
                0x08005ba4                getSequenceStepTimeouts
 .text.decodeTimeout
                0x08005c70       0x28 CMakeFiles/zgt6test.dir/External/VL53L0X/Src/VL53L0X.c.obj
 .text.encodeTimeout
                0x08005c98       0x58 CMakeFiles/zgt6test.dir/External/VL53L0X/Src/VL53L0X.c.obj
 .text.timeoutMclksToMicroseconds
                0x08005cf0       0x50 CMakeFiles/zgt6test.dir/External/VL53L0X/Src/VL53L0X.c.obj
 .text.timeoutMicrosecondsToMclks
                0x08005d40       0x4c CMakeFiles/zgt6test.dir/External/VL53L0X/Src/VL53L0X.c.obj
 .text.performSingleRefCalibration
                0x08005d8c       0x80 CMakeFiles/zgt6test.dir/External/VL53L0X/Src/VL53L0X.c.obj
                0x08005d8c                performSingleRefCalibration
 .text.SystemInit
                0x08005e0c       0x24 cmake/stm32cubemx/CMakeFiles/STM32_Drivers.dir/__/__/Core/Src/system_stm32f4xx.c.obj
                0x08005e0c                SystemInit
 .text.HAL_RCC_OscConfig
                0x08005e30      0x4f0 cmake/stm32cubemx/CMakeFiles/STM32_Drivers.dir/__/__/Drivers/STM32F4xx_HAL_Driver/Src/stm32f4xx_hal_rcc.c.obj
                0x08005e30                HAL_RCC_OscConfig
 .text.HAL_RCC_ClockConfig
                0x08006320      0x1cc cmake/stm32cubemx/CMakeFiles/STM32_Drivers.dir/__/__/Drivers/STM32F4xx_HAL_Driver/Src/stm32f4xx_hal_rcc.c.obj
                0x08006320                HAL_RCC_ClockConfig
 .text.HAL_RCC_GetSysClockFreq
                0x080064ec      0x18c cmake/stm32cubemx/CMakeFiles/STM32_Drivers.dir/__/__/Drivers/STM32F4xx_HAL_Driver/Src/stm32f4xx_hal_rcc.c.obj
                0x080064ec                HAL_RCC_GetSysClockFreq
 .text.HAL_RCC_GetHCLKFreq
                0x08006678       0x18 cmake/stm32cubemx/CMakeFiles/STM32_Drivers.dir/__/__/Drivers/STM32F4xx_HAL_Driver/Src/stm32f4xx_hal_rcc.c.obj
                0x08006678                HAL_RCC_GetHCLKFreq
 .text.HAL_RCC_GetPCLK1Freq
                0x08006690       0x28 cmake/stm32cubemx/CMakeFiles/STM32_Drivers.dir/__/__/Drivers/STM32F4xx_HAL_Driver/Src/stm32f4xx_hal_rcc.c.obj
                0x08006690                HAL_RCC_GetPCLK1Freq
 .text.HAL_RCC_GetPCLK2Freq
                0x080066b8       0x28 cmake/stm32cubemx/CMakeFiles/STM32_Drivers.dir/__/__/Drivers/STM32F4xx_HAL_Driver/Src/stm32f4xx_hal_rcc.c.obj
                0x080066b8                HAL_RCC_GetPCLK2Freq
 .text.HAL_GPIO_Init
                0x080066e0      0x338 cmake/stm32cubemx/CMakeFiles/STM32_Drivers.dir/__/__/Drivers/STM32F4xx_HAL_Driver/Src/stm32f4xx_hal_gpio.c.obj
                0x080066e0                HAL_GPIO_Init
 .text.HAL_GPIO_WritePin
                0x08006a18       0x32 cmake/stm32cubemx/CMakeFiles/STM32_Drivers.dir/__/__/Drivers/STM32F4xx_HAL_Driver/Src/stm32f4xx_hal_gpio.c.obj
                0x08006a18                HAL_GPIO_WritePin
 .text.HAL_DMA_Abort
                0x08006a4a       0xe0 cmake/stm32cubemx/CMakeFiles/STM32_Drivers.dir/__/__/Drivers/STM32F4xx_HAL_Driver/Src/stm32f4xx_hal_dma.c.obj
                0x08006a4a                HAL_DMA_Abort
 .text.HAL_DMA_Abort_IT
                0x08006b2a       0x44 cmake/stm32cubemx/CMakeFiles/STM32_Drivers.dir/__/__/Drivers/STM32F4xx_HAL_Driver/Src/stm32f4xx_hal_dma.c.obj
                0x08006b2a                HAL_DMA_Abort_IT
 *fill*         0x08006b6e        0x2 
 .text.__NVIC_SetPriorityGrouping
                0x08006b70       0x48 cmake/stm32cubemx/CMakeFiles/STM32_Drivers.dir/__/__/Drivers/STM32F4xx_HAL_Driver/Src/stm32f4xx_hal_cortex.c.obj
 .text.__NVIC_GetPriorityGrouping
                0x08006bb8       0x1c cmake/stm32cubemx/CMakeFiles/STM32_Drivers.dir/__/__/Drivers/STM32F4xx_HAL_Driver/Src/stm32f4xx_hal_cortex.c.obj
 .text.__NVIC_EnableIRQ
                0x08006bd4       0x3c cmake/stm32cubemx/CMakeFiles/STM32_Drivers.dir/__/__/Drivers/STM32F4xx_HAL_Driver/Src/stm32f4xx_hal_cortex.c.obj
 .text.__NVIC_SetPriority
                0x08006c10       0x54 cmake/stm32cubemx/CMakeFiles/STM32_Drivers.dir/__/__/Drivers/STM32F4xx_HAL_Driver/Src/stm32f4xx_hal_cortex.c.obj
 .text.NVIC_EncodePriority
                0x08006c64       0x66 cmake/stm32cubemx/CMakeFiles/STM32_Drivers.dir/__/__/Drivers/STM32F4xx_HAL_Driver/Src/stm32f4xx_hal_cortex.c.obj
 *fill*         0x08006cca        0x2 
 .text.SysTick_Config
                0x08006ccc       0x44 cmake/stm32cubemx/CMakeFiles/STM32_Drivers.dir/__/__/Drivers/STM32F4xx_HAL_Driver/Src/stm32f4xx_hal_cortex.c.obj
 .text.HAL_NVIC_SetPriorityGrouping
                0x08006d10       0x16 cmake/stm32cubemx/CMakeFiles/STM32_Drivers.dir/__/__/Drivers/STM32F4xx_HAL_Driver/Src/stm32f4xx_hal_cortex.c.obj
                0x08006d10                HAL_NVIC_SetPriorityGrouping
 .text.HAL_NVIC_SetPriority
                0x08006d26       0x38 cmake/stm32cubemx/CMakeFiles/STM32_Drivers.dir/__/__/Drivers/STM32F4xx_HAL_Driver/Src/stm32f4xx_hal_cortex.c.obj
                0x08006d26                HAL_NVIC_SetPriority
 .text.HAL_NVIC_EnableIRQ
                0x08006d5e       0x1c cmake/stm32cubemx/CMakeFiles/STM32_Drivers.dir/__/__/Drivers/STM32F4xx_HAL_Driver/Src/stm32f4xx_hal_cortex.c.obj
                0x08006d5e                HAL_NVIC_EnableIRQ
 .text.HAL_SYSTICK_Config
                0x08006d7a       0x18 cmake/stm32cubemx/CMakeFiles/STM32_Drivers.dir/__/__/Drivers/STM32F4xx_HAL_Driver/Src/stm32f4xx_hal_cortex.c.obj
                0x08006d7a                HAL_SYSTICK_Config
 *fill*         0x08006d92        0x2 
 .text.HAL_Init
                0x08006d94       0x44 cmake/stm32cubemx/CMakeFiles/STM32_Drivers.dir/__/__/Drivers/STM32F4xx_HAL_Driver/Src/stm32f4xx_hal.c.obj
                0x08006d94                HAL_Init
 .text.HAL_InitTick
                0x08006dd8       0x60 cmake/stm32cubemx/CMakeFiles/STM32_Drivers.dir/__/__/Drivers/STM32F4xx_HAL_Driver/Src/stm32f4xx_hal.c.obj
                0x08006dd8                HAL_InitTick
 .text.HAL_IncTick
                0x08006e38       0x28 cmake/stm32cubemx/CMakeFiles/STM32_Drivers.dir/__/__/Drivers/STM32F4xx_HAL_Driver/Src/stm32f4xx_hal.c.obj
                0x08006e38                HAL_IncTick
 .text.HAL_GetTick
                0x08006e60       0x18 cmake/stm32cubemx/CMakeFiles/STM32_Drivers.dir/__/__/Drivers/STM32F4xx_HAL_Driver/Src/stm32f4xx_hal.c.obj
                0x08006e60                HAL_GetTick
 .text.HAL_Delay
                0x08006e78       0x48 cmake/stm32cubemx/CMakeFiles/STM32_Drivers.dir/__/__/Drivers/STM32F4xx_HAL_Driver/Src/stm32f4xx_hal.c.obj
                0x08006e78                HAL_Delay
 .text.HAL_I2C_Init
                0x08006ec0      0x288 cmake/stm32cubemx/CMakeFiles/STM32_Drivers.dir/__/__/Drivers/STM32F4xx_HAL_Driver/Src/stm32f4xx_hal_i2c.c.obj
                0x08006ec0                HAL_I2C_Init
 .text.HAL_I2C_Mem_Write
                0x08007148      0x1f4 cmake/stm32cubemx/CMakeFiles/STM32_Drivers.dir/__/__/Drivers/STM32F4xx_HAL_Driver/Src/stm32f4xx_hal_i2c.c.obj
                0x08007148                HAL_I2C_Mem_Write
 .text.HAL_I2C_Mem_Read
                0x0800733c      0x464 cmake/stm32cubemx/CMakeFiles/STM32_Drivers.dir/__/__/Drivers/STM32F4xx_HAL_Driver/Src/stm32f4xx_hal_i2c.c.obj
                0x0800733c                HAL_I2C_Mem_Read
 .text.I2C_RequestMemoryWrite
                0x080077a0      0x12c cmake/stm32cubemx/CMakeFiles/STM32_Drivers.dir/__/__/Drivers/STM32F4xx_HAL_Driver/Src/stm32f4xx_hal_i2c.c.obj
 .text.I2C_RequestMemoryRead
                0x080078cc      0x1d0 cmake/stm32cubemx/CMakeFiles/STM32_Drivers.dir/__/__/Drivers/STM32F4xx_HAL_Driver/Src/stm32f4xx_hal_i2c.c.obj
 .text.I2C_WaitOnFlagUntilTimeout
                0x08007a9c       0xf4 cmake/stm32cubemx/CMakeFiles/STM32_Drivers.dir/__/__/Drivers/STM32F4xx_HAL_Driver/Src/stm32f4xx_hal_i2c.c.obj
 .text.I2C_WaitOnMasterAddressFlagUntilTimeout
                0x08007b90      0x140 cmake/stm32cubemx/CMakeFiles/STM32_Drivers.dir/__/__/Drivers/STM32F4xx_HAL_Driver/Src/stm32f4xx_hal_i2c.c.obj
 .text.I2C_WaitOnTXEFlagUntilTimeout
                0x08007cd0       0x90 cmake/stm32cubemx/CMakeFiles/STM32_Drivers.dir/__/__/Drivers/STM32F4xx_HAL_Driver/Src/stm32f4xx_hal_i2c.c.obj
 .text.I2C_WaitOnBTFFlagUntilTimeout
                0x08007d60       0x90 cmake/stm32cubemx/CMakeFiles/STM32_Drivers.dir/__/__/Drivers/STM32F4xx_HAL_Driver/Src/stm32f4xx_hal_i2c.c.obj
 .text.I2C_WaitOnRXNEFlagUntilTimeout
                0x08007df0       0xba cmake/stm32cubemx/CMakeFiles/STM32_Drivers.dir/__/__/Drivers/STM32F4xx_HAL_Driver/Src/stm32f4xx_hal_i2c.c.obj
 .text.I2C_IsAcknowledgeFailed
                0x08007eaa       0x5e cmake/stm32cubemx/CMakeFiles/STM32_Drivers.dir/__/__/Drivers/STM32F4xx_HAL_Driver/Src/stm32f4xx_hal_i2c.c.obj
 .text.HAL_TIM_Base_Init
                0x08007f08       0x9e cmake/stm32cubemx/CMakeFiles/STM32_Drivers.dir/__/__/Drivers/STM32F4xx_HAL_Driver/Src/stm32f4xx_hal_tim.c.obj
                0x08007f08                HAL_TIM_Base_Init
 .text.HAL_TIM_PWM_Init
                0x08007fa6       0x9e cmake/stm32cubemx/CMakeFiles/STM32_Drivers.dir/__/__/Drivers/STM32F4xx_HAL_Driver/Src/stm32f4xx_hal_tim.c.obj
                0x08007fa6                HAL_TIM_PWM_Init
 .text.HAL_TIM_PWM_MspInit
                0x08008044       0x14 cmake/stm32cubemx/CMakeFiles/STM32_Drivers.dir/__/__/Drivers/STM32F4xx_HAL_Driver/Src/stm32f4xx_hal_tim.c.obj
                0x08008044                HAL_TIM_PWM_MspInit
 .text.HAL_TIM_PWM_Start
                0x08008058      0x190 cmake/stm32cubemx/CMakeFiles/STM32_Drivers.dir/__/__/Drivers/STM32F4xx_HAL_Driver/Src/stm32f4xx_hal_tim.c.obj
                0x08008058                HAL_TIM_PWM_Start
 .text.HAL_TIM_PWM_Stop
                0x080081e8       0xe0 cmake/stm32cubemx/CMakeFiles/STM32_Drivers.dir/__/__/Drivers/STM32F4xx_HAL_Driver/Src/stm32f4xx_hal_tim.c.obj
                0x080081e8                HAL_TIM_PWM_Stop
 .text.HAL_TIM_Encoder_Init
                0x080082c8      0x14c cmake/stm32cubemx/CMakeFiles/STM32_Drivers.dir/__/__/Drivers/STM32F4xx_HAL_Driver/Src/stm32f4xx_hal_tim.c.obj
                0x080082c8                HAL_TIM_Encoder_Init
 .text.HAL_TIM_Encoder_Start
                0x08008414      0x11c cmake/stm32cubemx/CMakeFiles/STM32_Drivers.dir/__/__/Drivers/STM32F4xx_HAL_Driver/Src/stm32f4xx_hal_tim.c.obj
                0x08008414                HAL_TIM_Encoder_Start
 .text.HAL_TIM_PWM_ConfigChannel
                0x08008530      0x184 cmake/stm32cubemx/CMakeFiles/STM32_Drivers.dir/__/__/Drivers/STM32F4xx_HAL_Driver/Src/stm32f4xx_hal_tim.c.obj
                0x08008530                HAL_TIM_PWM_ConfigChannel
 .text.HAL_TIM_ConfigClockSource
                0x080086b4      0x18e cmake/stm32cubemx/CMakeFiles/STM32_Drivers.dir/__/__/Drivers/STM32F4xx_HAL_Driver/Src/stm32f4xx_hal_tim.c.obj
                0x080086b4                HAL_TIM_ConfigClockSource
 *fill*         0x08008842        0x2 
 .text.TIM_Base_SetConfig
                0x08008844      0x14c cmake/stm32cubemx/CMakeFiles/STM32_Drivers.dir/__/__/Drivers/STM32F4xx_HAL_Driver/Src/stm32f4xx_hal_tim.c.obj
                0x08008844                TIM_Base_SetConfig
 .text.TIM_OC1_SetConfig
                0x08008990       0xe0 cmake/stm32cubemx/CMakeFiles/STM32_Drivers.dir/__/__/Drivers/STM32F4xx_HAL_Driver/Src/stm32f4xx_hal_tim.c.obj
 .text.TIM_OC2_SetConfig
                0x08008a70       0xec cmake/stm32cubemx/CMakeFiles/STM32_Drivers.dir/__/__/Drivers/STM32F4xx_HAL_Driver/Src/stm32f4xx_hal_tim.c.obj
                0x08008a70                TIM_OC2_SetConfig
 .text.TIM_OC3_SetConfig
                0x08008b5c       0xe8 cmake/stm32cubemx/CMakeFiles/STM32_Drivers.dir/__/__/Drivers/STM32F4xx_HAL_Driver/Src/stm32f4xx_hal_tim.c.obj
 .text.TIM_OC4_SetConfig
                0x08008c44       0xac cmake/stm32cubemx/CMakeFiles/STM32_Drivers.dir/__/__/Drivers/STM32F4xx_HAL_Driver/Src/stm32f4xx_hal_tim.c.obj
 .text.TIM_TI1_ConfigInputStage
                0x08008cf0       0x5e cmake/stm32cubemx/CMakeFiles/STM32_Drivers.dir/__/__/Drivers/STM32F4xx_HAL_Driver/Src/stm32f4xx_hal_tim.c.obj
 .text.TIM_TI2_ConfigInputStage
                0x08008d4e       0x60 cmake/stm32cubemx/CMakeFiles/STM32_Drivers.dir/__/__/Drivers/STM32F4xx_HAL_Driver/Src/stm32f4xx_hal_tim.c.obj
 .text.TIM_ITRx_SetConfig
                0x08008dae       0x36 cmake/stm32cubemx/CMakeFiles/STM32_Drivers.dir/__/__/Drivers/STM32F4xx_HAL_Driver/Src/stm32f4xx_hal_tim.c.obj
 .text.TIM_ETR_SetConfig
                0x08008de4       0x40 cmake/stm32cubemx/CMakeFiles/STM32_Drivers.dir/__/__/Drivers/STM32F4xx_HAL_Driver/Src/stm32f4xx_hal_tim.c.obj
                0x08008de4                TIM_ETR_SetConfig
 .text.TIM_CCxChannelCmd
                0x08008e24       0x4a cmake/stm32cubemx/CMakeFiles/STM32_Drivers.dir/__/__/Drivers/STM32F4xx_HAL_Driver/Src/stm32f4xx_hal_tim.c.obj
                0x08008e24                TIM_CCxChannelCmd
 *fill*         0x08008e6e        0x2 
 .text.HAL_TIMEx_MasterConfigSynchronization
                0x08008e70       0xf8 cmake/stm32cubemx/CMakeFiles/STM32_Drivers.dir/__/__/Drivers/STM32F4xx_HAL_Driver/Src/stm32f4xx_hal_tim_ex.c.obj
                0x08008e70                HAL_TIMEx_MasterConfigSynchronization
 .text.HAL_UART_Init
                0x08008f68       0xa0 cmake/stm32cubemx/CMakeFiles/STM32_Drivers.dir/__/__/Drivers/STM32F4xx_HAL_Driver/Src/stm32f4xx_hal_uart.c.obj
                0x08008f68                HAL_UART_Init
 .text.HAL_UART_Transmit
                0x08009008      0x116 cmake/stm32cubemx/CMakeFiles/STM32_Drivers.dir/__/__/Drivers/STM32F4xx_HAL_Driver/Src/stm32f4xx_hal_uart.c.obj
                0x08009008                HAL_UART_Transmit
 *fill*         0x0800911e        0x2 
 .text.HAL_UART_IRQHandler
                0x08009120      0x554 cmake/stm32cubemx/CMakeFiles/STM32_Drivers.dir/__/__/Drivers/STM32F4xx_HAL_Driver/Src/stm32f4xx_hal_uart.c.obj
                0x08009120                HAL_UART_IRQHandler
 .text.HAL_UART_TxCpltCallback
                0x08009674       0x14 cmake/stm32cubemx/CMakeFiles/STM32_Drivers.dir/__/__/Drivers/STM32F4xx_HAL_Driver/Src/stm32f4xx_hal_uart.c.obj
                0x08009674                HAL_UART_TxCpltCallback
 .text.HAL_UART_RxCpltCallback
                0x08009688       0x14 cmake/stm32cubemx/CMakeFiles/STM32_Drivers.dir/__/__/Drivers/STM32F4xx_HAL_Driver/Src/stm32f4xx_hal_uart.c.obj
                0x08009688                HAL_UART_RxCpltCallback
 .text.HAL_UART_ErrorCallback
                0x0800969c       0x14 cmake/stm32cubemx/CMakeFiles/STM32_Drivers.dir/__/__/Drivers/STM32F4xx_HAL_Driver/Src/stm32f4xx_hal_uart.c.obj
                0x0800969c                HAL_UART_ErrorCallback
 .text.HAL_UARTEx_RxEventCallback
                0x080096b0       0x18 cmake/stm32cubemx/CMakeFiles/STM32_Drivers.dir/__/__/Drivers/STM32F4xx_HAL_Driver/Src/stm32f4xx_hal_uart.c.obj
                0x080096b0                HAL_UARTEx_RxEventCallback
 .text.UART_WaitOnFlagUntilTimeout
                0x080096c8       0xb2 cmake/stm32cubemx/CMakeFiles/STM32_Drivers.dir/__/__/Drivers/STM32F4xx_HAL_Driver/Src/stm32f4xx_hal_uart.c.obj
 .text.UART_EndRxTransfer
                0x0800977a       0xc6 cmake/stm32cubemx/CMakeFiles/STM32_Drivers.dir/__/__/Drivers/STM32F4xx_HAL_Driver/Src/stm32f4xx_hal_uart.c.obj
 .text.UART_DMAAbortOnError
                0x08009840       0x22 cmake/stm32cubemx/CMakeFiles/STM32_Drivers.dir/__/__/Drivers/STM32F4xx_HAL_Driver/Src/stm32f4xx_hal_uart.c.obj
 .text.UART_Transmit_IT
                0x08009862       0xa0 cmake/stm32cubemx/CMakeFiles/STM32_Drivers.dir/__/__/Drivers/STM32F4xx_HAL_Driver/Src/stm32f4xx_hal_uart.c.obj
 .text.UART_EndTransmit_IT
                0x08009902       0x30 cmake/stm32cubemx/CMakeFiles/STM32_Drivers.dir/__/__/Drivers/STM32F4xx_HAL_Driver/Src/stm32f4xx_hal_uart.c.obj
 .text.UART_Receive_IT
                0x08009932      0x17c cmake/stm32cubemx/CMakeFiles/STM32_Drivers.dir/__/__/Drivers/STM32F4xx_HAL_Driver/Src/stm32f4xx_hal_uart.c.obj
 *fill*         0x08009aae        0x2 
 .text.UART_SetConfig
                0x08009ab0      0x4e8 cmake/stm32cubemx/CMakeFiles/STM32_Drivers.dir/__/__/Drivers/STM32F4xx_HAL_Driver/Src/stm32f4xx_hal_uart.c.obj
 .text.vListInitialise
                0x08009f98       0x40 cmake/stm32cubemx/CMakeFiles/FreeRTOS.dir/__/__/Middlewares/Third_Party/FreeRTOS/Source/list.c.obj
                0x08009f98                vListInitialise
 .text.vListInitialiseItem
                0x08009fd8       0x1a cmake/stm32cubemx/CMakeFiles/FreeRTOS.dir/__/__/Middlewares/Third_Party/FreeRTOS/Source/list.c.obj
                0x08009fd8                vListInitialiseItem
 .text.vListInsertEnd
                0x08009ff2       0x48 cmake/stm32cubemx/CMakeFiles/FreeRTOS.dir/__/__/Middlewares/Third_Party/FreeRTOS/Source/list.c.obj
                0x08009ff2                vListInsertEnd
 .text.vListInsert
                0x0800a03a       0x72 cmake/stm32cubemx/CMakeFiles/FreeRTOS.dir/__/__/Middlewares/Third_Party/FreeRTOS/Source/list.c.obj
                0x0800a03a                vListInsert
 .text.uxListRemove
                0x0800a0ac       0x54 cmake/stm32cubemx/CMakeFiles/FreeRTOS.dir/__/__/Middlewares/Third_Party/FreeRTOS/Source/list.c.obj
                0x0800a0ac                uxListRemove
 .text.xQueueGenericReset
                0x0800a100       0xd0 cmake/stm32cubemx/CMakeFiles/FreeRTOS.dir/__/__/Middlewares/Third_Party/FreeRTOS/Source/queue.c.obj
                0x0800a100                xQueueGenericReset
 .text.xQueueGenericCreateStatic
                0x0800a1d0       0xf0 cmake/stm32cubemx/CMakeFiles/FreeRTOS.dir/__/__/Middlewares/Third_Party/FreeRTOS/Source/queue.c.obj
                0x0800a1d0                xQueueGenericCreateStatic
 .text.prvInitialiseNewQueue
                0x0800a2c0       0x46 cmake/stm32cubemx/CMakeFiles/FreeRTOS.dir/__/__/Middlewares/Third_Party/FreeRTOS/Source/queue.c.obj
 *fill*         0x0800a306        0x2 
 .text.xQueueGenericSend
                0x0800a308      0x1fc cmake/stm32cubemx/CMakeFiles/FreeRTOS.dir/__/__/Middlewares/Third_Party/FreeRTOS/Source/queue.c.obj
                0x0800a308                xQueueGenericSend
 .text.xQueueGenericSendFromISR
                0x0800a504      0x136 cmake/stm32cubemx/CMakeFiles/FreeRTOS.dir/__/__/Middlewares/Third_Party/FreeRTOS/Source/queue.c.obj
                0x0800a504                xQueueGenericSendFromISR
 *fill*         0x0800a63a        0x2 
 .text.xQueueReceive
                0x0800a63c      0x1c0 cmake/stm32cubemx/CMakeFiles/FreeRTOS.dir/__/__/Middlewares/Third_Party/FreeRTOS/Source/queue.c.obj
                0x0800a63c                xQueueReceive
 .text.prvCopyDataToQueue
                0x0800a7fc       0xd4 cmake/stm32cubemx/CMakeFiles/FreeRTOS.dir/__/__/Middlewares/Third_Party/FreeRTOS/Source/queue.c.obj
 .text.prvCopyDataFromQueue
                0x0800a8d0       0x4c cmake/stm32cubemx/CMakeFiles/FreeRTOS.dir/__/__/Middlewares/Third_Party/FreeRTOS/Source/queue.c.obj
 .text.prvUnlockQueue
                0x0800a91c       0xa4 cmake/stm32cubemx/CMakeFiles/FreeRTOS.dir/__/__/Middlewares/Third_Party/FreeRTOS/Source/queue.c.obj
 .text.prvIsQueueEmpty
                0x0800a9c0       0x2c cmake/stm32cubemx/CMakeFiles/FreeRTOS.dir/__/__/Middlewares/Third_Party/FreeRTOS/Source/queue.c.obj
 .text.prvIsQueueFull
                0x0800a9ec       0x30 cmake/stm32cubemx/CMakeFiles/FreeRTOS.dir/__/__/Middlewares/Third_Party/FreeRTOS/Source/queue.c.obj
 .text.vQueueAddToRegistry
                0x0800aa1c       0x54 cmake/stm32cubemx/CMakeFiles/FreeRTOS.dir/__/__/Middlewares/Third_Party/FreeRTOS/Source/queue.c.obj
                0x0800aa1c                vQueueAddToRegistry
 .text.vQueueWaitForMessageRestricted
                0x0800aa70       0x68 cmake/stm32cubemx/CMakeFiles/FreeRTOS.dir/__/__/Middlewares/Third_Party/FreeRTOS/Source/queue.c.obj
                0x0800aa70                vQueueWaitForMessageRestricted
 .text.xTaskCreateStatic
                0x0800aad8       0xba cmake/stm32cubemx/CMakeFiles/FreeRTOS.dir/__/__/Middlewares/Third_Party/FreeRTOS/Source/tasks.c.obj
                0x0800aad8                xTaskCreateStatic
 .text.xTaskCreate
                0x0800ab92       0x8a cmake/stm32cubemx/CMakeFiles/FreeRTOS.dir/__/__/Middlewares/Third_Party/FreeRTOS/Source/tasks.c.obj
                0x0800ab92                xTaskCreate
 .text.prvInitialiseNewTask
                0x0800ac1c      0x11e cmake/stm32cubemx/CMakeFiles/FreeRTOS.dir/__/__/Middlewares/Third_Party/FreeRTOS/Source/tasks.c.obj
 *fill*         0x0800ad3a        0x2 
 .text.prvAddNewTaskToReadyList
                0x0800ad3c       0xe0 cmake/stm32cubemx/CMakeFiles/FreeRTOS.dir/__/__/Middlewares/Third_Party/FreeRTOS/Source/tasks.c.obj
 .text.vTaskDelay
                0x0800ae1c       0x68 cmake/stm32cubemx/CMakeFiles/FreeRTOS.dir/__/__/Middlewares/Third_Party/FreeRTOS/Source/tasks.c.obj
                0x0800ae1c                vTaskDelay
 .text.vTaskStartScheduler
                0x0800ae84       0xcc cmake/stm32cubemx/CMakeFiles/FreeRTOS.dir/__/__/Middlewares/Third_Party/FreeRTOS/Source/tasks.c.obj
                0x0800ae84                vTaskStartScheduler
 .text.vTaskSuspendAll
                0x0800af50       0x1c cmake/stm32cubemx/CMakeFiles/FreeRTOS.dir/__/__/Middlewares/Third_Party/FreeRTOS/Source/tasks.c.obj
                0x0800af50                vTaskSuspendAll
 .text.xTaskResumeAll
                0x0800af6c      0x13c cmake/stm32cubemx/CMakeFiles/FreeRTOS.dir/__/__/Middlewares/Third_Party/FreeRTOS/Source/tasks.c.obj
                0x0800af6c                xTaskResumeAll
 .text.xTaskGetTickCount
                0x0800b0a8       0x20 cmake/stm32cubemx/CMakeFiles/FreeRTOS.dir/__/__/Middlewares/Third_Party/FreeRTOS/Source/tasks.c.obj
                0x0800b0a8                xTaskGetTickCount
 .text.xTaskIncrementTick
                0x0800b0c8      0x174 cmake/stm32cubemx/CMakeFiles/FreeRTOS.dir/__/__/Middlewares/Third_Party/FreeRTOS/Source/tasks.c.obj
                0x0800b0c8                xTaskIncrementTick
 .text.vTaskSwitchContext
                0x0800b23c       0xbc cmake/stm32cubemx/CMakeFiles/FreeRTOS.dir/__/__/Middlewares/Third_Party/FreeRTOS/Source/tasks.c.obj
                0x0800b23c                vTaskSwitchContext
 .text.vTaskPlaceOnEventList
                0x0800b2f8       0x48 cmake/stm32cubemx/CMakeFiles/FreeRTOS.dir/__/__/Middlewares/Third_Party/FreeRTOS/Source/tasks.c.obj
                0x0800b2f8                vTaskPlaceOnEventList
 .text.vTaskPlaceOnEventListRestricted
                0x0800b340       0x58 cmake/stm32cubemx/CMakeFiles/FreeRTOS.dir/__/__/Middlewares/Third_Party/FreeRTOS/Source/tasks.c.obj
                0x0800b340                vTaskPlaceOnEventListRestricted
 .text.xTaskRemoveFromEventList
                0x0800b398       0xc8 cmake/stm32cubemx/CMakeFiles/FreeRTOS.dir/__/__/Middlewares/Third_Party/FreeRTOS/Source/tasks.c.obj
                0x0800b398                xTaskRemoveFromEventList
 .text.vTaskInternalSetTimeOutState
                0x0800b460       0x2c cmake/stm32cubemx/CMakeFiles/FreeRTOS.dir/__/__/Middlewares/Third_Party/FreeRTOS/Source/tasks.c.obj
                0x0800b460                vTaskInternalSetTimeOutState
 .text.xTaskCheckForTimeOut
                0x0800b48c       0xc4 cmake/stm32cubemx/CMakeFiles/FreeRTOS.dir/__/__/Middlewares/Third_Party/FreeRTOS/Source/tasks.c.obj
                0x0800b48c                xTaskCheckForTimeOut
 .text.vTaskMissedYield
                0x0800b550       0x18 cmake/stm32cubemx/CMakeFiles/FreeRTOS.dir/__/__/Middlewares/Third_Party/FreeRTOS/Source/tasks.c.obj
                0x0800b550                vTaskMissedYield
 .text.prvIdleTask
                0x0800b568       0x30 cmake/stm32cubemx/CMakeFiles/FreeRTOS.dir/__/__/Middlewares/Third_Party/FreeRTOS/Source/tasks.c.obj
 .text.prvInitialiseTaskLists
                0x0800b598       0x80 cmake/stm32cubemx/CMakeFiles/FreeRTOS.dir/__/__/Middlewares/Third_Party/FreeRTOS/Source/tasks.c.obj
 .text.prvCheckTasksWaitingTermination
                0x0800b618       0x5c cmake/stm32cubemx/CMakeFiles/FreeRTOS.dir/__/__/Middlewares/Third_Party/FreeRTOS/Source/tasks.c.obj
 .text.prvDeleteTCB
                0x0800b674       0x5e cmake/stm32cubemx/CMakeFiles/FreeRTOS.dir/__/__/Middlewares/Third_Party/FreeRTOS/Source/tasks.c.obj
 *fill*         0x0800b6d2        0x2 
 .text.prvResetNextTaskUnblockTime
                0x0800b6d4       0x40 cmake/stm32cubemx/CMakeFiles/FreeRTOS.dir/__/__/Middlewares/Third_Party/FreeRTOS/Source/tasks.c.obj
 .text.xTaskGetSchedulerState
                0x0800b714       0x3c cmake/stm32cubemx/CMakeFiles/FreeRTOS.dir/__/__/Middlewares/Third_Party/FreeRTOS/Source/tasks.c.obj
                0x0800b714                xTaskGetSchedulerState
 .text.xTaskPriorityDisinherit
                0x0800b750       0xdc cmake/stm32cubemx/CMakeFiles/FreeRTOS.dir/__/__/Middlewares/Third_Party/FreeRTOS/Source/tasks.c.obj
                0x0800b750                xTaskPriorityDisinherit
 .text.prvAddCurrentTaskToDelayedList
                0x0800b82c       0xa8 cmake/stm32cubemx/CMakeFiles/FreeRTOS.dir/__/__/Middlewares/Third_Party/FreeRTOS/Source/tasks.c.obj
 .text.xTimerCreateTimerTask
                0x0800b8d4       0x90 cmake/stm32cubemx/CMakeFiles/FreeRTOS.dir/__/__/Middlewares/Third_Party/FreeRTOS/Source/timers.c.obj
                0x0800b8d4                xTimerCreateTimerTask
 .text.xTimerGenericCommand
                0x0800b964       0x9c cmake/stm32cubemx/CMakeFiles/FreeRTOS.dir/__/__/Middlewares/Third_Party/FreeRTOS/Source/timers.c.obj
                0x0800b964                xTimerGenericCommand
 .text.prvProcessExpiredTimer
                0x0800ba00       0x98 cmake/stm32cubemx/CMakeFiles/FreeRTOS.dir/__/__/Middlewares/Third_Party/FreeRTOS/Source/timers.c.obj
 .text.prvTimerTask
                0x0800ba98       0x24 cmake/stm32cubemx/CMakeFiles/FreeRTOS.dir/__/__/Middlewares/Third_Party/FreeRTOS/Source/timers.c.obj
 .text.prvProcessTimerOrBlockTask
                0x0800babc       0x9c cmake/stm32cubemx/CMakeFiles/FreeRTOS.dir/__/__/Middlewares/Third_Party/FreeRTOS/Source/timers.c.obj
 .text.prvGetNextExpireTime
                0x0800bb58       0x48 cmake/stm32cubemx/CMakeFiles/FreeRTOS.dir/__/__/Middlewares/Third_Party/FreeRTOS/Source/timers.c.obj
 .text.prvSampleTimeNow
                0x0800bba0       0x40 cmake/stm32cubemx/CMakeFiles/FreeRTOS.dir/__/__/Middlewares/Third_Party/FreeRTOS/Source/timers.c.obj
 .text.prvInsertTimerInActiveList
                0x0800bbe0       0x84 cmake/stm32cubemx/CMakeFiles/FreeRTOS.dir/__/__/Middlewares/Third_Party/FreeRTOS/Source/timers.c.obj
 .text.prvProcessReceivedCommands
                0x0800bc64      0x1c4 cmake/stm32cubemx/CMakeFiles/FreeRTOS.dir/__/__/Middlewares/Third_Party/FreeRTOS/Source/timers.c.obj
 .text.prvSwitchTimerLists
                0x0800be28       0xc8 cmake/stm32cubemx/CMakeFiles/FreeRTOS.dir/__/__/Middlewares/Third_Party/FreeRTOS/Source/timers.c.obj
 .text.prvCheckForValidListAndQueue
                0x0800bef0       0x80 cmake/stm32cubemx/CMakeFiles/FreeRTOS.dir/__/__/Middlewares/Third_Party/FreeRTOS/Source/timers.c.obj
 .text.__NVIC_SetPriority
                0x0800bf70       0x54 cmake/stm32cubemx/CMakeFiles/FreeRTOS.dir/__/__/Middlewares/Third_Party/FreeRTOS/Source/CMSIS_RTOS_V2/cmsis_os2.c.obj
 .text.SVC_Setup
                0x0800bfc4       0x12 cmake/stm32cubemx/CMakeFiles/FreeRTOS.dir/__/__/Middlewares/Third_Party/FreeRTOS/Source/CMSIS_RTOS_V2/cmsis_os2.c.obj
 *fill*         0x0800bfd6        0x2 
 .text.osKernelInitialize
                0x0800bfd8       0x48 cmake/stm32cubemx/CMakeFiles/FreeRTOS.dir/__/__/Middlewares/Third_Party/FreeRTOS/Source/CMSIS_RTOS_V2/cmsis_os2.c.obj
                0x0800bfd8                osKernelInitialize
 .text.osKernelStart
                0x0800c020       0x4c cmake/stm32cubemx/CMakeFiles/FreeRTOS.dir/__/__/Middlewares/Third_Party/FreeRTOS/Source/CMSIS_RTOS_V2/cmsis_os2.c.obj
                0x0800c020                osKernelStart
 .text.osThreadNew
                0x0800c06c      0x124 cmake/stm32cubemx/CMakeFiles/FreeRTOS.dir/__/__/Middlewares/Third_Party/FreeRTOS/Source/CMSIS_RTOS_V2/cmsis_os2.c.obj
                0x0800c06c                osThreadNew
 .text.osDelay  0x0800c190       0x36 cmake/stm32cubemx/CMakeFiles/FreeRTOS.dir/__/__/Middlewares/Third_Party/FreeRTOS/Source/CMSIS_RTOS_V2/cmsis_os2.c.obj
                0x0800c190                osDelay
 *fill*         0x0800c1c6        0x2 
 .text.vApplicationGetIdleTaskMemory
                0x0800c1c8       0x34 cmake/stm32cubemx/CMakeFiles/FreeRTOS.dir/__/__/Middlewares/Third_Party/FreeRTOS/Source/CMSIS_RTOS_V2/cmsis_os2.c.obj
                0x0800c1c8                vApplicationGetIdleTaskMemory
 .text.vApplicationGetTimerTaskMemory
                0x0800c1fc       0x34 cmake/stm32cubemx/CMakeFiles/FreeRTOS.dir/__/__/Middlewares/Third_Party/FreeRTOS/Source/CMSIS_RTOS_V2/cmsis_os2.c.obj
                0x0800c1fc                vApplicationGetTimerTaskMemory
 .text.pvPortMalloc
                0x0800c230      0x198 cmake/stm32cubemx/CMakeFiles/FreeRTOS.dir/__/__/Middlewares/Third_Party/FreeRTOS/Source/portable/MemMang/heap_4.c.obj
                0x0800c230                pvPortMalloc
 .text.vPortFree
                0x0800c3c8       0xc4 cmake/stm32cubemx/CMakeFiles/FreeRTOS.dir/__/__/Middlewares/Third_Party/FreeRTOS/Source/portable/MemMang/heap_4.c.obj
                0x0800c3c8                vPortFree
 .text.prvHeapInit
                0x0800c48c       0xc4 cmake/stm32cubemx/CMakeFiles/FreeRTOS.dir/__/__/Middlewares/Third_Party/FreeRTOS/Source/portable/MemMang/heap_4.c.obj
 .text.prvInsertBlockIntoFreeList
                0x0800c550       0xb4 cmake/stm32cubemx/CMakeFiles/FreeRTOS.dir/__/__/Middlewares/Third_Party/FreeRTOS/Source/portable/MemMang/heap_4.c.obj
 .text.pxPortInitialiseStack
                0x0800c604       0x68 cmake/stm32cubemx/CMakeFiles/FreeRTOS.dir/__/__/Middlewares/Third_Party/FreeRTOS/Source/portable/GCC/ARM_CM4F/port.c.obj
                0x0800c604                pxPortInitialiseStack
 .text.prvTaskExitError
                0x0800c66c       0x58 cmake/stm32cubemx/CMakeFiles/FreeRTOS.dir/__/__/Middlewares/Third_Party/FreeRTOS/Source/portable/GCC/ARM_CM4F/port.c.obj
 *fill*         0x0800c6c4        0xc 
 .text.SVC_Handler
                0x0800c6d0       0x28 cmake/stm32cubemx/CMakeFiles/FreeRTOS.dir/__/__/Middlewares/Third_Party/FreeRTOS/Source/portable/GCC/ARM_CM4F/port.c.obj
                0x0800c6d0                SVC_Handler
 .text.prvPortStartFirstTask
                0x0800c6f8       0x28 cmake/stm32cubemx/CMakeFiles/FreeRTOS.dir/__/__/Middlewares/Third_Party/FreeRTOS/Source/portable/GCC/ARM_CM4F/port.c.obj
 .text.xPortStartScheduler
                0x0800c720      0x144 cmake/stm32cubemx/CMakeFiles/FreeRTOS.dir/__/__/Middlewares/Third_Party/FreeRTOS/Source/portable/GCC/ARM_CM4F/port.c.obj
                0x0800c720                xPortStartScheduler
 .text.vPortEnterCritical
                0x0800c864       0x60 cmake/stm32cubemx/CMakeFiles/FreeRTOS.dir/__/__/Middlewares/Third_Party/FreeRTOS/Source/portable/GCC/ARM_CM4F/port.c.obj
                0x0800c864                vPortEnterCritical
 .text.vPortExitCritical
                0x0800c8c4       0x54 cmake/stm32cubemx/CMakeFiles/FreeRTOS.dir/__/__/Middlewares/Third_Party/FreeRTOS/Source/portable/GCC/ARM_CM4F/port.c.obj
                0x0800c8c4                vPortExitCritical
 *fill*         0x0800c918        0x8 
 .text.PendSV_Handler
                0x0800c920       0x68 cmake/stm32cubemx/CMakeFiles/FreeRTOS.dir/__/__/Middlewares/Third_Party/FreeRTOS/Source/portable/GCC/ARM_CM4F/port.c.obj
                0x0800c920                PendSV_Handler
 .text.xPortSysTickHandler
                0x0800c988       0x44 cmake/stm32cubemx/CMakeFiles/FreeRTOS.dir/__/__/Middlewares/Third_Party/FreeRTOS/Source/portable/GCC/ARM_CM4F/port.c.obj
                0x0800c988                xPortSysTickHandler
 .text.vPortSetupTimerInterrupt
                0x0800c9cc       0x48 cmake/stm32cubemx/CMakeFiles/FreeRTOS.dir/__/__/Middlewares/Third_Party/FreeRTOS/Source/portable/GCC/ARM_CM4F/port.c.obj
                0x0800c9cc                vPortSetupTimerInterrupt
 .text.vPortEnableVFP
                0x0800ca14       0x14 cmake/stm32cubemx/CMakeFiles/FreeRTOS.dir/__/__/Middlewares/Third_Party/FreeRTOS/Source/portable/GCC/ARM_CM4F/port.c.obj
 .text.vPortValidateInterruptPriority
                0x0800ca28       0x80 cmake/stm32cubemx/CMakeFiles/FreeRTOS.dir/__/__/Middlewares/Third_Party/FreeRTOS/Source/portable/GCC/ARM_CM4F/port.c.obj
                0x0800ca28                vPortValidateInterruptPriority
 .text.__errno  0x0800caa8        0xc d:/toolchain/gun_arm_embedded/bin/../lib/gcc/arm-none-eabi/10.3.1/../../../../arm-none-eabi/lib/thumb/v7e-m+fp/hard\libg_nano.a(lib_a-errno.o)
                0x0800caa8                __errno
 .text._puts_r  0x0800cab4       0xdc d:/toolchain/gun_arm_embedded/bin/../lib/gcc/arm-none-eabi/10.3.1/../../../../arm-none-eabi/lib/thumb/v7e-m+fp/hard\libg_nano.a(lib_a-puts.o)
                0x0800cab4                _puts_r
 .text.puts     0x0800cb90       0x10 d:/toolchain/gun_arm_embedded/bin/../lib/gcc/arm-none-eabi/10.3.1/../../../../arm-none-eabi/lib/thumb/v7e-m+fp/hard\libg_nano.a(lib_a-puts.o)
                0x0800cb90                puts
 *(.glue_7)
 .glue_7        0x0800cba0        0x0 linker stubs
 *(.glue_7t)
 .glue_7t       0x0800cba0        0x0 linker stubs
 *(.eh_frame)
 .eh_frame      0x0800cba0        0x0 d:/toolchain/gun_arm_embedded/bin/../lib/gcc/arm-none-eabi/10.3.1/thumb/v7e-m+fp/hard/crtbegin.o
 *(.init)
 .init          0x0800cba0        0x4 d:/toolchain/gun_arm_embedded/bin/../lib/gcc/arm-none-eabi/10.3.1/thumb/v7e-m+fp/hard/crti.o
                0x0800cba0                _init
 .init          0x0800cba4        0x8 d:/toolchain/gun_arm_embedded/bin/../lib/gcc/arm-none-eabi/10.3.1/thumb/v7e-m+fp/hard/crtn.o
 *(.fini)
 .fini          0x0800cbac        0x4 d:/toolchain/gun_arm_embedded/bin/../lib/gcc/arm-none-eabi/10.3.1/thumb/v7e-m+fp/hard/crti.o
                0x0800cbac                _fini
 .fini          0x0800cbb0        0x8 d:/toolchain/gun_arm_embedded/bin/../lib/gcc/arm-none-eabi/10.3.1/thumb/v7e-m+fp/hard/crtn.o
                0x0800cbb8                . = ALIGN (0x4)
                0x0800cbb8                _etext = .

.vfp11_veneer   0x0800cbb8        0x0
 .vfp11_veneer  0x0800cbb8        0x0 linker stubs

.v4_bx          0x0800cbb8        0x0
 .v4_bx         0x0800cbb8        0x0 linker stubs

.iplt           0x0800cbb8        0x0
 .iplt          0x0800cbb8        0x0 d:/toolchain/gun_arm_embedded/bin/../lib/gcc/arm-none-eabi/10.3.1/thumb/v7e-m+fp/hard/crtbegin.o

.rodata         0x0800cbb8      0x514
                0x0800cbb8                . = ALIGN (0x4)
 *(.rodata)
 .rodata        0x0800cbb8       0x17 CMakeFiles/zgt6test.dir/Core/Src/freertos.c.obj
 *fill*         0x0800cbcf        0x1 
 .rodata        0x0800cbd0       0x30 CMakeFiles/zgt6test.dir/task/Src/task_motor.c.obj
 .rodata        0x0800cc00       0x2f CMakeFiles/zgt6test.dir/Application/Src/chassis.c.obj
 *fill*         0x0800cc2f        0x1 
 .rodata        0x0800cc30        0x5 cmake/stm32cubemx/CMakeFiles/FreeRTOS.dir/__/__/Middlewares/Third_Party/FreeRTOS/Source/tasks.c.obj
 *fill*         0x0800cc35        0x3 
 .rodata        0x0800cc38        0xd cmake/stm32cubemx/CMakeFiles/FreeRTOS.dir/__/__/Middlewares/Third_Party/FreeRTOS/Source/timers.c.obj
 *(.rodata*)
 *fill*         0x0800cc45        0x3 
 .rodata._global_impure_ptr
                0x0800cc48        0x4 d:/toolchain/gun_arm_embedded/bin/../lib/gcc/arm-none-eabi/10.3.1/../../../../arm-none-eabi/lib/thumb/v7e-m+fp/hard\libc_nano.a(lib_a-impure.o)
                0x0800cc48                _global_impure_ptr
 .rodata._printf_float.str1.1
                0x0800cc4c       0x12 d:/toolchain/gun_arm_embedded/bin/../lib/gcc/arm-none-eabi/10.3.1/../../../../arm-none-eabi/lib/thumb/v7e-m+fp/hard\libc_nano.a(lib_a-nano-vfprintf_float.o)
 .rodata._printf_i.str1.1
                0x0800cc5e       0x22 d:/toolchain/gun_arm_embedded/bin/../lib/gcc/arm-none-eabi/10.3.1/../../../../arm-none-eabi/lib/thumb/v7e-m+fp/hard\libc_nano.a(lib_a-nano-vfprintf_i.o)
 .rodata._dtoa_r.str1.1
                0x0800cc80       0xb3 d:/toolchain/gun_arm_embedded/bin/../lib/gcc/arm-none-eabi/10.3.1/../../../../arm-none-eabi/lib/thumb/v7e-m+fp/hard\libc_nano.a(lib_a-dtoa.o)
                                 0xb5 (size before relaxing)
 .rodata._Balloc.str1.1
                0x0800cd33       0x7f d:/toolchain/gun_arm_embedded/bin/../lib/gcc/arm-none-eabi/10.3.1/../../../../arm-none-eabi/lib/thumb/v7e-m+fp/hard\libc_nano.a(lib_a-mprec.o)
                                 0x96 (size before relaxing)
 .rodata.__multadd.str1.1
                0x0800cdb2       0x11 d:/toolchain/gun_arm_embedded/bin/../lib/gcc/arm-none-eabi/10.3.1/../../../../arm-none-eabi/lib/thumb/v7e-m+fp/hard\libc_nano.a(lib_a-mprec.o)
 *fill*         0x0800cdb2        0x6 
 .rodata.__mprec_bigtens
                0x0800cdb8       0x28 d:/toolchain/gun_arm_embedded/bin/../lib/gcc/arm-none-eabi/10.3.1/../../../../arm-none-eabi/lib/thumb/v7e-m+fp/hard\libc_nano.a(lib_a-mprec.o)
                0x0800cdb8                __mprec_bigtens
 .rodata.__mprec_tens
                0x0800cde0       0xc8 d:/toolchain/gun_arm_embedded/bin/../lib/gcc/arm-none-eabi/10.3.1/../../../../arm-none-eabi/lib/thumb/v7e-m+fp/hard\libc_nano.a(lib_a-mprec.o)
                0x0800cde0                __mprec_tens
 .rodata.p05.0  0x0800cea8        0xc d:/toolchain/gun_arm_embedded/bin/../lib/gcc/arm-none-eabi/10.3.1/../../../../arm-none-eabi/lib/thumb/v7e-m+fp/hard\libc_nano.a(lib_a-mprec.o)
 .rodata.__assert_func.str1.1
                0x0800ceb4       0x3c d:/toolchain/gun_arm_embedded/bin/../lib/gcc/arm-none-eabi/10.3.1/../../../../arm-none-eabi/lib/thumb/v7e-m+fp/hard\libc_nano.a(lib_a-assert.o)
                                 0x3d (size before relaxing)
 .rodata._setlocale_r.str1.1
                0x0800cef0        0x8 d:/toolchain/gun_arm_embedded/bin/../lib/gcc/arm-none-eabi/10.3.1/../../../../arm-none-eabi/lib/thumb/v7e-m+fp/hard\libc_nano.a(lib_a-locale.o)
                                  0x9 (size before relaxing)
 .rodata.str1.1
                0x0800cef8        0x2 d:/toolchain/gun_arm_embedded/bin/../lib/gcc/arm-none-eabi/10.3.1/../../../../arm-none-eabi/lib/thumb/v7e-m+fp/hard\libc_nano.a(lib_a-locale.o)
 .rodata._vfprintf_r.str1.1
                0x0800cefa       0x11 d:/toolchain/gun_arm_embedded/bin/../lib/gcc/arm-none-eabi/10.3.1/../../../../arm-none-eabi/lib/thumb/v7e-m+fp/hard\libc_nano.a(lib_a-nano-vfprintf.o)
 .rodata._ctype_
                0x0800cf0b      0x101 d:/toolchain/gun_arm_embedded/bin/../lib/gcc/arm-none-eabi/10.3.1/../../../../arm-none-eabi/lib/thumb/v7e-m+fp/hard\libc_nano.a(lib_a-ctype_.o)
                0x0800cf0b                _ctype_
 .rodata.__sf_fake_stderr
                0x0800d00c       0x20 d:/toolchain/gun_arm_embedded/bin/../lib/gcc/arm-none-eabi/10.3.1/../../../../arm-none-eabi/lib/thumb/v7e-m+fp/hard\libc_nano.a(lib_a-findfp.o)
                0x0800d00c                __sf_fake_stderr
 .rodata.__sf_fake_stdin
                0x0800d02c       0x20 d:/toolchain/gun_arm_embedded/bin/../lib/gcc/arm-none-eabi/10.3.1/../../../../arm-none-eabi/lib/thumb/v7e-m+fp/hard\libc_nano.a(lib_a-findfp.o)
                0x0800d02c                __sf_fake_stdin
 .rodata.__sf_fake_stdout
                0x0800d04c       0x20 d:/toolchain/gun_arm_embedded/bin/../lib/gcc/arm-none-eabi/10.3.1/../../../../arm-none-eabi/lib/thumb/v7e-m+fp/hard\libc_nano.a(lib_a-findfp.o)
                0x0800d04c                __sf_fake_stdout
 .rodata.defaultTask_attributes
                0x0800d06c       0x24 CMakeFiles/zgt6test.dir/Core/Src/freertos.c.obj
                0x0800d06c                defaultTask_attributes
 .rodata.motor_task_attributes
                0x0800d090       0x24 CMakeFiles/zgt6test.dir/Core/Src/freertos.c.obj
                0x0800d090                motor_task_attributes
 .rodata.AHBPrescTable
                0x0800d0b4       0x10 cmake/stm32cubemx/CMakeFiles/STM32_Drivers.dir/__/__/Core/Src/system_stm32f4xx.c.obj
                0x0800d0b4                AHBPrescTable
 .rodata.APBPrescTable
                0x0800d0c4        0x8 cmake/stm32cubemx/CMakeFiles/STM32_Drivers.dir/__/__/Core/Src/system_stm32f4xx.c.obj
                0x0800d0c4                APBPrescTable
                0x0800d0cc                . = ALIGN (0x4)

.ARM.extab      0x0800d0cc        0x0
                0x0800d0cc                . = ALIGN (0x4)
 *(.ARM.extab* .gnu.linkonce.armextab.*)
                0x0800d0cc                . = ALIGN (0x4)

.ARM            0x0800d0cc        0x8
                0x0800d0cc                . = ALIGN (0x4)
                0x0800d0cc                __exidx_start = .
 *(.ARM.exidx*)
 .ARM.exidx     0x0800d0cc        0x8 d:/toolchain/gun_arm_embedded/bin/../lib/gcc/arm-none-eabi/10.3.1/thumb/v7e-m+fp/hard\libgcc.a(_udivmoddi4.o)
                0x0800d0d4                __exidx_end = .
                0x0800d0d4                . = ALIGN (0x4)

.rel.dyn        0x0800d0d4        0x0
 .rel.iplt      0x0800d0d4        0x0 d:/toolchain/gun_arm_embedded/bin/../lib/gcc/arm-none-eabi/10.3.1/thumb/v7e-m+fp/hard/crtbegin.o

.preinit_array  0x0800d0d4        0x0
                0x0800d0d4                . = ALIGN (0x4)
                0x0800d0d4                PROVIDE (__preinit_array_start = .)
 *(.preinit_array*)
                0x0800d0d4                PROVIDE (__preinit_array_end = .)
                0x0800d0d4                . = ALIGN (0x4)

.init_array     0x0800d0d4        0x4
                0x0800d0d4                . = ALIGN (0x4)
                0x0800d0d4                PROVIDE (__init_array_start = .)
 *(SORT_BY_NAME(.init_array.*))
 *(.init_array*)
 .init_array    0x0800d0d4        0x4 d:/toolchain/gun_arm_embedded/bin/../lib/gcc/arm-none-eabi/10.3.1/thumb/v7e-m+fp/hard/crtbegin.o
                0x0800d0d8                PROVIDE (__init_array_end = .)
                0x0800d0d8                . = ALIGN (0x4)

.fini_array     0x0800d0d8        0x4
                0x0800d0d8                . = ALIGN (0x4)
                [!provide]                PROVIDE (__fini_array_start = .)
 *(SORT_BY_NAME(.fini_array.*))
 *(.fini_array*)
 .fini_array    0x0800d0d8        0x4 d:/toolchain/gun_arm_embedded/bin/../lib/gcc/arm-none-eabi/10.3.1/thumb/v7e-m+fp/hard/crtbegin.o
                [!provide]                PROVIDE (__fini_array_end = .)
                0x0800d0dc                . = ALIGN (0x4)
                0x0800d0dc                _sidata = LOADADDR (.data)

.data           0x20000000      0x2c8 load address 0x0800d0dc
                0x20000000                . = ALIGN (0x4)
                0x20000000                _sdata = .
 *(.data)
 *(.data*)
 .data._impure_ptr
                0x20000000        0x4 d:/toolchain/gun_arm_embedded/bin/../lib/gcc/arm-none-eabi/10.3.1/../../../../arm-none-eabi/lib/thumb/v7e-m+fp/hard\libc_nano.a(lib_a-impure.o)
                0x20000000                _impure_ptr
 .data.impure_data
                0x20000004       0x60 d:/toolchain/gun_arm_embedded/bin/../lib/gcc/arm-none-eabi/10.3.1/../../../../arm-none-eabi/lib/thumb/v7e-m+fp/hard\libc_nano.a(lib_a-impure.o)
 .data.__global_locale
                0x20000064      0x16c d:/toolchain/gun_arm_embedded/bin/../lib/gcc/arm-none-eabi/10.3.1/../../../../arm-none-eabi/lib/thumb/v7e-m+fp/hard\libc_nano.a(lib_a-locale.o)
                0x20000064                __global_locale
 .data.motor1   0x200001d0       0x24 CMakeFiles/zgt6test.dir/Application/Src/chassis.c.obj
                0x200001d0                motor1
 .data.motor2   0x200001f4       0x24 CMakeFiles/zgt6test.dir/Application/Src/chassis.c.obj
                0x200001f4                motor2
 .data.motor3   0x20000218       0x24 CMakeFiles/zgt6test.dir/Application/Src/chassis.c.obj
                0x20000218                motor3
 .data.motor4   0x2000023c       0x24 CMakeFiles/zgt6test.dir/Application/Src/chassis.c.obj
                0x2000023c                motor4
 .data.encoder1
                0x20000260       0x10 CMakeFiles/zgt6test.dir/Application/Src/chassis.c.obj
                0x20000260                encoder1
 .data.encoder2
                0x20000270       0x10 CMakeFiles/zgt6test.dir/Application/Src/chassis.c.obj
                0x20000270                encoder2
 .data.encoder3
                0x20000280       0x10 CMakeFiles/zgt6test.dir/Application/Src/chassis.c.obj
                0x20000280                encoder3
 .data.encoder4
                0x20000290       0x10 CMakeFiles/zgt6test.dir/Application/Src/chassis.c.obj
                0x20000290                encoder4
 .data.solasi   0x200002a0       0x14 CMakeFiles/zgt6test.dir/Application/Src/app_music.c.obj
                0x200002a0                solasi
 .data.g_i2cAddr
                0x200002b4        0x1 CMakeFiles/zgt6test.dir/External/VL53L0X/Src/VL53L0X.c.obj
                0x200002b4                g_i2cAddr
 *fill*         0x200002b5        0x3 
 .data.SystemCoreClock
                0x200002b8        0x4 cmake/stm32cubemx/CMakeFiles/STM32_Drivers.dir/__/__/Core/Src/system_stm32f4xx.c.obj
                0x200002b8                SystemCoreClock
 .data.uwTickPrio
                0x200002bc        0x4 cmake/stm32cubemx/CMakeFiles/STM32_Drivers.dir/__/__/Drivers/STM32F4xx_HAL_Driver/Src/stm32f4xx_hal.c.obj
                0x200002bc                uwTickPrio
 .data.uwTickFreq
                0x200002c0        0x1 cmake/stm32cubemx/CMakeFiles/STM32_Drivers.dir/__/__/Drivers/STM32F4xx_HAL_Driver/Src/stm32f4xx_hal.c.obj
                0x200002c0                uwTickFreq
 *fill*         0x200002c1        0x3 
 .data.uxCriticalNesting
                0x200002c4        0x4 cmake/stm32cubemx/CMakeFiles/FreeRTOS.dir/__/__/Middlewares/Third_Party/FreeRTOS/Source/portable/GCC/ARM_CM4F/port.c.obj
 *(.RamFunc)
 *(.RamFunc*)
                0x200002c8                . = ALIGN (0x4)
                0x200002c8                _edata = .
                0x0800d3a4                _siccmram = LOADADDR (.ccmram)

.igot.plt       0x200002c8        0x0 load address 0x0800d3a4
 .igot.plt      0x200002c8        0x0 d:/toolchain/gun_arm_embedded/bin/../lib/gcc/arm-none-eabi/10.3.1/thumb/v7e-m+fp/hard/crtbegin.o

.ccmram         0x10000000        0x0 load address 0x0800d3a4
                0x10000000                . = ALIGN (0x4)
                0x10000000                _sccmram = .
 *(.ccmram)
 *(.ccmram*)
                0x10000000                . = ALIGN (0x4)
                0x10000000                _eccmram = .
                0x10000000                . = ALIGN (0x4)

.bss            0x200002c8     0x4da4
                0x200002c8                _sbss = .
                0x200002c8                __bss_start__ = _sbss
 *(.bss)
 .bss           0x200002c8       0x1c d:/toolchain/gun_arm_embedded/bin/../lib/gcc/arm-none-eabi/10.3.1/thumb/v7e-m+fp/hard/crtbegin.o
 *(.bss*)
 .bss.__malloc_free_list
                0x200002e4        0x4 d:/toolchain/gun_arm_embedded/bin/../lib/gcc/arm-none-eabi/10.3.1/../../../../arm-none-eabi/lib/thumb/v7e-m+fp/hard\libc_nano.a(lib_a-nano-mallocr.o)
                0x200002e4                __malloc_free_list
 .bss.__malloc_sbrk_start
                0x200002e8        0x4 d:/toolchain/gun_arm_embedded/bin/../lib/gcc/arm-none-eabi/10.3.1/../../../../arm-none-eabi/lib/thumb/v7e-m+fp/hard\libc_nano.a(lib_a-nano-mallocr.o)
                0x200002e8                __malloc_sbrk_start
 .bss.errno     0x200002ec        0x4 d:/toolchain/gun_arm_embedded/bin/../lib/gcc/arm-none-eabi/10.3.1/../../../../arm-none-eabi/lib/thumb/v7e-m+fp/hard\libc_nano.a(lib_a-reent.o)
                0x200002ec                errno
 .bss.__lock___malloc_recursive_mutex
                0x200002f0        0x1 d:/toolchain/gun_arm_embedded/bin/../lib/gcc/arm-none-eabi/10.3.1/../../../../arm-none-eabi/lib/thumb/v7e-m+fp/hard\libc_nano.a(lib_a-lock.o)
                0x200002f0                __lock___malloc_recursive_mutex
 .bss.__lock___sfp_recursive_mutex
                0x200002f1        0x1 d:/toolchain/gun_arm_embedded/bin/../lib/gcc/arm-none-eabi/10.3.1/../../../../arm-none-eabi/lib/thumb/v7e-m+fp/hard\libc_nano.a(lib_a-lock.o)
                0x200002f1                __lock___sfp_recursive_mutex
 .bss.__lock___sinit_recursive_mutex
                0x200002f2        0x1 d:/toolchain/gun_arm_embedded/bin/../lib/gcc/arm-none-eabi/10.3.1/../../../../arm-none-eabi/lib/thumb/v7e-m+fp/hard\libc_nano.a(lib_a-lock.o)
                0x200002f2                __lock___sinit_recursive_mutex