Archive member included to satisfy reference by file (symbol)

c:/applic~1/gnuarm~1/toolch~1.10/102021~1.10/bin/../lib/gcc/arm-none-eabi/10.3.1/../../../../arm-none-eabi/lib/thumb/v7e-m+fp/hard\libc_nano.a(lib_a-exit.o)
                              c:/applic~1/gnuarm~1/toolch~1.10/102021~1.10/bin/../lib/gcc/arm-none-eabi/10.3.1/../../../../arm-none-eabi/lib/thumb/v7e-m+fp/hard/crt0.o (exit)
c:/applic~1/gnuarm~1/toolch~1.10/102021~1.10/bin/../lib/gcc/arm-none-eabi/10.3.1/../../../../arm-none-eabi/lib/thumb/v7e-m+fp/hard\libc_nano.a(lib_a-impure.o)
                              c:/applic~1/gnuarm~1/toolch~1.10/102021~1.10/bin/../lib/gcc/arm-none-eabi/10.3.1/../../../../arm-none-eabi/lib/thumb/v7e-m+fp/hard\libc_nano.a(lib_a-exit.o) (_global_impure_ptr)
c:/applic~1/gnuarm~1/toolch~1.10/102021~1.10/bin/../lib/gcc/arm-none-eabi/10.3.1/../../../../arm-none-eabi/lib/thumb/v7e-m+fp/hard\libc_nano.a(lib_a-init.o)
                              c:/applic~1/gnuarm~1/toolch~1.10/102021~1.10/bin/../lib/gcc/arm-none-eabi/10.3.1/../../../../arm-none-eabi/lib/thumb/v7e-m+fp/hard/crt0.o (__libc_init_array)
c:/applic~1/gnuarm~1/toolch~1.10/102021~1.10/bin/../lib/gcc/arm-none-eabi/10.3.1/../../../../arm-none-eabi/lib/thumb/v7e-m+fp/hard\libc_nano.a(lib_a-memset.o)
                              c:/applic~1/gnuarm~1/toolch~1.10/102021~1.10/bin/../lib/gcc/arm-none-eabi/10.3.1/../../../../arm-none-eabi/lib/thumb/v7e-m+fp/hard/crt0.o (memset)
c:/applic~1/gnuarm~1/toolch~1.10/102021~1.10/bin/../lib/gcc/arm-none-eabi/10.3.1/../../../../arm-none-eabi/lib/thumb/v7e-m+fp/hard\libc_nano.a(lib_a-nano-vfprintf_float.o)
                              (_printf_float)
c:/applic~1/gnuarm~1/toolch~1.10/102021~1.10/bin/../lib/gcc/arm-none-eabi/10.3.1/../../../../arm-none-eabi/lib/thumb/v7e-m+fp/hard\libc_nano.a(lib_a-nano-vfprintf_i.o)
                              c:/applic~1/gnuarm~1/toolch~1.10/102021~1.10/bin/../lib/gcc/arm-none-eabi/10.3.1/../../../../arm-none-eabi/lib/thumb/v7e-m+fp/hard\libc_nano.a(lib_a-nano-vfprintf_float.o) (_printf_common)
c:/applic~1/gnuarm~1/toolch~1.10/102021~1.10/bin/../lib/gcc/arm-none-eabi/10.3.1/../../../../arm-none-eabi/lib/thumb/v7e-m+fp/hard\libc_nano.a(lib_a-strlen.o)
                              c:/applic~1/gnuarm~1/toolch~1.10/102021~1.10/bin/../lib/gcc/arm-none-eabi/10.3.1/../../../../arm-none-eabi/lib/thumb/v7e-m+fp/hard\libc_nano.a(lib_a-nano-vfprintf_float.o) (strlen)
c:/applic~1/gnuarm~1/toolch~1.10/102021~1.10/bin/../lib/gcc/arm-none-eabi/10.3.1/../../../../arm-none-eabi/lib/thumb/v7e-m+fp/hard\libc_nano.a(lib_a-dtoa.o)
                              c:/applic~1/gnuarm~1/toolch~1.10/102021~1.10/bin/../lib/gcc/arm-none-eabi/10.3.1/../../../../arm-none-eabi/lib/thumb/v7e-m+fp/hard\libc_nano.a(lib_a-nano-vfprintf_float.o) (_dtoa_r)
c:/applic~1/gnuarm~1/toolch~1.10/102021~1.10/bin/../lib/gcc/arm-none-eabi/10.3.1/../../../../arm-none-eabi/lib/thumb/v7e-m+fp/hard\libc_nano.a(lib_a-localeconv.o)
                              c:/applic~1/gnuarm~1/toolch~1.10/102021~1.10/bin/../lib/gcc/arm-none-eabi/10.3.1/../../../../arm-none-eabi/lib/thumb/v7e-m+fp/hard\libc_nano.a(lib_a-nano-vfprintf_float.o) (_localeconv_r)
c:/applic~1/gnuarm~1/toolch~1.10/102021~1.10/bin/../lib/gcc/arm-none-eabi/10.3.1/../../../../arm-none-eabi/lib/thumb/v7e-m+fp/hard\libc_nano.a(lib_a-malloc.o)
                              c:/applic~1/gnuarm~1/toolch~1.10/102021~1.10/bin/../lib/gcc/arm-none-eabi/10.3.1/../../../../arm-none-eabi/lib/thumb/v7e-m+fp/hard\libc_nano.a(lib_a-dtoa.o) (malloc)
c:/applic~1/gnuarm~1/toolch~1.10/102021~1.10/bin/../lib/gcc/arm-none-eabi/10.3.1/../../../../arm-none-eabi/lib/thumb/v7e-m+fp/hard\libc_nano.a(lib_a-memchr.o)
                              c:/applic~1/gnuarm~1/toolch~1.10/102021~1.10/bin/../lib/gcc/arm-none-eabi/10.3.1/../../../../arm-none-eabi/lib/thumb/v7e-m+fp/hard\libc_nano.a(lib_a-nano-vfprintf_i.o) (memchr)
c:/applic~1/gnuarm~1/toolch~1.10/102021~1.10/bin/../lib/gcc/arm-none-eabi/10.3.1/../../../../arm-none-eabi/lib/thumb/v7e-m+fp/hard\libc_nano.a(lib_a-memcpy-stub.o)
                              c:/applic~1/gnuarm~1/toolch~1.10/102021~1.10/bin/../lib/gcc/arm-none-eabi/10.3.1/../../../../arm-none-eabi/lib/thumb/v7e-m+fp/hard\libc_nano.a(lib_a-dtoa.o) (memcpy)
c:/applic~1/gnuarm~1/toolch~1.10/102021~1.10/bin/../lib/gcc/arm-none-eabi/10.3.1/../../../../arm-none-eabi/lib/thumb/v7e-m+fp/hard\libc_nano.a(lib_a-mprec.o)
                              c:/applic~1/gnuarm~1/toolch~1.10/102021~1.10/bin/../lib/gcc/arm-none-eabi/10.3.1/../../../../arm-none-eabi/lib/thumb/v7e-m+fp/hard\libc_nano.a(lib_a-dtoa.o) (_Balloc)
c:/applic~1/gnuarm~1/toolch~1.10/102021~1.10/bin/../lib/gcc/arm-none-eabi/10.3.1/../../../../arm-none-eabi/lib/thumb/v7e-m+fp/hard\libc_nano.a(lib_a-nano-callocr.o)
                              c:/applic~1/gnuarm~1/toolch~1.10/102021~1.10/bin/../lib/gcc/arm-none-eabi/10.3.1/../../../../arm-none-eabi/lib/thumb/v7e-m+fp/hard\libc_nano.a(lib_a-mprec.o) (_calloc_r)
[...]
Memory Configuration

Name             Origin             Length             Attributes
RAM              0x20000000         0x00020000         xrw
CCMRAM           0x10000000         0x00010000         xrw
FLASH            0x08000000         0x00100000         xr
*default*        0x00000000         0xffffffff

Linker script and memory map

LOAD c:/applic~1/gnuarm~1/toolch~1.10/102021~1.10/bin/../lib/gcc/arm-none-eabi/10.3.1/thumb/v7e-m+fp/hard/crti.o
LOAD c:/applic~1/gnuarm~1/toolch~1.10/102021~1.10/bin/../lib/gcc/arm-none-eabi/10.3.1/thumb/v7e-m+fp/hard/crtbegin.o
LOAD c:/applic~1/gnuarm~1/toolch~1.10/102021~1.10/bin/../lib/gcc/arm-none-eabi/10.3.1/../../../../arm-none-eabi/lib/thumb/v7e-m+fp/hard/crt0.o
START GROUP
LOAD c:/applic~1/gnuarm~1/toolch~1.10/102021~1.10/bin/../lib/gcc/arm-none-eabi/10.3.1/../../../../arm-none-eabi/lib/thumb/v7e-m+fp/hard\libc_nano.a
LOAD c:/applic~1/gnuarm~1/toolch~1.10/102021~1.10/bin/../lib/gcc/arm-none-eabi/10.3.1/../../../../arm-none-eabi/lib/thumb/v7e-m+fp/hard\libm.a
END GROUP
LOAD cmake/stm32cubemx/CMakeFiles/STM32_Drivers.dir/__/__/Core/Src/system_stm32f4xx.c.obj
LOAD cmake/stm32cubemx/CMakeFiles/STM32_Drivers.dir/__/__/Drivers/STM32F4xx_HAL_Driver/Src/stm32f4xx_hal_rcc.c.obj
LOAD cmake/stm32cubemx/CMakeFiles/STM32_Drivers.dir/__/__/Drivers/STM32F4xx_HAL_Driver/Src/stm32f4xx_hal_rcc_ex.c.obj
LOAD cmake/stm32cubemx/CMakeFiles/STM32_Drivers.dir/__/__/Drivers/STM32F4xx_HAL_Driver/Src/stm32f4xx_hal_flash.c.obj
LOAD cmake/stm32cubemx/CMakeFiles/STM32_Drivers.dir/__/__/Drivers/STM32F4xx_HAL_Driver/Src/stm32f4xx_hal_flash_ex.c.obj
LOAD cmake/stm32cubemx/CMakeFiles/STM32_Drivers.dir/__/__/Drivers/STM32F4xx_HAL_Driver/Src/stm32f4xx_hal_flash_ramfunc.c.obj
LOAD cmake/stm32cubemx/CMakeFiles/STM32_Drivers.dir/__/__/Drivers/STM32F4xx_HAL_Driver/Src/stm32f4xx_hal_gpio.c.obj
LOAD cmake/stm32cubemx/CMakeFiles/STM32_Drivers.dir/__/__/Drivers/STM32F4xx_HAL_Driver/Src/stm32f4xx_hal_dma_ex.c.obj
LOAD cmake/stm32cubemx/CMakeFiles/STM32_Drivers.dir/__/__/Drivers/STM32F4xx_HAL_Driver/Src/stm32f4xx_hal_dma.c.obj
LOAD cmake/stm32cubemx/CMakeFiles/STM32_Drivers.dir/__/__/Drivers/STM32F4xx_HAL_Driver/Src/stm32f4xx_hal_pwr.c.obj
LOAD cmake/stm32cubemx/CMakeFiles/STM32_Drivers.dir/__/__/Drivers/STM32F4xx_HAL_Driver/Src/stm32f4xx_hal_pwr_ex.c.obj
LOAD cmake/stm32cubemx/CMakeFiles/STM32_Drivers.dir/__/__/Drivers/STM32F4xx_HAL_Driver/Src/stm32f4xx_hal_cortex.c.obj
LOAD cmake/stm32cubemx/CMakeFiles/STM32_Drivers.dir/__/__/Drivers/STM32F4xx_HAL_Driver/Src/stm32f4xx_hal.c.obj
LOAD cmake/stm32cubemx/CMakeFiles/STM32_Drivers.dir/__/__/Drivers/STM32F4xx_HAL_Driver/Src/stm32f4xx_hal_exti.c.obj
LOAD cmake/stm32cubemx/CMakeFiles/STM32_Drivers.dir/__/__/Drivers/STM32F4xx_HAL_Driver/Src/stm32f4xx_hal_i2c.c.obj
LOAD cmake/stm32cubemx/CMakeFiles/STM32_Drivers.dir/__/__/Drivers/STM32F4xx_HAL_Driver/Src/stm32f4xx_hal_i2c_ex.c.obj
LOAD cmake/stm32cubemx/CMakeFiles/STM32_Drivers.dir/__/__/Drivers/STM32F4xx_HAL_Driver/Src/stm32f4xx_hal_tim.c.obj
LOAD cmake/stm32cubemx/CMakeFiles/STM32_Drivers.dir/__/__/Drivers/STM32F4xx_HAL_Driver/Src/stm32f4xx_hal_tim_ex.c.obj
LOAD cmake/stm32cubemx/CMakeFiles/STM32_Drivers.dir/__/__/Drivers/STM32F4xx_HAL_Driver/Src/stm32f4xx_hal_uart.c.obj
LOAD cmake/stm32cubemx/CMakeFiles/FreeRTOS.dir/__/__/Middlewares/Third_Party/FreeRTOS/Source/croutine.c.obj
LOAD cmake/stm32cubemx/CMakeFiles/FreeRTOS.dir/__/__/Middlewares/Third_Party/FreeRTOS/Source/event_groups.c.obj
LOAD cmake/stm32cubemx/CMakeFiles/FreeRTOS.dir/__/__/Middlewares/Third_Party/FreeRTOS/Source/list.c.obj
LOAD cmake/stm32cubemx/CMakeFiles/FreeRTOS.dir/__/__/Middlewares/Third_Party/FreeRTOS/Source/queue.c.obj
LOAD cmake/stm32cubemx/CMakeFiles/FreeRTOS.dir/__/__/Middlewares/Third_Party/FreeRTOS/Source/stream_buffer.c.obj
LOAD cmake/stm32cubemx/CMakeFiles/FreeRTOS.dir/__/__/Middlewares/Third_Party/FreeRTOS/Source/tasks.c.obj
LOAD cmake/stm32cubemx/CMakeFiles/FreeRTOS.dir/__/__/Middlewares/Third_Party/FreeRTOS/Source/timers.c.obj
LOAD cmake/stm32cubemx/CMakeFiles/FreeRTOS.dir/__/__/Middlewares/Third_Party/FreeRTOS/Source/CMSIS_RTOS_V2/cmsis_os2.c.obj
LOAD cmake/stm32cubemx/CMakeFiles/FreeRTOS.dir/__/__/Middlewares/Third_Party/FreeRTOS/Source/portable/MemMang/heap_4.c.obj
LOAD cmake/stm32cubemx/CMakeFiles/FreeRTOS.dir/__/__/Middlewares/Third_Party/FreeRTOS/Source/portable/GCC/ARM_CM4F/port.c.obj
LOAD CMakeFiles/zgt6test.dir/Core/Src/main.c.obj
LOAD CMakeFiles/zgt6test.dir/Core/Src/gpio.c.obj
LOAD CMakeFiles/zgt6test.dir/Core/Src/freertos.c.obj
LOAD CMakeFiles/zgt6test.dir/Core/Src/i2c.c.obj
LOAD CMakeFiles/zgt6test.dir/Core/Src/tim.c.obj
LOAD CMakeFiles/zgt6test.dir/Core/Src/usart.c.obj
LOAD CMakeFiles/zgt6test.dir/Core/Src/stm32f4xx_it.c.obj
LOAD CMakeFiles/zgt6test.dir/Core/Src/stm32f4xx_hal_msp.c.obj
LOAD CMakeFiles/zgt6test.dir/Core/Src/sysmem.c.obj
LOAD CMakeFiles/zgt6test.dir/Core/Src/syscalls.c.obj
LOAD CMakeFiles/zgt6test.dir/startup_stm32f407xx.s.obj
LOAD CMakeFiles/zgt6test.dir/bsp/Src/bsp_motor.c.obj
LOAD CMakeFiles/zgt6test.dir/bsp/Src/bsp_usart.c.obj
LOAD CMakeFiles/zgt6test.dir/bsp/Src/bsp_encoder.c.obj
LOAD CMakeFiles/zgt6test.dir/bsp/Src/bsp_imu_mpu6050.c.obj
LOAD CMakeFiles/zgt6test.dir/bsp/Src/bsp_pid.c.obj
LOAD CMakeFiles/zgt6test.dir/bsp/Src/bsp_irtracker.c.obj
LOAD CMakeFiles/zgt6test.dir/bsp/Src/bsp_buzzer.c.obj
LOAD CMakeFiles/zgt6test.dir/bsp/Src/bsp_key.c.obj
LOAD CMakeFiles/zgt6test.dir/bsp/Src/bsp_tof.c.obj
LOAD CMakeFiles/zgt6test.dir/Algorithm/Src/pid.c.obj
LOAD CMakeFiles/zgt6test.dir/task/Src/start_default_task.c.obj
LOAD CMakeFiles/zgt6test.dir/task/Src/task_motor.c.obj
LOAD CMakeFiles/zgt6test.dir/Application/Src/chassis.c.obj
LOAD CMakeFiles/zgt6test.dir/Application/Src/line_follow.c.obj
LOAD CMakeFiles/zgt6test.dir/Application/Src/app_music.c.obj
LOAD CMakeFiles/zgt6test.dir/Application/Src/key_test.c.obj
LOAD CMakeFiles/zgt6test.dir/Application/Src/imu_output.c.obj
LOAD CMakeFiles/zgt6test.dir/Application/Src/tof_output.c.obj
LOAD CMakeFiles/zgt6test.dir/Application/Src/chassis_app.c.obj
LOAD CMakeFiles/zgt6test.dir/Application/Src/app_imu_pose.c.obj
LOAD CMakeFiles/zgt6test.dir/External/VL53L0X/Src/VL53L0X.c.obj
START GROUP
LOAD c:/applic~1/gnuarm~1/toolch~1.10/102021~1.10/bin/../lib/gcc/arm-none-eabi/10.3.1/thumb/v7e-m+fp/hard\libgcc.a
LOAD c:/applic~1/gnuarm~1/toolch~1.10/102021~1.10/bin/../lib/gcc/arm-none-eabi/10.3.1/../../../../arm-none-eabi/lib/thumb/v7e-m+fp/hard\libg_nano.a
LOAD c:/applic~1/gnuarm~1/toolch~1.10/102021~1.10/bin/../lib/gcc/arm-none-eabi/10.3.1/../../../../arm-none-eabi/lib/thumb/v7e-m+fp/hard\libc_nano.a
END GROUP
START GROUP
LOAD c:/applic~1/gnuarm~1/toolch~1.10/102021~1.10/bin/../lib/gcc/arm-none-eabi/10.3.1/thumb/v7e-m+fp/hard\libgcc.a
LOAD c:/applic~1/gnuarm~1/toolch~1.10/102021~1.10/bin/../lib/gcc/arm-none-eabi/10.3.1/../../../../arm-none-eabi/lib/thumb/v7e-m+fp/hard\libc_nano.a
END GROUP
LOAD c:/applic~1/gnuarm~1/toolch~1.10/102021~1.10/bin/../lib/gcc/arm-none-eabi/10.3.1/thumb/v7e-m+fp/hard/crtend.o
LOAD c:/applic~1/gnuarm~1/toolch~1.10/102021~1.10/bin/../lib/gcc/arm-none-eabi/10.3.1/thumb/v7e-m+fp/hard/crtn.o
                0x20020000                _estack = (ORIGIN (RAM) + LENGTH (RAM))
                0x00000200                _Min_Heap_Size = 0x200
                0x00000400                _Min_Stack_Size = 0x400

.isr_vector     0x08000000      0x188
                0x08000000                . = ALIGN (0x4)
 *(.isr_vector)
 .isr_vector    0x08000000      0x188 CMakeFiles/zgt6test.dir/startup_stm32f407xx.s.obj
                0x08000000                g_pfnVectors
                0x08000188                . = ALIGN (0x4)

.text           0x08000190     0xc034
                0x08000190                . = ALIGN (0x4)
 *(.text)
 .text          0x08000190       0x40 c:/applic~1/gnuarm~1/toolch~1.10/102021~1.10/bin/../lib/gcc/arm-none-eabi/10.3.1/thumb/v7e-m+fp/hard/crtbegin.o
 .text          0x080001d0       0x10 c:/applic~1/gnuarm~1/toolch~1.10/102021~1.10/bin/../lib/gcc/arm-none-eabi/10.3.1/../../../../arm-none-eabi/lib/thumb/v7e-m+fp/hard\libc_nano.a(lib_a-strlen.o)
                0x080001d0                strlen
 .text          0x080001e0       0xa0 c:/applic~1/gnuarm~1/toolch~1.10/102021~1.10/bin/../lib/gcc/arm-none-eabi/10.3.1/../../../../arm-none-eabi/lib/thumb/v7e-m+fp/hard\libc_nano.a(lib_a-memchr.o)
                0x080001e0                memchr
 .text          0x08000280      0x378 c:/applic~1/gnuarm~1/toolch~1.10/102021~1.10/bin/../lib/gcc/arm-none-eabi/10.3.1/thumb/v7e-m+fp/hard\libgcc.a(_arm_addsubdf3.o)
                0x08000280                __aeabi_drsub
                0x08000288                __aeabi_dsub
                0x08000288                __subdf3
                0x0800028c                __aeabi_dadd
                0x0800028c                __adddf3
                0x08000504                __floatunsidf
                0x08000504                __aeabi_ui2d
                0x08000524                __floatsidf
                0x08000524                __aeabi_i2d
                0x08000548                __aeabi_f2d
                0x08000548                __extendsfdf2
                0x0800058c                __floatundidf
                0x0800058c                __aeabi_ul2d
                0x0800059c                __floatdidf
                0x0800059c                __aeabi_l2d
 .text          0x080005f8      0x424 c:/applic~1/gnuarm~1/toolch~1.10/102021~1.10/bin/../lib/gcc/arm-none-eabi/10.3.1/thumb/v7e-m+fp/hard\libgcc.a(_arm_muldivdf3.o)
                0x080005f8                __aeabi_dmul
                0x080005f8                __muldf3
                0x0800084c                __divdf3
                0x0800084c                __aeabi_ddiv
 .text          0x08000a1c      0x110 c:/applic~1/gnuarm~1/toolch~1.10/102021~1.10/bin/../lib/gcc/arm-none-eabi/10.3.1/thumb/v7e-m+fp/hard\libgcc.a(_arm_cmpdf2.o)
                0x08000a1c                __gtdf2
                0x08000a1c                __gedf2
                0x08000a24                __ltdf2
                0x08000a24                __ledf2
                0x08000a2c                __nedf2
                0x08000a2c                __eqdf2
                0x08000a2c                __cmpdf2
                0x08000aa8                __aeabi_cdrcmple
                0x08000ab8                __aeabi_cdcmpeq
                0x08000ab8                __aeabi_cdcmple
                0x08000ac8                __aeabi_dcmpeq
                0x08000adc                __aeabi_dcmplt
                0x08000af0                __aeabi_dcmple
                0x08000b04                __aeabi_dcmpge
                0x08000b18                __aeabi_dcmpgt
 .text          0x08000b2c       0x2c c:/applic~1/gnuarm~1/toolch~1.10/102021~1.10/bin/../lib/gcc/arm-none-eabi/10.3.1/thumb/v7e-m+fp/hard\libgcc.a(_arm_unorddf2.o)
                0x08000b2c                __unorddf2
                0x08000b2c                __aeabi_dcmpun
 .text          0x08000b58       0x50 c:/applic~1/gnuarm~1/toolch~1.10/102021~1.10/bin/../lib/gcc/arm-none-eabi/10.3.1/thumb/v7e-m+fp/hard\libgcc.a(_arm_fixdfsi.o)
                0x08000b58                __aeabi_d2iz
                0x08000b58                __fixdfsi
 .text          0x08000ba8       0x30 c:/applic~1/gnuarm~1/toolch~1.10/102021~1.10/bin/../lib/gcc/arm-none-eabi/10.3.1/thumb/v7e-m+fp/hard\libgcc.a(_aeabi_uldivmod.o)
                0x08000ba8                __aeabi_uldivmod
 .text          0x08000bd8      0x2d0 c:/applic~1/gnuarm~1/toolch~1.10/102021~1.10/bin/../lib/gcc/arm-none-eabi/10.3.1/thumb/v7e-m+fp/hard\libgcc.a(_udivmoddi4.o)
                0x08000bd8                __udivmoddi4
 .text          0x08000ea8        0x4 c:/applic~1/gnuarm~1/toolch~1.10/102021~1.10/bin/../lib/gcc/arm-none-eabi/10.3.1/thumb/v7e-m+fp/hard\libgcc.a(_dvmd_tls.o)
                0x08000ea8                __aeabi_idiv0
                0x08000ea8                __aeabi_ldiv0
 *(.text*)
 .text.__libc_init_array
                0x08000eac       0x48 c:/applic~1/gnuarm~1/toolch~1.10/102021~1.10/bin/../lib/gcc/arm-none-eabi/10.3.1/../../../../arm-none-eabi/lib/thumb/v7e-m+fp/hard\libc_nano.a(lib_a-init.o)
                0x08000eac                __libc_init_array
 .text.memset   0x08000ef4       0x10 c:/applic~1/gnuarm~1/toolch~1.10/102021~1.10/bin/../lib/gcc/arm-none-eabi/10.3.1/../../../../arm-none-eabi/lib/thumb/v7e-m+fp/hard\libc_nano.a(lib_a-memset.o)
                0x08000ef4                memset
 .text.__cvt    0x08000f04       0xc4 c:/applic~1/gnuarm~1/toolch~1.10/102021~1.10/bin/../lib/gcc/arm-none-eabi/10.3.1/../../../../arm-none-eabi/lib/thumb/v7e-m+fp/hard\libc_nano.a(lib_a-nano-vfprintf_float.o)
                0x08000f04                __cvt
 .text.__exponent
                0x08000fc8       0x7c c:/applic~1/gnuarm~1/toolch~1.10/102021~1.10/bin/../lib/gcc/arm-none-eabi/10.3.1/../../../../arm-none-eabi/lib/thumb/v7e-m+fp/hard\libc_nano.a(lib_a-nano-vfprintf_float.o)
                0x08000fc8                __exponent
 .text._printf_float
                0x08001044      0x46c c:/applic~1/gnuarm~1/toolch~1.10/102021~1.10/bin/../lib/gcc/arm-none-eabi/10.3.1/../../../../arm-none-eabi/lib/thumb/v7e-m+fp/hard\libc_nano.a(lib_a-nano-vfprintf_float.o)
                0x08001044                _printf_float
 .text._printf_common
                0x080014b0       0xda c:/applic~1/gnuarm~1/toolch~1.10/102021~1.10/bin/../lib/gcc/arm-none-eabi/10.3.1/../../../../arm-none-eabi/lib/thumb/v7e-m+fp/hard\libc_nano.a(lib_a-nano-vfprintf_i.o)
                0x080014b0                _printf_common
 *fill*         0x0800158a        0x2 
 .text._printf_i
                0x0800158c      0x24c c:/applic~1/gnuarm~1/toolch~1.10/102021~1.10/bin/../lib/gcc/arm-none-eabi/10.3.1/../../../../arm-none-eabi/lib/thumb/v7e-m+fp/hard\libc_nano.a(lib_a-nano-vfprintf_i.o)
                0x0800158c                _printf_i
 .text.quorem   0x080017d8      0x116 c:/applic~1/gnuarm~1/toolch~1.10/102021~1.10/bin/../lib/gcc/arm-none-eabi/10.3.1/../../../../arm-none-eabi/lib/thumb/v7e-m+fp/hard\libc_nano.a(lib_a-dtoa.o)
 *fill*         0x080018ee        0x2 
 .text._dtoa_r  0x080018f0      0xbdc c:/applic~1/gnuarm~1/toolch~1.10/102021~1.10/bin/../lib/gcc/arm-none-eabi/10.3.1/../../../../arm-none-eabi/lib/thumb/v7e-m+fp/hard\libc_nano.a(lib_a-dtoa.o)
                0x080018f0                _dtoa_r
 .text._localeconv_r
                0x080024cc        0x8 c:/applic~1/gnuarm~1/toolch~1.10/102021~1.10/bin/../lib/gcc/arm-none-eabi/10.3.1/../../../../arm-none-eabi/lib/thumb/v7e-m+fp/hard\libc_nano.a(lib_a-localeconv.o)
                0x080024cc                _localeconv_r
 .text.malloc   0x080024d4       0x10 c:/applic~1/gnuarm~1/toolch~1.10/102021~1.10/bin/../lib/gcc/arm-none-eabi/10.3.1/../../../../arm-none-eabi/lib/thumb/v7e-m+fp/hard\libc_nano.a(lib_a-malloc.o)
                0x080024d4                malloc
 .text.memcpy   0x080024e4       0x1c c:/applic~1/gnuarm~1/toolch~1.10/102021~1.10/bin/../lib/gcc/arm-none-eabi/10.3.1/../../../../arm-none-eabi/lib/thumb/v7e-m+fp/hard\libc_nano.a(lib_a-memcpy-stub.o)
                0x080024e4                memcpy
 .text._Balloc  0x08002500       0x80 c:/applic~1/gnuarm~1/toolch~1.10/102021~1.10/bin/../lib/gcc/arm-none-eabi/10.3.1/../../../../arm-none-eabi/lib/thumb/v7e-m+fp/hard\libc_nano.a(lib_a-mprec.o)
                0x08002500                _Balloc
 .text._Bfree   0x08002580       0x44 c:/applic~1/gnuarm~1/toolch~1.10/102021~1.10/bin/../lib/gcc/arm-none-eabi/10.3.1/../../../../arm-none-eabi/lib/thumb/v7e-m+fp/hard\libc_nano.a(lib_a-mprec.o)
                0x08002580                _Bfree
 .text.__multadd
                0x080025c4       0x8c c:/applic~1/gnuarm~1/toolch~1.10/102021~1.10/bin/../lib/gcc/arm-none-eabi/10.3.1/../../../../arm-none-eabi/lib/thumb/v7e-m+fp/hard\libc_nano.a(lib_a-mprec.o)
                0x080025c4                __multadd
 .text.__hi0bits
                0x08002650       0x40 c:/applic~1/gnuarm~1/toolch~1.10/102021~1.10/bin/../lib/gcc/arm-none-eabi/10.3.1/../../../../arm-none-eabi/lib/thumb/v7e-m+fp/hard\libc_nano.a(lib_a-mprec.o)
                0x08002650                __hi0bits
 .text.__lo0bits
                0x08002690       0x5e c:/applic~1/gnuarm~1/toolch~1.10/102021~1.10/bin/../lib/gcc/arm-none-eabi/10.3.1/../../../../arm-none-eabi/lib/thumb/v7e-m+fp/hard\libc_nano.a(lib_a-mprec.o)
                0x08002690                __lo0bits
 *fill*         0x080026ee        0x2 
 .text.__i2b    0x080026f0       0x2c c:/applic~1/gnuarm~1/toolch~1.10/102021~1.10/bin/../lib/gcc/arm-none-eabi/10.3.1/../../../../arm-none-eabi/lib/thumb/v7e-m+fp/hard\libc_nano.a(lib_a-mprec.o)
                0x080026f0                __i2b
 .text.__multiply
                0x0800271c      0x154 c:/applic~1/gnuarm~1/toolch~1.10/102021~1.10/bin/../lib/gcc/arm-none-eabi/10.3.1/../../../../arm-none-eabi/lib/thumb/v7e-m+fp/hard\libc_nano.a(lib_a-mprec.o)
                0x0800271c                __multiply
 .text.__pow5mult
                0x08002870       0xb4 c:/applic~1/gnuarm~1/toolch~1.10/102021~1.10/bin/../lib/gcc/arm-none-eabi/10.3.1/../../../../arm-none-eabi/lib/thumb/v7e-m+fp/hard\libc_nano.a(lib_a-mprec.o)
                0x08002870                __pow5mult
 .text.__lshift
                0x08002924       0xe0 c:/applic~1/gnuarm~1/toolch~1.10/102021~1.10/bin/../lib/gcc/arm-none-eabi/10.3.1/../../../../arm-none-eabi/lib/thumb/v7e-m+fp/hard\libc_nano.a(lib_a-mprec.o)
                0x08002924                __lshift
 .text.__mcmp   0x08002a04       0x38 c:/applic~1/gnuarm~1/toolch~1.10/102021~1.10/bin/../lib/gcc/arm-none-eabi/10.3.1/../../../../arm-none-eabi/lib/thumb/v7e-m+fp/hard\libc_nano.a(lib_a-mprec.o)
                0x08002a04                __mcmp
 .text.__mdiff  0x08002a3c      0x114 c:/applic~1/gnuarm~1/toolch~1.10/102021~1.10/bin/../lib/gcc/arm-none-eabi/10.3.1/../../../../arm-none-eabi/lib/thumb/v7e-m+fp/hard\libc_nano.a(lib_a-mprec.o)
                0x08002a3c                __mdiff
 .text.__d2b    0x08002b50       0xb8 c:/applic~1/gnuarm~1/toolch~1.10/102021~1.10/bin/../lib/gcc/arm-none-eabi/10.3.1/../../../../arm-none-eabi/lib/thumb/v7e-m+fp/hard\libc_nano.a(lib_a-mprec.o)
                0x08002b50                __d2b
 .text._calloc_r
                0x08002c08       0x2c c:/applic~1/gnuarm~1/toolch~1.10/102021~1.10/bin/../lib/gcc/arm-none-eabi/10.3.1/../../../../arm-none-eabi/lib/thumb/v7e-m+fp/hard\libc_nano.a(lib_a-nano-callocr.o)
                0x08002c08                _calloc_r
 .text._free_r  0x08002c34       0x98 c:/applic~1/gnuarm~1/toolch~1.10/102021~1.10/bin/../lib/gcc/arm-none-eabi/10.3.1/../../../../arm-none-eabi/lib/thumb/v7e-m+fp/hard\libc_nano.a(lib_a-nano-freer.o)
                0x08002c34                _free_r
 .text.sbrk_aligned
                0x08002ccc       0x40 c:/applic~1/gnuarm~1/toolch~1.10/102021~1.10/bin/../lib/gcc/arm-none-eabi/10.3.1/../../../../arm-none-eabi/lib/thumb/v7e-m+fp/hard\libc_nano.a(lib_a-nano-mallocr.o)
 .text._malloc_r
                0x08002d0c       0xe8 c:/applic~1/gnuarm~1/toolch~1.10/102021~1.10/bin/../lib/gcc/arm-none-eabi/10.3.1/../../../../arm-none-eabi/lib/thumb/v7e-m+fp/hard\libc_nano.a(lib_a-nano-mallocr.o)
                0x08002d0c                _malloc_r
 .text._sbrk_r  0x08002df4       0x20 c:/applic~1/gnuarm~1/toolch~1.10/102021~1.10/bin/../lib/gcc/arm-none-eabi/10.3.1/../../../../arm-none-eabi/lib/thumb/v7e-m+fp/hard\libc_nano.a(lib_a-sbrkr.o)
                0x08002df4                _sbrk_r
 .text.__assert_func
                0x08002e14       0x3c c:/applic~1/gnuarm~1/toolch~1.10/102021~1.10/bin/../lib/gcc/arm-none-eabi/10.3.1/../../../../arm-none-eabi/lib/thumb/v7e-m+fp/hard\libc_nano.a(lib_a-assert.o)
                0x08002e14                __assert_func
 .text.fprintf  0x08002e50       0x24 c:/applic~1/gnuarm~1/toolch~1.10/102021~1.10/bin/../lib/gcc/arm-none-eabi/10.3.1/../../../../arm-none-eabi/lib/thumb/v7e-m+fp/hard\libc_nano.a(lib_a-fprintf.o)
                0x08002e50                fiprintf
                0x08002e50                fprintf
 .text.__ascii_mbtowc
                0x08002e74       0x24 c:/applic~1/gnuarm~1/toolch~1.10/102021~1.10/bin/../lib/gcc/arm-none-eabi/10.3.1/../../../../arm-none-eabi/lib/thumb/v7e-m+fp/hard\libc_nano.a(lib_a-mbtowc_r.o)
                0x08002e74                __ascii_mbtowc
 .text.__malloc_lock
                0x08002e98        0xc c:/applic~1/gnuarm~1/toolch~1.10/102021~1.10/bin/../lib/gcc/arm-none-eabi/10.3.1/../../../../arm-none-eabi/lib/thumb/v7e-m+fp/hard\libc_nano.a(lib_a-mlock.o)
                0x08002e98                __malloc_lock
 .text.__malloc_unlock
                0x08002ea4        0xc c:/applic~1/gnuarm~1/toolch~1.10/102021~1.10/bin/../lib/gcc/arm-none-eabi/10.3.1/../../../../arm-none-eabi/lib/thumb/v7e-m+fp/hard\libc_nano.a(lib_a-mlock.o)
                0x08002ea4                __malloc_unlock
 .text.__sfputc_r
                0x08002eb0       0x2e c:/applic~1/gnuarm~1/toolch~1.10/102021~1.10/bin/../lib/gcc/arm-none-eabi/10.3.1/../../../../arm-none-eabi/lib/thumb/v7e-m+fp/hard\libc_nano.a(lib_a-nano-vfprintf.o)
 .text.__sfputs_r
                0x08002ede       0x24 c:/applic~1/gnuarm~1/toolch~1.10/102021~1.10/bin/../lib/gcc/arm-none-eabi/10.3.1/../../../../arm-none-eabi/lib/thumb/v7e-m+fp/hard\libc_nano.a(lib_a-nano-vfprintf.o)
                0x08002ede                __sfputs_r
 *fill*         0x08002f02        0x2 
 .text._vfprintf_r
                0x08002f04      0x260 c:/applic~1/gnuarm~1/toolch~1.10/102021~1.10/bin/../lib/gcc/arm-none-eabi/10.3.1/../../../../arm-none-eabi/lib/thumb/v7e-m+fp/hard\libc_nano.a(lib_a-nano-vfprintf.o)
                0x08002f04                _vfprintf_r
                0x08002f04                _vfiprintf_r
 .text.__swbuf_r
                0x08003164       0xa4 c:/applic~1/gnuarm~1/toolch~1.10/102021~1.10/bin/../lib/gcc/arm-none-eabi/10.3.1/../../../../arm-none-eabi/lib/thumb/v7e-m+fp/hard\libc_nano.a(lib_a-wbuf.o)
                0x08003164                __swbuf_r
 .text.__ascii_wctomb
                0x08003208       0x1a c:/applic~1/gnuarm~1/toolch~1.10/102021~1.10/bin/../lib/gcc/arm-none-eabi/10.3.1/../../../../arm-none-eabi/lib/thumb/v7e-m+fp/hard\libc_nano.a(lib_a-wctomb_r.o)
                0x08003208                __ascii_wctomb
 *fill*         0x08003222        0x2 
 .text.__swsetup_r
                0x08003224       0xdc c:/applic~1/gnuarm~1/toolch~1.10/102021~1.10/bin/../lib/gcc/arm-none-eabi/10.3.1/../../../../arm-none-eabi/lib/thumb/v7e-m+fp/hard\libc_nano.a(lib_a-wsetup.o)
                0x08003224                __swsetup_r
 .text.abort    0x08003300        0xe c:/applic~1/gnuarm~1/toolch~1.10/102021~1.10/bin/../lib/gcc/arm-none-eabi/10.3.1/../../../../arm-none-eabi/lib/thumb/v7e-m+fp/hard\libc_nano.a(lib_a-abort.o)
                0x08003300                abort
 *fill*         0x0800330e        0x2 
 .text.__sflush_r
                0x08003310      0x10c c:/applic~1/gnuarm~1/toolch~1.10/102021~1.10/bin/../lib/gcc/arm-none-eabi/10.3.1/../../../../arm-none-eabi/lib/thumb/v7e-m+fp/hard\libc_nano.a(lib_a-fflush.o)
                0x08003310                __sflush_r
 .text._fflush_r
                0x0800341c       0x78 c:/applic~1/gnuarm~1/toolch~1.10/102021~1.10/bin/../lib/gcc/arm-none-eabi/10.3.1/../../../../arm-none-eabi/lib/thumb/v7e-m+fp/hard\libc_nano.a(lib_a-fflush.o)
                0x0800341c                _fflush_r
 .text.std      0x08003494       0x48 c:/applic~1/gnuarm~1/toolch~1.10/102021~1.10/bin/../lib/gcc/arm-none-eabi/10.3.1/../../../../arm-none-eabi/lib/thumb/v7e-m+fp/hard\libc_nano.a(lib_a-findfp.o)
 .text._cleanup_r
                0x080034dc        0xc c:/applic~1/gnuarm~1/toolch~1.10/102021~1.10/bin/../lib/gcc/arm-none-eabi/10.3.1/../../../../arm-none-eabi/lib/thumb/v7e-m+fp/hard\libc_nano.a(lib_a-findfp.o)
                0x080034dc                _cleanup_r
 .text.__sfmoreglue
                0x080034e8       0x2c c:/applic~1/gnuarm~1/toolch~1.10/102021~1.10/bin/../lib/gcc/arm-none-eabi/10.3.1/../../../../arm-none-eabi/lib/thumb/v7e-m+fp/hard\libc_nano.a(lib_a-findfp.o)
                0x080034e8                __sfmoreglue
 .text.__sfp_lock_acquire
                0x08003514        0xc c:/applic~1/gnuarm~1/toolch~1.10/102021~1.10/bin/../lib/gcc/arm-none-eabi/10.3.1/../../../../arm-none-eabi/lib/thumb/v7e-m+fp/hard\libc_nano.a(lib_a-findfp.o)
                0x08003514                __sfp_lock_acquire
 .text.__sfp_lock_release
                0x08003520        0xc c:/applic~1/gnuarm~1/toolch~1.10/102021~1.10/bin/../lib/gcc/arm-none-eabi/10.3.1/../../../../arm-none-eabi/lib/thumb/v7e-m+fp/hard\libc_nano.a(lib_a-findfp.o)
                0x08003520                __sfp_lock_release
 .text.__sinit_lock_acquire
                0x0800352c        0xc c:/applic~1/gnuarm~1/toolch~1.10/102021~1.10/bin/../lib/gcc/arm-none-eabi/10.3.1/../../../../arm-none-eabi/lib/thumb/v7e-m+fp/hard\libc_nano.a(lib_a-findfp.o)
                0x0800352c                __sinit_lock_acquire
 .text.__sinit_lock_release
                0x08003538        0xc c:/applic~1/gnuarm~1/toolch~1.10/102021~1.10/bin/../lib/gcc/arm-none-eabi/10.3.1/../../../../arm-none-eabi/lib/thumb/v7e-m+fp/hard\libc_nano.a(lib_a-findfp.o)
                0x08003538                __sinit_lock_release
 .text.__sinit  0x08003544       0x70 c:/applic~1/gnuarm~1/toolch~1.10/102021~1.10/bin/../lib/gcc/arm-none-eabi/10.3.1/../../../../arm-none-eabi/lib/thumb/v7e-m+fp/hard\libc_nano.a(lib_a-findfp.o)
                0x08003544                __sinit
 .text.__sfp    0x080035b4       0x8c c:/applic~1/gnuarm~1/toolch~1.10/102021~1.10/bin/../lib/gcc/arm-none-eabi/10.3.1/../../../../arm-none-eabi/lib/thumb/v7e-m+fp/hard\libc_nano.a(lib_a-findfp.o)
                0x080035b4                __sfp
 .text._fwalk_reent
                0x08003640       0x3e c:/applic~1/gnuarm~1/toolch~1.10/102021~1.10/bin/../lib/gcc/arm-none-eabi/10.3.1/../../../../arm-none-eabi/lib/thumb/v7e-m+fp/hard\libc_nano.a(lib_a-fwalk.o)
                0x08003640                _fwalk_reent
 .text.__retarget_lock_init_recursive
                0x0800367e        0x2 c:/applic~1/gnuarm~1/toolch~1.10/102021~1.10/bin/../lib/gcc/arm-none-eabi/10.3.1/../../../../arm-none-eabi/lib/thumb/v7e-m+fp/hard\libc_nano.a(lib_a-lock.o)
                0x0800367e                __retarget_lock_init_recursive
 .text.__retarget_lock_acquire_recursive
                0x08003680        0x2 c:/applic~1/gnuarm~1/toolch~1.10/102021~1.10/bin/../lib/gcc/arm-none-eabi/10.3.1/../../../../arm-none-eabi/lib/thumb/v7e-m+fp/hard\libc_nano.a(lib_a-lock.o)
                0x08003680                __retarget_lock_acquire_recursive
 .text.__retarget_lock_release_recursive
                0x08003682        0x2 c:/applic~1/gnuarm~1/toolch~1.10/102021~1.10/bin/../lib/gcc/arm-none-eabi/10.3.1/../../../../arm-none-eabi/lib/thumb/v7e-m+fp/hard\libc_nano.a(lib_a-lock.o)
                0x08003682                __retarget_lock_release_recursive
 .text.__swhatbuf_r
                0x08003684       0x4a c:/applic~1/gnuarm~1/toolch~1.10/102021~1.10/bin/../lib/gcc/arm-none-eabi/10.3.1/../../../../arm-none-eabi/lib/thumb/v7e-m+fp/hard\libc_nano.a(lib_a-makebuf.o)
                0x08003684                __swhatbuf_r
 *fill*         0x080036ce        0x2 
 .text.__smakebuf_r
                0x080036d0       0x80 c:/applic~1/gnuarm~1/toolch~1.10/102021~1.10/bin/../lib/gcc/arm-none-eabi/10.3.1/../../../../arm-none-eabi/lib/thumb/v7e-m+fp/hard\libc_nano.a(lib_a-makebuf.o)
                0x080036d0                __smakebuf_r
 .text._raise_r
                0x08003750       0x50 c:/applic~1/gnuarm~1/toolch~1.10/102021~1.10/bin/../lib/gcc/arm-none-eabi/10.3.1/../../../../arm-none-eabi/lib/thumb/v7e-m+fp/hard\libc_nano.a(lib_a-signal.o)
                0x08003750                _raise_r
 .text.raise    0x080037a0       0x10 c:/applic~1/gnuarm~1/toolch~1.10/102021~1.10/bin/../lib/gcc/arm-none-eabi/10.3.1/../../../../arm-none-eabi/lib/thumb/v7e-m+fp/hard\libc_nano.a(lib_a-signal.o)
                0x080037a0                raise
 .text._kill_r  0x080037b0       0x24 c:/applic~1/gnuarm~1/toolch~1.10/102021~1.10/bin/../lib/gcc/arm-none-eabi/10.3.1/../../../../arm-none-eabi/lib/thumb/v7e-m+fp/hard\libc_nano.a(lib_a-signalr.o)
                0x080037b0                _kill_r
 .text._getpid_r
                0x080037d4        0x4 c:/applic~1/gnuarm~1/toolch~1.10/102021~1.10/bin/../lib/gcc/arm-none-eabi/10.3.1/../../../../arm-none-eabi/lib/thumb/v7e-m+fp/hard\libc_nano.a(lib_a-signalr.o)
                0x080037d4                _getpid_r
 .text.__sread  0x080037d8       0x22 c:/applic~1/gnuarm~1/toolch~1.10/102021~1.10/bin/../lib/gcc/arm-none-eabi/10.3.1/../../../../arm-none-eabi/lib/thumb/v7e-m+fp/hard\libc_nano.a(lib_a-stdio.o)
                0x080037d8                __sread
 .text.__swrite
                0x080037fa       0x38 c:/applic~1/gnuarm~1/toolch~1.10/102021~1.10/bin/../lib/gcc/arm-none-eabi/10.3.1/../../../../arm-none-eabi/lib/thumb/v7e-m+fp/hard\libc_nano.a(lib_a-stdio.o)
                0x080037fa                __swrite
 .text.__sseek  0x08003832       0x24 c:/applic~1/gnuarm~1/toolch~1.10/102021~1.10/bin/../lib/gcc/arm-none-eabi/10.3.1/../../../../arm-none-eabi/lib/thumb/v7e-m+fp/hard\libc_nano.a(lib_a-stdio.o)
                0x08003832                __sseek
 .text.__sclose
                0x08003856        0x8 c:/applic~1/gnuarm~1/toolch~1.10/102021~1.10/bin/../lib/gcc/arm-none-eabi/10.3.1/../../../../arm-none-eabi/lib/thumb/v7e-m+fp/hard\libc_nano.a(lib_a-stdio.o)
                0x08003856                __sclose
 *fill*         0x0800385e        0x2 
 .text._write_r
                0x08003860       0x24 c:/applic~1/gnuarm~1/toolch~1.10/102021~1.10/bin/../lib/gcc/arm-none-eabi/10.3.1/../../../../arm-none-eabi/lib/thumb/v7e-m+fp/hard\libc_nano.a(lib_a-writer.o)
                0x08003860                _write_r
 .text._close_r
                0x08003884       0x20 c:/applic~1/gnuarm~1/toolch~1.10/102021~1.10/bin/../lib/gcc/arm-none-eabi/10.3.1/../../../../arm-none-eabi/lib/thumb/v7e-m+fp/hard\libc_nano.a(lib_a-closer.o)
                0x08003884                _close_r
 .text._fstat_r
                0x080038a4       0x24 c:/applic~1/gnuarm~1/toolch~1.10/102021~1.10/bin/../lib/gcc/arm-none-eabi/10.3.1/../../../../arm-none-eabi/lib/thumb/v7e-m+fp/hard\libc_nano.a(lib_a-fstatr.o)
                0x080038a4                _fstat_r
 .text._isatty_r
                0x080038c8       0x20 c:/applic~1/gnuarm~1/toolch~1.10/102021~1.10/bin/../lib/gcc/arm-none-eabi/10.3.1/../../../../arm-none-eabi/lib/thumb/v7e-m+fp/hard\libc_nano.a(lib_a-isattyr.o)
                0x080038c8                _isatty_r
 .text._lseek_r
                0x080038e8       0x24 c:/applic~1/gnuarm~1/toolch~1.10/102021~1.10/bin/../lib/gcc/arm-none-eabi/10.3.1/../../../../arm-none-eabi/lib/thumb/v7e-m+fp/hard\libc_nano.a(lib_a-lseekr.o)
                0x080038e8                _lseek_r
 .text._read_r  0x0800390c       0x24 c:/applic~1/gnuarm~1/toolch~1.10/102021~1.10/bin/../lib/gcc/arm-none-eabi/10.3.1/../../../../arm-none-eabi/lib/thumb/v7e-m+fp/hard\libc_nano.a(lib_a-readr.o)
                0x0800390c                _read_r
 .text.SystemInit
                0x08003930       0x24 cmake/stm32cubemx/CMakeFiles/STM32_Drivers.dir/__/__/Core/Src/system_stm32f4xx.c.obj
                0x08003930                SystemInit
 .text.HAL_RCC_OscConfig
                0x08003954      0x4f0 cmake/stm32cubemx/CMakeFiles/STM32_Drivers.dir/__/__/Drivers/STM32F4xx_HAL_Driver/Src/stm32f4xx_hal_rcc.c.obj
                0x08003954                HAL_RCC_OscConfig
 .text.HAL_RCC_ClockConfig
                0x08003e44      0x1cc cmake/stm32cubemx/CMakeFiles/STM32_Drivers.dir/__/__/Drivers/STM32F4xx_HAL_Driver/Src/stm32f4xx_hal_rcc.c.obj
                0x08003e44                HAL_RCC_ClockConfig
 .text.HAL_RCC_GetSysClockFreq
                0x08004010      0x18c cmake/stm32cubemx/CMakeFiles/STM32_Drivers.dir/__/__/Drivers/STM32F4xx_HAL_Driver/Src/stm32f4xx_hal_rcc.c.obj
                0x08004010                HAL_RCC_GetSysClockFreq
 .text.HAL_RCC_GetHCLKFreq
                0x0800419c       0x18 cmake/stm32cubemx/CMakeFiles/STM32_Drivers.dir/__/__/Drivers/STM32F4xx_HAL_Driver/Src/stm32f4xx_hal_rcc.c.obj
                0x0800419c                HAL_RCC_GetHCLKFreq
 .text.HAL_RCC_GetPCLK1Freq
                0x080041b4       0x28 cmake/stm32cubemx/CMakeFiles/STM32_Drivers.dir/__/__/Drivers/STM32F4xx_HAL_Driver/Src/stm32f4xx_hal_rcc.c.obj
                0x080041b4                HAL_RCC_GetPCLK1Freq
 .text.HAL_RCC_GetPCLK2Freq
                0x080041dc       0x28 cmake/stm32cubemx/CMakeFiles/STM32_Drivers.dir/__/__/Drivers/STM32F4xx_HAL_Driver/Src/stm32f4xx_hal_rcc.c.obj
                0x080041dc                HAL_RCC_GetPCLK2Freq
 .text.HAL_GPIO_Init
                0x08004204      0x338 cmake/stm32cubemx/CMakeFiles/STM32_Drivers.dir/__/__/Drivers/STM32F4xx_HAL_Driver/Src/stm32f4xx_hal_gpio.c.obj
                0x08004204                HAL_GPIO_Init
 .text.HAL_GPIO_WritePin
                0x0800453c       0x32 cmake/stm32cubemx/CMakeFiles/STM32_Drivers.dir/__/__/Drivers/STM32F4xx_HAL_Driver/Src/stm32f4xx_hal_gpio.c.obj
                0x0800453c                HAL_GPIO_WritePin
 .text.HAL_DMA_Abort
                0x0800456e       0xe0 cmake/stm32cubemx/CMakeFiles/STM32_Drivers.dir/__/__/Drivers/STM32F4xx_HAL_Driver/Src/stm32f4xx_hal_dma.c.obj
                0x0800456e                HAL_DMA_Abort
 .text.HAL_DMA_Abort_IT
                0x0800464e       0x44 cmake/stm32cubemx/CMakeFiles/STM32_Drivers.dir/__/__/Drivers/STM32F4xx_HAL_Driver/Src/stm32f4xx_hal_dma.c.obj
                0x0800464e                HAL_DMA_Abort_IT
 *fill*         0x08004692        0x2 
 .text.__NVIC_SetPriorityGrouping
                0x08004694       0x48 cmake/stm32cubemx/CMakeFiles/STM32_Drivers.dir/__/__/Drivers/STM32F4xx_HAL_Driver/Src/stm32f4xx_hal_cortex.c.obj
 .text.__NVIC_GetPriorityGrouping
                0x080046dc       0x1c cmake/stm32cubemx/CMakeFiles/STM32_Drivers.dir/__/__/Drivers/STM32F4xx_HAL_Driver/Src/stm32f4xx_hal_cortex.c.obj
 .text.__NVIC_EnableIRQ
                0x080046f8       0x3c cmake/stm32cubemx/CMakeFiles/STM32_Drivers.dir/__/__/Drivers/STM32F4xx_HAL_Driver/Src/stm32f4xx_hal_cortex.c.obj
 .text.__NVIC_SetPriority
                0x08004734       0x54 cmake/stm32cubemx/CMakeFiles/STM32_Drivers.dir/__/__/Drivers/STM32F4xx_HAL_Driver/Src/stm32f4xx_hal_cortex.c.obj
 .text.NVIC_EncodePriority
                0x08004788       0x66 cmake/stm32cubemx/CMakeFiles/STM32_Drivers.dir/__/__/Drivers/STM32F4xx_HAL_Driver/Src/stm32f4xx_hal_cortex.c.obj
 *fill*         0x080047ee        0x2 
 .text.SysTick_Config
                0x080047f0       0x44 cmake/stm32cubemx/CMakeFiles/STM32_Drivers.dir/__/__/Drivers/STM32F4xx_HAL_Driver/Src/stm32f4xx_hal_cortex.c.obj
 .text.HAL_NVIC_SetPriorityGrouping
                0x08004834       0x16 cmake/stm32cubemx/CMakeFiles/STM32_Drivers.dir/__/__/Drivers/STM32F4xx_HAL_Driver/Src/stm32f4xx_hal_cortex.c.obj
                0x08004834                HAL_NVIC_SetPriorityGrouping
 .text.HAL_NVIC_SetPriority
                0x0800484a       0x38 cmake/stm32cubemx/CMakeFiles/STM32_Drivers.dir/__/__/Drivers/STM32F4xx_HAL_Driver/Src/stm32f4xx_hal_cortex.c.obj
                0x0800484a                HAL_NVIC_SetPriority
 .text.HAL_NVIC_EnableIRQ
                0x08004882       0x1c cmake/stm32cubemx/CMakeFiles/STM32_Drivers.dir/__/__/Drivers/STM32F4xx_HAL_Driver/Src/stm32f4xx_hal_cortex.c.obj
                0x08004882                HAL_NVIC_EnableIRQ
 .text.HAL_SYSTICK_Config
                0x0800489e       0x18 cmake/stm32cubemx/CMakeFiles/STM32_Drivers.dir/__/__/Drivers/STM32F4xx_HAL_Driver/Src/stm32f4xx_hal_cortex.c.obj
                0x0800489e                HAL_SYSTICK_Config
 *fill*         0x080048b6        0x2 
 .text.HAL_Init
                0x080048b8       0x44 cmake/stm32cubemx/CMakeFiles/STM32_Drivers.dir/__/__/Drivers/STM32F4xx_HAL_Driver/Src/stm32f4xx_hal.c.obj
                0x080048b8                HAL_Init
 .text.HAL_InitTick
                0x080048fc       0x60 cmake/stm32cubemx/CMakeFiles/STM32_Drivers.dir/__/__/Drivers/STM32F4xx_HAL_Driver/Src/stm32f4xx_hal.c.obj
                0x080048fc                HAL_InitTick
 .text.HAL_IncTick
                0x0800495c       0x28 cmake/stm32cubemx/CMakeFiles/STM32_Drivers.dir/__/__/Drivers/STM32F4xx_HAL_Driver/Src/stm32f4xx_hal.c.obj
                0x0800495c                HAL_IncTick
 .text.HAL_GetTick
                0x08004984       0x18 cmake/stm32cubemx/CMakeFiles/STM32_Drivers.dir/__/__/Drivers/STM32F4xx_HAL_Driver/Src/stm32f4xx_hal.c.obj
                0x08004984                HAL_GetTick
 .text.HAL_Delay
                0x0800499c       0x48 cmake/stm32cubemx/CMakeFiles/STM32_Drivers.dir/__/__/Drivers/STM32F4xx_HAL_Driver/Src/stm32f4xx_hal.c.obj
                0x0800499c                HAL_Delay
 .text.HAL_I2C_Init
                0x080049e4      0x288 cmake/stm32cubemx/CMakeFiles/STM32_Drivers.dir/__/__/Drivers/STM32F4xx_HAL_Driver/Src/stm32f4xx_hal_i2c.c.obj
                0x080049e4                HAL_I2C_Init
 .text.HAL_I2C_Mem_Write
                0x08004c6c      0x1f4 cmake/stm32cubemx/CMakeFiles/STM32_Drivers.dir/__/__/Drivers/STM32F4xx_HAL_Driver/Src/stm32f4xx_hal_i2c.c.obj
                0x08004c6c                HAL_I2C_Mem_Write
 .text.HAL_I2C_Mem_Read
                0x08004e60      0x464 cmake/stm32cubemx/CMakeFiles/STM32_Drivers.dir/__/__/Drivers/STM32F4xx_HAL_Driver/Src/stm32f4xx_hal_i2c.c.obj
                0x08004e60                HAL_I2C_Mem_Read
 .text.I2C_RequestMemoryWrite
                0x080052c4      0x12c cmake/stm32cubemx/CMakeFiles/STM32_Drivers.dir/__/__/Drivers/STM32F4xx_HAL_Driver/Src/stm32f4xx_hal_i2c.c.obj
 .text.I2C_RequestMemoryRead
                0x080053f0      0x1d0 cmake/stm32cubemx/CMakeFiles/STM32_Drivers.dir/__/__/Drivers/STM32F4xx_HAL_Driver/Src/stm32f4xx_hal_i2c.c.obj
 .text.I2C_WaitOnFlagUntilTimeout
                0x080055c0       0xf4 cmake/stm32cubemx/CMakeFiles/STM32_Drivers.dir/__/__/Drivers/STM32F4xx_HAL_Driver/Src/stm32f4xx_hal_i2c.c.obj
 .text.I2C_WaitOnMasterAddressFlagUntilTimeout
                0x080056b4      0x140 cmake/stm32cubemx/CMakeFiles/STM32_Drivers.dir/__/__/Drivers/STM32F4xx_HAL_Driver/Src/stm32f4xx_hal_i2c.c.obj
 .text.I2C_WaitOnTXEFlagUntilTimeout
                0x080057f4       0x90 cmake/stm32cubemx/CMakeFiles/STM32_Drivers.dir/__/__/Drivers/STM32F4xx_HAL_Driver/Src/stm32f4xx_hal_i2c.c.obj
 .text.I2C_WaitOnBTFFlagUntilTimeout
                0x08005884       0x90 cmake/stm32cubemx/CMakeFiles/STM32_Drivers.dir/__/__/Drivers/STM32F4xx_HAL_Driver/Src/stm32f4xx_hal_i2c.c.obj
 .text.I2C_WaitOnRXNEFlagUntilTimeout
                0x08005914       0xba cmake/stm32cubemx/CMakeFiles/STM32_Drivers.dir/__/__/Drivers/STM32F4xx_HAL_Driver/Src/stm32f4xx_hal_i2c.c.obj
 .text.I2C_IsAcknowledgeFailed
                0x080059ce       0x5e cmake/stm32cubemx/CMakeFiles/STM32_Drivers.dir/__/__/Drivers/STM32F4xx_HAL_Driver/Src/stm32f4xx_hal_i2c.c.obj
 .text.HAL_TIM_Base_Init
                0x08005a2c       0x9e cmake/stm32cubemx/CMakeFiles/STM32_Drivers.dir/__/__/Drivers/STM32F4xx_HAL_Driver/Src/stm32f4xx_hal_tim.c.obj
                0x08005a2c                HAL_TIM_Base_Init
 .text.HAL_TIM_PWM_Init
                0x08005aca       0x9e cmake/stm32cubemx/CMakeFiles/STM32_Drivers.dir/__/__/Drivers/STM32F4xx_HAL_Driver/Src/stm32f4xx_hal_tim.c.obj
                0x08005aca                HAL_TIM_PWM_Init
 .text.HAL_TIM_PWM_MspInit
                0x08005b68       0x14 cmake/stm32cubemx/CMakeFiles/STM32_Drivers.dir/__/__/Drivers/STM32F4xx_HAL_Driver/Src/stm32f4xx_hal_tim.c.obj
                0x08005b68                HAL_TIM_PWM_MspInit
 .text.HAL_TIM_PWM_Start
                0x08005b7c      0x190 cmake/stm32cubemx/CMakeFiles/STM32_Drivers.dir/__/__/Drivers/STM32F4xx_HAL_Driver/Src/stm32f4xx_hal_tim.c.obj
                0x08005b7c                HAL_TIM_PWM_Start
 .text.HAL_TIM_Encoder_Init
                0x08005d0c      0x14c cmake/stm32cubemx/CMakeFiles/STM32_Drivers.dir/__/__/Drivers/STM32F4xx_HAL_Driver/Src/stm32f4xx_hal_tim.c.obj
                0x08005d0c                HAL_TIM_Encoder_Init
 .text.HAL_TIM_Encoder_Start
                0x08005e58      0x11c cmake/stm32cubemx/CMakeFiles/STM32_Drivers.dir/__/__/Drivers/STM32F4xx_HAL_Driver/Src/stm32f4xx_hal_tim.c.obj
                0x08005e58                HAL_TIM_Encoder_Start
 .text.HAL_TIM_PWM_ConfigChannel
                0x08005f74      0x184 cmake/stm32cubemx/CMakeFiles/STM32_Drivers.dir/__/__/Drivers/STM32F4xx_HAL_Driver/Src/stm32f4xx_hal_tim.c.obj
                0x08005f74                HAL_TIM_PWM_ConfigChannel
 .text.HAL_TIM_ConfigClockSource
                0x080060f8      0x18e cmake/stm32cubemx/CMakeFiles/STM32_Drivers.dir/__/__/Drivers/STM32F4xx_HAL_Driver/Src/stm32f4xx_hal_tim.c.obj
                0x080060f8                HAL_TIM_ConfigClockSource
 *fill*         0x08006286        0x2 
 .text.TIM_Base_SetConfig
                0x08006288      0x14c cmake/stm32cubemx/CMakeFiles/STM32_Drivers.dir/__/__/Drivers/STM32F4xx_HAL_Driver/Src/stm32f4xx_hal_tim.c.obj
                0x08006288                TIM_Base_SetConfig
 .text.TIM_OC1_SetConfig
                0x080063d4       0xe0 cmake/stm32cubemx/CMakeFiles/STM32_Drivers.dir/__/__/Drivers/STM32F4xx_HAL_Driver/Src/stm32f4xx_hal_tim.c.obj
 .text.TIM_OC2_SetConfig
                0x080064b4       0xec cmake/stm32cubemx/CMakeFiles/STM32_Drivers.dir/__/__/Drivers/STM32F4xx_HAL_Driver/Src/stm32f4xx_hal_tim.c.obj
                0x080064b4                TIM_OC2_SetConfig
 .text.TIM_OC3_SetConfig
                0x080065a0       0xe8 cmake/stm32cubemx/CMakeFiles/STM32_Drivers.dir/__/__/Drivers/STM32F4xx_HAL_Driver/Src/stm32f4xx_hal_tim.c.obj
 .text.TIM_OC4_SetConfig
                0x08006688       0xac cmake/stm32cubemx/CMakeFiles/STM32_Drivers.dir/__/__/Drivers/STM32F4xx_HAL_Driver/Src/stm32f4xx_hal_tim.c.obj
 .text.TIM_TI1_ConfigInputStage
                0x08006734       0x5e cmake/stm32cubemx/CMakeFiles/STM32_Drivers.dir/__/__/Drivers/STM32F4xx_HAL_Driver/Src/stm32f4xx_hal_tim.c.obj
 .text.TIM_TI2_ConfigInputStage
                0x08006792       0x60 cmake/stm32cubemx/CMakeFiles/STM32_Drivers.dir/__/__/Drivers/STM32F4xx_HAL_Driver/Src/stm32f4xx_hal_tim.c.obj
 .text.TIM_ITRx_SetConfig
                0x080067f2       0x36 cmake/stm32cubemx/CMakeFiles/STM32_Drivers.dir/__/__/Drivers/STM32F4xx_HAL_Driver/Src/stm32f4xx_hal_tim.c.obj
 .text.TIM_ETR_SetConfig
                0x08006828       0x40 cmake/stm32cubemx/CMakeFiles/STM32_Drivers.dir/__/__/Drivers/STM32F4xx_HAL_Driver/Src/stm32f4xx_hal_tim.c.obj
                0x08006828                TIM_ETR_SetConfig
 .text.TIM_CCxChannelCmd
                0x08006868       0x4a cmake/stm32cubemx/CMakeFiles/STM32_Drivers.dir/__/__/Drivers/STM32F4xx_HAL_Driver/Src/stm32f4xx_hal_tim.c.obj
                0x08006868                TIM_CCxChannelCmd
 *fill*         0x080068b2        0x2 
 .text.HAL_TIMEx_MasterConfigSynchronization
                0x080068b4       0xf8 cmake/stm32cubemx/CMakeFiles/STM32_Drivers.dir/__/__/Drivers/STM32F4xx_HAL_Driver/Src/stm32f4xx_hal_tim_ex.c.obj
                0x080068b4                HAL_TIMEx_MasterConfigSynchronization
 .text.HAL_UART_Init
                0x080069ac       0xa0 cmake/stm32cubemx/CMakeFiles/STM32_Drivers.dir/__/__/Drivers/STM32F4xx_HAL_Driver/Src/stm32f4xx_hal_uart.c.obj
                0x080069ac                HAL_UART_Init
 .text.HAL_UART_Transmit
                0x08006a4c      0x116 cmake/stm32cubemx/CMakeFiles/STM32_Drivers.dir/__/__/Drivers/STM32F4xx_HAL_Driver/Src/stm32f4xx_hal_uart.c.obj
                0x08006a4c                HAL_UART_Transmit
 *fill*         0x08006b62        0x2 
 .text.HAL_UART_IRQHandler
                0x08006b64      0x554 cmake/stm32cubemx/CMakeFiles/STM32_Drivers.dir/__/__/Drivers/STM32F4xx_HAL_Driver/Src/stm32f4xx_hal_uart.c.obj
                0x08006b64                HAL_UART_IRQHandler
 .text.HAL_UART_TxCpltCallback
                0x080070b8       0x14 cmake/stm32cubemx/CMakeFiles/STM32_Drivers.dir/__/__/Drivers/STM32F4xx_HAL_Driver/Src/stm32f4xx_hal_uart.c.obj
                0x080070b8                HAL_UART_TxCpltCallback
 .text.HAL_UART_RxCpltCallback
                0x080070cc       0x14 cmake/stm32cubemx/CMakeFiles/STM32_Drivers.dir/__/__/Drivers/STM32F4xx_HAL_Driver/Src/stm32f4xx_hal_uart.c.obj
                0x080070cc                HAL_UART_RxCpltCallback
 .text.HAL_UART_ErrorCallback
                0x080070e0       0x14 cmake/stm32cubemx/CMakeFiles/STM32_Drivers.dir/__/__/Drivers/STM32F4xx_HAL_Driver/Src/stm32f4xx_hal_uart.c.obj
                0x080070e0                HAL_UART_ErrorCallback
 .text.HAL_UARTEx_RxEventCallback
                0x080070f4       0x18 cmake/stm32cubemx/CMakeFiles/STM32_Drivers.dir/__/__/Drivers/STM32F4xx_HAL_Driver/Src/stm32f4xx_hal_uart.c.obj
                0x080070f4                HAL_UARTEx_RxEventCallback
 .text.UART_WaitOnFlagUntilTimeout
                0x0800710c       0xb2 cmake/stm32cubemx/CMakeFiles/STM32_Drivers.dir/__/__/Drivers/STM32F4xx_HAL_Driver/Src/stm32f4xx_hal_uart.c.obj
 .text.UART_EndRxTransfer
                0x080071be       0xc6 cmake/stm32cubemx/CMakeFiles/STM32_Drivers.dir/__/__/Drivers/STM32F4xx_HAL_Driver/Src/stm32f4xx_hal_uart.c.obj
 .text.UART_DMAAbortOnError
                0x08007284       0x22 cmake/stm32cubemx/CMakeFiles/STM32_Drivers.dir/__/__/Drivers/STM32F4xx_HAL_Driver/Src/stm32f4xx_hal_uart.c.obj
 .text.UART_Transmit_IT
                0x080072a6       0xa0 cmake/stm32cubemx/CMakeFiles/STM32_Drivers.dir/__/__/Drivers/STM32F4xx_HAL_Driver/Src/stm32f4xx_hal_uart.c.obj
 .text.UART_EndTransmit_IT
                0x08007346       0x30 cmake/stm32cubemx/CMakeFiles/STM32_Drivers.dir/__/__/Drivers/STM32F4xx_HAL_Driver/Src/stm32f4xx_hal_uart.c.obj
 .text.UART_Receive_IT
                0x08007376      0x17c cmake/stm32cubemx/CMakeFiles/STM32_Drivers.dir/__/__/Drivers/STM32F4xx_HAL_Driver/Src/stm32f4xx_hal_uart.c.obj
 *fill*         0x080074f2        0x2 
 .text.UART_SetConfig
                0x080074f4      0x4e8 cmake/stm32cubemx/CMakeFiles/STM32_Drivers.dir/__/__/Drivers/STM32F4xx_HAL_Driver/Src/stm32f4xx_hal_uart.c.obj
 .text.vListInitialise
                0x080079dc       0x40 cmake/stm32cubemx/CMakeFiles/FreeRTOS.dir/__/__/Middlewares/Third_Party/FreeRTOS/Source/list.c.obj
                0x080079dc                vListInitialise
 .text.vListInitialiseItem
                0x08007a1c       0x1a cmake/stm32cubemx/CMakeFiles/FreeRTOS.dir/__/__/Middlewares/Third_Party/FreeRTOS/Source/list.c.obj
                0x08007a1c                vListInitialiseItem
 .text.vListInsertEnd
                0x08007a36       0x48 cmake/stm32cubemx/CMakeFiles/FreeRTOS.dir/__/__/Middlewares/Third_Party/FreeRTOS/Source/list.c.obj
                0x08007a36                vListInsertEnd
 .text.vListInsert
                0x08007a7e       0x72 cmake/stm32cubemx/CMakeFiles/FreeRTOS.dir/__/__/Middlewares/Third_Party/FreeRTOS/Source/list.c.obj
                0x08007a7e                vListInsert
 .text.uxListRemove
                0x08007af0       0x54 cmake/stm32cubemx/CMakeFiles/FreeRTOS.dir/__/__/Middlewares/Third_Party/FreeRTOS/Source/list.c.obj
                0x08007af0                uxListRemove
 .text.xQueueGenericReset
                0x08007b44       0xd0 cmake/stm32cubemx/CMakeFiles/FreeRTOS.dir/__/__/Middlewares/Third_Party/FreeRTOS/Source/queue.c.obj
                0x08007b44                xQueueGenericReset
 .text.xQueueGenericCreateStatic
                0x08007c14       0xf0 cmake/stm32cubemx/CMakeFiles/FreeRTOS.dir/__/__/Middlewares/Third_Party/FreeRTOS/Source/queue.c.obj
                0x08007c14                xQueueGenericCreateStatic
 .text.prvInitialiseNewQueue
                0x08007d04       0x46 cmake/stm32cubemx/CMakeFiles/FreeRTOS.dir/__/__/Middlewares/Third_Party/FreeRTOS/Source/queue.c.obj
 *fill*         0x08007d4a        0x2 
 .text.xQueueGenericSend
                0x08007d4c      0x1fc cmake/stm32cubemx/CMakeFiles/FreeRTOS.dir/__/__/Middlewares/Third_Party/FreeRTOS/Source/queue.c.obj
                0x08007d4c                xQueueGenericSend
 .text.xQueueGenericSendFromISR
                0x08007f48      0x136 cmake/stm32cubemx/CMakeFiles/FreeRTOS.dir/__/__/Middlewares/Third_Party/FreeRTOS/Source/queue.c.obj
                0x08007f48                xQueueGenericSendFromISR
 *fill*         0x0800807e        0x2 
 .text.xQueueReceive
                0x08008080      0x1c0 cmake/stm32cubemx/CMakeFiles/FreeRTOS.dir/__/__/Middlewares/Third_Party/FreeRTOS/Source/queue.c.obj
                0x08008080                xQueueReceive
 .text.prvCopyDataToQueue
                0x08008240       0xd4 cmake/stm32cubemx/CMakeFiles/FreeRTOS.dir/__/__/Middlewares/Third_Party/FreeRTOS/Source/queue.c.obj
 .text.prvCopyDataFromQueue
                0x08008314       0x4c cmake/stm32cubemx/CMakeFiles/FreeRTOS.dir/__/__/Middlewares/Third_Party/FreeRTOS/Source/queue.c.obj
 .text.prvUnlockQueue
                0x08008360       0xa4 cmake/stm32cubemx/CMakeFiles/FreeRTOS.dir/__/__/Middlewares/Third_Party/FreeRTOS/Source/queue.c.obj
 .text.prvIsQueueEmpty
                0x08008404       0x2c cmake/stm32cubemx/CMakeFiles/FreeRTOS.dir/__/__/Middlewares/Third_Party/FreeRTOS/Source/queue.c.obj
 .text.prvIsQueueFull
                0x08008430       0x30 cmake/stm32cubemx/CMakeFiles/FreeRTOS.dir/__/__/Middlewares/Third_Party/FreeRTOS/Source/queue.c.obj
 .text.vQueueAddToRegistry
                0x08008460       0x54 cmake/stm32cubemx/CMakeFiles/FreeRTOS.dir/__/__/Middlewares/Third_Party/FreeRTOS/Source/queue.c.obj
                0x08008460                vQueueAddToRegistry
 .text.vQueueWaitForMessageRestricted
                0x080084b4       0x68 cmake/stm32cubemx/CMakeFiles/FreeRTOS.dir/__/__/Middlewares/Third_Party/FreeRTOS/Source/queue.c.obj
                0x080084b4                vQueueWaitForMessageRestricted
 .text.xTaskCreateStatic
                0x0800851c       0xba cmake/stm32cubemx/CMakeFiles/FreeRTOS.dir/__/__/Middlewares/Third_Party/FreeRTOS/Source/tasks.c.obj
                0x0800851c                xTaskCreateStatic
 .text.xTaskCreate
                0x080085d6       0x8a cmake/stm32cubemx/CMakeFiles/FreeRTOS.dir/__/__/Middlewares/Third_Party/FreeRTOS/Source/tasks.c.obj
                0x080085d6                xTaskCreate
 .text.prvInitialiseNewTask
                0x08008660      0x11e cmake/stm32cubemx/CMakeFiles/FreeRTOS.dir/__/__/Middlewares/Third_Party/FreeRTOS/Source/tasks.c.obj
 *fill*         0x0800877e        0x2 
 .text.prvAddNewTaskToReadyList
                0x08008780       0xe0 cmake/stm32cubemx/CMakeFiles/FreeRTOS.dir/__/__/Middlewares/Third_Party/FreeRTOS/Source/tasks.c.obj
 .text.vTaskDelay
                0x08008860       0x68 cmake/stm32cubemx/CMakeFiles/FreeRTOS.dir/__/__/Middlewares/Third_Party/FreeRTOS/Source/tasks.c.obj
                0x08008860                vTaskDelay
 .text.vTaskStartScheduler
                0x080088c8       0xcc cmake/stm32cubemx/CMakeFiles/FreeRTOS.dir/__/__/Middlewares/Third_Party/FreeRTOS/Source/tasks.c.obj
                0x080088c8                vTaskStartScheduler
 .text.vTaskSuspendAll
                0x08008994       0x1c cmake/stm32cubemx/CMakeFiles/FreeRTOS.dir/__/__/Middlewares/Third_Party/FreeRTOS/Source/tasks.c.obj
                0x08008994                vTaskSuspendAll
 .text.xTaskResumeAll
                0x080089b0      0x13c cmake/stm32cubemx/CMakeFiles/FreeRTOS.dir/__/__/Middlewares/Third_Party/FreeRTOS/Source/tasks.c.obj
                0x080089b0                xTaskResumeAll
 .text.xTaskGetTickCount
                0x08008aec       0x20 cmake/stm32cubemx/CMakeFiles/FreeRTOS.dir/__/__/Middlewares/Third_Party/FreeRTOS/Source/tasks.c.obj
                0x08008aec                xTaskGetTickCount
 .text.xTaskIncrementTick
                0x08008b0c      0x174 cmake/stm32cubemx/CMakeFiles/FreeRTOS.dir/__/__/Middlewares/Third_Party/FreeRTOS/Source/tasks.c.obj
                0x08008b0c                xTaskIncrementTick
 .text.vTaskSwitchContext
                0x08008c80       0xbc cmake/stm32cubemx/CMakeFiles/FreeRTOS.dir/__/__/Middlewares/Third_Party/FreeRTOS/Source/tasks.c.obj
                0x08008c80                vTaskSwitchContext
 .text.vTaskPlaceOnEventList
                0x08008d3c       0x48 cmake/stm32cubemx/CMakeFiles/FreeRTOS.dir/__/__/Middlewares/Third_Party/FreeRTOS/Source/tasks.c.obj
                0x08008d3c                vTaskPlaceOnEventList
 .text.vTaskPlaceOnEventListRestricted
                0x08008d84       0x58 cmake/stm32cubemx/CMakeFiles/FreeRTOS.dir/__/__/Middlewares/Third_Party/FreeRTOS/Source/tasks.c.obj
                0x08008d84                vTaskPlaceOnEventListRestricted
 .text.xTaskRemoveFromEventList
                0x08008ddc       0xc8 cmake/stm32cubemx/CMakeFiles/FreeRTOS.dir/__/__/Middlewares/Third_Party/FreeRTOS/Source/tasks.c.obj
                0x08008ddc                xTaskRemoveFromEventList
 .text.vTaskInternalSetTimeOutState
                0x08008ea4       0x2c cmake/stm32cubemx/CMakeFiles/FreeRTOS.dir/__/__/Middlewares/Third_Party/FreeRTOS/Source/tasks.c.obj
                0x08008ea4                vTaskInternalSetTimeOutState
 .text.xTaskCheckForTimeOut
                0x08008ed0       0xc4 cmake/stm32cubemx/CMakeFiles/FreeRTOS.dir/__/__/Middlewares/Third_Party/FreeRTOS/Source/tasks.c.obj
                0x08008ed0                xTaskCheckForTimeOut
 .text.vTaskMissedYield
                0x08008f94       0x18 cmake/stm32cubemx/CMakeFiles/FreeRTOS.dir/__/__/Middlewares/Third_Party/FreeRTOS/Source/tasks.c.obj
                0x08008f94                vTaskMissedYield
 .text.prvIdleTask
                0x08008fac       0x30 cmake/stm32cubemx/CMakeFiles/FreeRTOS.dir/__/__/Middlewares/Third_Party/FreeRTOS/Source/tasks.c.obj
 .text.prvInitialiseTaskLists
                0x08008fdc       0x80 cmake/stm32cubemx/CMakeFiles/FreeRTOS.dir/__/__/Middlewares/Third_Party/FreeRTOS/Source/tasks.c.obj
 .text.prvCheckTasksWaitingTermination
                0x0800905c       0x5c cmake/stm32cubemx/CMakeFiles/FreeRTOS.dir/__/__/Middlewares/Third_Party/FreeRTOS/Source/tasks.c.obj
 .text.prvDeleteTCB
                0x080090b8       0x5e cmake/stm32cubemx/CMakeFiles/FreeRTOS.dir/__/__/Middlewares/Third_Party/FreeRTOS/Source/tasks.c.obj
 *fill*         0x08009116        0x2 
 .text.prvResetNextTaskUnblockTime
                0x08009118       0x40 cmake/stm32cubemx/CMakeFiles/FreeRTOS.dir/__/__/Middlewares/Third_Party/FreeRTOS/Source/tasks.c.obj
 .text.xTaskGetSchedulerState
                0x08009158       0x3c cmake/stm32cubemx/CMakeFiles/FreeRTOS.dir/__/__/Middlewares/Third_Party/FreeRTOS/Source/tasks.c.obj
                0x08009158                xTaskGetSchedulerState
 .text.xTaskPriorityDisinherit
                0x08009194       0xdc cmake/stm32cubemx/CMakeFiles/FreeRTOS.dir/__/__/Middlewares/Third_Party/FreeRTOS/Source/tasks.c.obj
                0x08009194                xTaskPriorityDisinherit
 .text.prvAddCurrentTaskToDelayedList
                0x08009270       0xa8 cmake/stm32cubemx/CMakeFiles/FreeRTOS.dir/__/__/Middlewares/Third_Party/FreeRTOS/Source/tasks.c.obj
 .text.xTimerCreateTimerTask
                0x08009318       0x90 cmake/stm32cubemx/CMakeFiles/FreeRTOS.dir/__/__/Middlewares/Third_Party/FreeRTOS/Source/timers.c.obj
                0x08009318                xTimerCreateTimerTask
 .text.xTimerGenericCommand
                0x080093a8       0x9c cmake/stm32cubemx/CMakeFiles/FreeRTOS.dir/__/__/Middlewares/Third_Party/FreeRTOS/Source/timers.c.obj
                0x080093a8                xTimerGenericCommand
 .text.prvProcessExpiredTimer
                0x08009444       0x98 cmake/stm32cubemx/CMakeFiles/FreeRTOS.dir/__/__/Middlewares/Third_Party/FreeRTOS/Source/timers.c.obj
 .text.prvTimerTask
                0x080094dc       0x24 cmake/stm32cubemx/CMakeFiles/FreeRTOS.dir/__/__/Middlewares/Third_Party/FreeRTOS/Source/timers.c.obj
 .text.prvProcessTimerOrBlockTask
                0x08009500       0x9c cmake/stm32cubemx/CMakeFiles/FreeRTOS.dir/__/__/Middlewares/Third_Party/FreeRTOS/Source/timers.c.obj
 .text.prvGetNextExpireTime
                0x0800959c       0x48 cmake/stm32cubemx/CMakeFiles/FreeRTOS.dir/__/__/Middlewares/Third_Party/FreeRTOS/Source/timers.c.obj
 .text.prvSampleTimeNow
                0x080095e4       0x40 cmake/stm32cubemx/CMakeFiles/FreeRTOS.dir/__/__/Middlewares/Third_Party/FreeRTOS/Source/timers.c.obj
 .text.prvInsertTimerInActiveList
                0x08009624       0x84 cmake/stm32cubemx/CMakeFiles/FreeRTOS.dir/__/__/Middlewares/Third_Party/FreeRTOS/Source/timers.c.obj
 .text.prvProcessReceivedCommands
                0x080096a8      0x1c4 cmake/stm32cubemx/CMakeFiles/FreeRTOS.dir/__/__/Middlewares/Third_Party/FreeRTOS/Source/timers.c.obj
 .text.prvSwitchTimerLists
                0x0800986c       0xc8 cmake/stm32cubemx/CMakeFiles/FreeRTOS.dir/__/__/Middlewares/Third_Party/FreeRTOS/Source/timers.c.obj
 .text.prvCheckForValidListAndQueue
                0x08009934       0x80 cmake/stm32cubemx/CMakeFiles/FreeRTOS.dir/__/__/Middlewares/Third_Party/FreeRTOS/Source/timers.c.obj
 .text.__NVIC_SetPriority
                0x080099b4       0x54 cmake/stm32cubemx/CMakeFiles/FreeRTOS.dir/__/__/Middlewares/Third_Party/FreeRTOS/Source/CMSIS_RTOS_V2/cmsis_os2.c.obj
 .text.SVC_Setup
                0x08009a08       0x12 cmake/stm32cubemx/CMakeFiles/FreeRTOS.dir/__/__/Middlewares/Third_Party/FreeRTOS/Source/CMSIS_RTOS_V2/cmsis_os2.c.obj
 *fill*         0x08009a1a        0x2 
 .text.osKernelInitialize
                0x08009a1c       0x48 cmake/stm32cubemx/CMakeFiles/FreeRTOS.dir/__/__/Middlewares/Third_Party/FreeRTOS/Source/CMSIS_RTOS_V2/cmsis_os2.c.obj
                0x08009a1c                osKernelInitialize
 .text.osKernelStart
                0x08009a64       0x4c cmake/stm32cubemx/CMakeFiles/FreeRTOS.dir/__/__/Middlewares/Third_Party/FreeRTOS/Source/CMSIS_RTOS_V2/cmsis_os2.c.obj
                0x08009a64                osKernelStart
 .text.osThreadNew
                0x08009ab0      0x124 cmake/stm32cubemx/CMakeFiles/FreeRTOS.dir/__/__/Middlewares/Third_Party/FreeRTOS/Source/CMSIS_RTOS_V2/cmsis_os2.c.obj
                0x08009ab0                osThreadNew
 .text.osDelay  0x08009bd4       0x36 cmake/stm32cubemx/CMakeFiles/FreeRTOS.dir/__/__/Middlewares/Third_Party/FreeRTOS/Source/CMSIS_RTOS_V2/cmsis_os2.c.obj
                0x08009bd4                osDelay
 *fill*         0x08009c0a        0x2 
 .text.vApplicationGetIdleTaskMemory
                0x08009c0c       0x34 cmake/stm32cubemx/CMakeFiles/FreeRTOS.dir/__/__/Middlewares/Third_Party/FreeRTOS/Source/CMSIS_RTOS_V2/cmsis_os2.c.obj
                0x08009c0c                vApplicationGetIdleTaskMemory
 .text.vApplicationGetTimerTaskMemory
                0x08009c40       0x34 cmake/stm32cubemx/CMakeFiles/FreeRTOS.dir/__/__/Middlewares/Third_Party/FreeRTOS/Source/CMSIS_RTOS_V2/cmsis_os2.c.obj
                0x08009c40                vApplicationGetTimerTaskMemory
 .text.pvPortMalloc
                0x08009c74      0x198 cmake/stm32cubemx/CMakeFiles/FreeRTOS.dir/__/__/Middlewares/Third_Party/FreeRTOS/Source/portable/MemMang/heap_4.c.obj
                0x08009c74                pvPortMalloc
 .text.vPortFree
                0x08009e0c       0xc4 cmake/stm32cubemx/CMakeFiles/FreeRTOS.dir/__/__/Middlewares/Third_Party/FreeRTOS/Source/portable/MemMang/heap_4.c.obj
                0x08009e0c                vPortFree
 .text.prvHeapInit
                0x08009ed0       0xc4 cmake/stm32cubemx/CMakeFiles/FreeRTOS.dir/__/__/Middlewares/Third_Party/FreeRTOS/Source/portable/MemMang/heap_4.c.obj
 .text.prvInsertBlockIntoFreeList
                0x08009f94       0xb4 cmake/stm32cubemx/CMakeFiles/FreeRTOS.dir/__/__/Middlewares/Third_Party/FreeRTOS/Source/portable/MemMang/heap_4.c.obj
 .text.pxPortInitialiseStack
                0x0800a048       0x68 cmake/stm32cubemx/CMakeFiles/FreeRTOS.dir/__/__/Middlewares/Third_Party/FreeRTOS/Source/portable/GCC/ARM_CM4F/port.c.obj
                0x0800a048                pxPortInitialiseStack
 .text.prvTaskExitError
                0x0800a0b0       0x58 cmake/stm32cubemx/CMakeFiles/FreeRTOS.dir/__/__/Middlewares/Third_Party/FreeRTOS/Source/portable/GCC/ARM_CM4F/port.c.obj
 *fill*         0x0800a108        0x8 
 .text.SVC_Handler
                0x0800a110       0x28 cmake/stm32cubemx/CMakeFiles/FreeRTOS.dir/__/__/Middlewares/Third_Party/FreeRTOS/Source/portable/GCC/ARM_CM4F/port.c.obj
                0x0800a110                SVC_Handler
 .text.prvPortStartFirstTask
                0x0800a138       0x28 cmake/stm32cubemx/CMakeFiles/FreeRTOS.dir/__/__/Middlewares/Third_Party/FreeRTOS/Source/portable/GCC/ARM_CM4F/port.c.obj
 .text.xPortStartScheduler
                0x0800a160      0x144 cmake/stm32cubemx/CMakeFiles/FreeRTOS.dir/__/__/Middlewares/Third_Party/FreeRTOS/Source/portable/GCC/ARM_CM4F/port.c.obj
                0x0800a160                xPortStartScheduler
 .text.vPortEnterCritical
                0x0800a2a4       0x60 cmake/stm32cubemx/CMakeFiles/FreeRTOS.dir/__/__/Middlewares/Third_Party/FreeRTOS/Source/portable/GCC/ARM_CM4F/port.c.obj
                0x0800a2a4                vPortEnterCritical
 .text.vPortExitCritical
                0x0800a304       0x54 cmake/stm32cubemx/CMakeFiles/FreeRTOS.dir/__/__/Middlewares/Third_Party/FreeRTOS/Source/portable/GCC/ARM_CM4F/port.c.obj
                0x0800a304                vPortExitCritical
 *fill*         0x0800a358        0x8 
 .text.PendSV_Handler
                0x0800a360       0x68 cmake/stm32cubemx/CMakeFiles/FreeRTOS.dir/__/__/Middlewares/Third_Party/FreeRTOS/Source/portable/GCC/ARM_CM4F/port.c.obj
                0x0800a360                PendSV_Handler
 .text.xPortSysTickHandler
                0x0800a3c8       0x44 cmake/stm32cubemx/CMakeFiles/FreeRTOS.dir/__/__/Middlewares/Third_Party/FreeRTOS/Source/portable/GCC/ARM_CM4F/port.c.obj
                0x0800a3c8                xPortSysTickHandler
 .text.vPortSetupTimerInterrupt
                0x0800a40c       0x48 cmake/stm32cubemx/CMakeFiles/FreeRTOS.dir/__/__/Middlewares/Third_Party/FreeRTOS/Source/portable/GCC/ARM_CM4F/port.c.obj
                0x0800a40c                vPortSetupTimerInterrupt
 .text.vPortEnableVFP
                0x0800a454       0x14 cmake/stm32cubemx/CMakeFiles/FreeRTOS.dir/__/__/Middlewares/Third_Party/FreeRTOS/Source/portable/GCC/ARM_CM4F/port.c.obj
 .text.vPortValidateInterruptPriority
                0x0800a468       0x80 cmake/stm32cubemx/CMakeFiles/FreeRTOS.dir/__/__/Middlewares/Third_Party/FreeRTOS/Source/portable/GCC/ARM_CM4F/port.c.obj
                0x0800a468                vPortValidateInterruptPriority
 .text.main     0x0800a4e8       0x42 CMakeFiles/zgt6test.dir/Core/Src/main.c.obj
                0x0800a4e8                main
 *fill*         0x0800a52a        0x2 
 .text.SystemClock_Config
                0x0800a52c       0xd4 CMakeFiles/zgt6test.dir/Core/Src/main.c.obj
                0x0800a52c                SystemClock_Config
 .text.Error_Handler
                0x0800a600        0xa CMakeFiles/zgt6test.dir/Core/Src/main.c.obj
                0x0800a600                Error_Handler
 *fill*         0x0800a60a        0x2 
 .text.MX_GPIO_Init
                0x0800a60c      0x168 CMakeFiles/zgt6test.dir/Core/Src/gpio.c.obj
                0x0800a60c                MX_GPIO_Init
 .text.MX_FREERTOS_Init
                0x0800a774       0x40 CMakeFiles/zgt6test.dir/Core/Src/freertos.c.obj
                0x0800a774                MX_FREERTOS_Init
 .text.StartDefaultTask
                0x0800a7b4       0x10 CMakeFiles/zgt6test.dir/Core/Src/freertos.c.obj
                0x0800a7b4                StartDefaultTask
 .text.MX_I2C1_Init
                0x0800a7c4       0x5c CMakeFiles/zgt6test.dir/Core/Src/i2c.c.obj
                0x0800a7c4                MX_I2C1_Init
 .text.MX_I2C2_Init
                0x0800a820       0x5c CMakeFiles/zgt6test.dir/Core/Src/i2c.c.obj
                0x0800a820                MX_I2C2_Init
 .text.HAL_I2C_MspInit
                0x0800a87c       0xf8 CMakeFiles/zgt6test.dir/Core/Src/i2c.c.obj
                0x0800a87c                HAL_I2C_MspInit
 .text.MX_TIM1_Init
                0x0800a974       0xb0 CMakeFiles/zgt6test.dir/Core/Src/tim.c.obj
                0x0800a974                MX_TIM1_Init
 .text.MX_TIM2_Init
                0x0800aa24       0xa8 CMakeFiles/zgt6test.dir/Core/Src/tim.c.obj
                0x0800aa24                MX_TIM2_Init
 .text.MX_TIM3_Init
                0x0800aacc      0x130 CMakeFiles/zgt6test.dir/Core/Src/tim.c.obj
                0x0800aacc                MX_TIM3_Init
 .text.MX_TIM4_Init
                0x0800abfc       0xa8 CMakeFiles/zgt6test.dir/Core/Src/tim.c.obj
                0x0800abfc                MX_TIM4_Init
 .text.MX_TIM8_Init
                0x0800aca4       0xb0 CMakeFiles/zgt6test.dir/Core/Src/tim.c.obj
                0x0800aca4                MX_TIM8_Init
 .text.MX_TIM13_Init
                0x0800ad54       0x9c CMakeFiles/zgt6test.dir/Core/Src/tim.c.obj
                0x0800ad54                MX_TIM13_Init
 .text.HAL_TIM_Encoder_MspInit
                0x0800adf0      0x1d4 CMakeFiles/zgt6test.dir/Core/Src/tim.c.obj
                0x0800adf0                HAL_TIM_Encoder_MspInit
 .text.HAL_TIM_Base_MspInit
                0x0800afc4       0x70 CMakeFiles/zgt6test.dir/Core/Src/tim.c.obj
                0x0800afc4                HAL_TIM_Base_MspInit
 .text.HAL_TIM_MspPostInit
                0x0800b034      0x104 CMakeFiles/zgt6test.dir/Core/Src/tim.c.obj
                0x0800b034                HAL_TIM_MspPostInit
 .text.MX_USART1_UART_Init
                0x0800b138       0x54 CMakeFiles/zgt6test.dir/Core/Src/usart.c.obj
                0x0800b138                MX_USART1_UART_Init
 .text.HAL_UART_MspInit
                0x0800b18c       0xa0 CMakeFiles/zgt6test.dir/Core/Src/usart.c.obj
                0x0800b18c                HAL_UART_MspInit
 .text.NMI_Handler
                0x0800b22c        0x6 CMakeFiles/zgt6test.dir/Core/Src/stm32f4xx_it.c.obj
                0x0800b22c                NMI_Handler
 .text.HardFault_Handler
                0x0800b232        0x6 CMakeFiles/zgt6test.dir/Core/Src/stm32f4xx_it.c.obj
                0x0800b232                HardFault_Handler
 .text.MemManage_Handler
                0x0800b238        0x6 CMakeFiles/zgt6test.dir/Core/Src/stm32f4xx_it.c.obj
                0x0800b238                MemManage_Handler
 .text.BusFault_Handler
                0x0800b23e        0x6 CMakeFiles/zgt6test.dir/Core/Src/stm32f4xx_it.c.obj
                0x0800b23e                BusFault_Handler
 .text.UsageFault_Handler
                0x0800b244        0x6 CMakeFiles/zgt6test.dir/Core/Src/stm32f4xx_it.c.obj
                0x0800b244                UsageFault_Handler
 .text.DebugMon_Handler
                0x0800b24a        0xe CMakeFiles/zgt6test.dir/Core/Src/stm32f4xx_it.c.obj
                0x0800b24a                DebugMon_Handler
 .text.SysTick_Handler
                0x0800b258       0x1a CMakeFiles/zgt6test.dir/Core/Src/stm32f4xx_it.c.obj
                0x0800b258                SysTick_Handler
 *fill*         0x0800b272        0x2 
 .text.USART1_IRQHandler
                0x0800b274       0x14 CMakeFiles/zgt6test.dir/Core/Src/stm32f4xx_it.c.obj
                0x0800b274                USART1_IRQHandler
 .text._write   0x0800b288       0x2c CMakeFiles/zgt6test.dir/Core/Src/stm32f4xx_it.c.obj
                0x0800b288                _write
 .text.HAL_MspInit
                0x0800b2b4       0x58 CMakeFiles/zgt6test.dir/Core/Src/stm32f4xx_hal_msp.c.obj
                0x0800b2b4                HAL_MspInit
 .text._sbrk    0x0800b30c       0x6c CMakeFiles/zgt6test.dir/Core/Src/sysmem.c.obj
                0x0800b30c                _sbrk
 .text._getpid  0x0800b378       0x10 CMakeFiles/zgt6test.dir/Core/Src/syscalls.c.obj
                0x0800b378                _getpid
 .text._kill    0x0800b388       0x20 CMakeFiles/zgt6test.dir/Core/Src/syscalls.c.obj
                0x0800b388                _kill
 .text._exit    0x0800b3a8       0x14 CMakeFiles/zgt6test.dir/Core/Src/syscalls.c.obj
                0x0800b3a8                _exit
 .text._read    0x0800b3bc       0x3a CMakeFiles/zgt6test.dir/Core/Src/syscalls.c.obj
                0x0800b3bc                _read
 .text._close   0x0800b3f6       0x18 CMakeFiles/zgt6test.dir/Core/Src/syscalls.c.obj
                0x0800b3f6                _close
 .text._fstat   0x0800b40e       0x20 CMakeFiles/zgt6test.dir/Core/Src/syscalls.c.obj
                0x0800b40e                _fstat
 .text._isatty  0x0800b42e       0x16 CMakeFiles/zgt6test.dir/Core/Src/syscalls.c.obj
                0x0800b42e                _isatty
 .text._lseek   0x0800b444       0x1a CMakeFiles/zgt6test.dir/Core/Src/syscalls.c.obj
                0x0800b444                _lseek
 *fill*         0x0800b45e        0x2 
 .text.Reset_Handler
                0x0800b460       0x50 CMakeFiles/zgt6test.dir/startup_stm32f407xx.s.obj
                0x0800b460                Reset_Handler
 .text.Default_Handler
                0x0800b4b0        0x2 CMakeFiles/zgt6test.dir/startup_stm32f407xx.s.obj
                0x0800b4b0                RTC_Alarm_IRQHandler
                0x0800b4b0                HASH_RNG_IRQHandler
                0x0800b4b0                EXTI2_IRQHandler
                0x0800b4b0                TIM8_CC_IRQHandler
                0x0800b4b0                TIM1_CC_IRQHandler
                0x0800b4b0                DMA2_Stream5_IRQHandler
                0x0800b4b0                DMA1_Stream5_IRQHandler
                0x0800b4b0                PVD_IRQHandler
                0x0800b4b0                SDIO_IRQHandler
                0x0800b4b0                TAMP_STAMP_IRQHandler
                0x0800b4b0                CAN2_RX1_IRQHandler
                0x0800b4b0                EXTI3_IRQHandler
                0x0800b4b0                TIM8_TRG_COM_TIM14_IRQHandler
                0x0800b4b0                TIM1_UP_TIM10_IRQHandler
                0x0800b4b0                TIM8_UP_TIM13_IRQHandler
                0x0800b4b0                I2C3_ER_IRQHandler
                0x0800b4b0                EXTI0_IRQHandler
                0x0800b4b0                I2C2_EV_IRQHandler
                0x0800b4b0                DMA1_Stream2_IRQHandler
                0x0800b4b0                CAN1_RX0_IRQHandler
                0x0800b4b0                FPU_IRQHandler
                0x0800b4b0                OTG_HS_WKUP_IRQHandler
                0x0800b4b0                CAN2_SCE_IRQHandler
                0x0800b4b0                DMA2_Stream2_IRQHandler
                0x0800b4b0                SPI1_IRQHandler
                0x0800b4b0                TIM6_DAC_IRQHandler
                0x0800b4b0                TIM1_BRK_TIM9_IRQHandler
                0x0800b4b0                DCMI_IRQHandler
                0x0800b4b0                CAN2_RX0_IRQHandler
                0x0800b4b0                DMA2_Stream3_IRQHandler
                0x0800b4b0                USART6_IRQHandler
                0x0800b4b0                USART3_IRQHandler
                0x0800b4b0                CAN1_RX1_IRQHandler
                0x0800b4b0                UART5_IRQHandler
                0x0800b4b0                DMA2_Stream0_IRQHandler
                0x0800b4b0                TIM4_IRQHandler
                0x0800b4b0                I2C1_EV_IRQHandler
                0x0800b4b0                DMA1_Stream6_IRQHandler
                0x0800b4b0                DMA1_Stream1_IRQHandler
                0x0800b4b0                UART4_IRQHandler
                0x0800b4b0                TIM3_IRQHandler
                0x0800b4b0                RCC_IRQHandler
                0x0800b4b0                TIM8_BRK_TIM12_IRQHandler
                0x0800b4b0                Default_Handler
                0x0800b4b0                EXTI15_10_IRQHandler
                0x0800b4b0                ADC_IRQHandler
                0x0800b4b0                DMA1_Stream7_IRQHandler
                0x0800b4b0                TIM7_IRQHandler
                0x0800b4b0                CAN2_TX_IRQHandler
                0x0800b4b0                TIM5_IRQHandler
                0x0800b4b0                DMA2_Stream7_IRQHandler
                0x0800b4b0                I2C3_EV_IRQHandler
                0x0800b4b0                EXTI9_5_IRQHandler
                0x0800b4b0                RTC_WKUP_IRQHandler
                0x0800b4b0                ETH_WKUP_IRQHandler
                0x0800b4b0                SPI2_IRQHandler
                0x0800b4b0                OTG_HS_EP1_IN_IRQHandler
                0x0800b4b0                DMA1_Stream0_IRQHandler
                0x0800b4b0                CAN1_TX_IRQHandler
                0x0800b4b0                EXTI4_IRQHandler
                0x0800b4b0                FSMC_IRQHandler
                0x0800b4b0                ETH_IRQHandler
                0x0800b4b0                OTG_HS_EP1_OUT_IRQHandler
                0x0800b4b0                WWDG_IRQHandler
                0x0800b4b0                TIM2_IRQHandler
                0x0800b4b0                OTG_FS_WKUP_IRQHandler
                0x0800b4b0                TIM1_TRG_COM_TIM11_IRQHandler
                0x0800b4b0                OTG_HS_IRQHandler
                0x0800b4b0                EXTI1_IRQHandler
                0x0800b4b0                USART2_IRQHandler
                0x0800b4b0                I2C2_ER_IRQHandler
                0x0800b4b0                DMA2_Stream1_IRQHandler
                0x0800b4b0                CAN1_SCE_IRQHandler
                0x0800b4b0                FLASH_IRQHandler
                0x0800b4b0                DMA2_Stream4_IRQHandler
                0x0800b4b0                OTG_FS_IRQHandler
                0x0800b4b0                SPI3_IRQHandler
                0x0800b4b0                DMA1_Stream4_IRQHandler
                0x0800b4b0                I2C1_ER_IRQHandler
                0x0800b4b0                DMA2_Stream6_IRQHandler
                0x0800b4b0                DMA1_Stream3_IRQHandler
 .text._get_pwm_max
                0x0800b4b2       0x1c CMakeFiles/zgt6test.dir/bsp/Src/bsp_motor.c.obj
 .text.Motor_Init
                0x0800b4ce       0x54 CMakeFiles/zgt6test.dir/bsp/Src/bsp_motor.c.obj
                0x0800b4ce                Motor_Init
 .text.Motor_Stop
                0x0800b522       0x76 CMakeFiles/zgt6test.dir/bsp/Src/bsp_motor.c.obj
                0x0800b522                Motor_Stop
 .text.Encoder_Init
                0x0800b598       0x4e CMakeFiles/zgt6test.dir/bsp/Src/bsp_encoder.c.obj
                0x0800b598                Encoder_Init
 .text.mpu6050_write_reg
                0x0800b5e6       0x3a CMakeFiles/zgt6test.dir/bsp/Src/bsp_imu_mpu6050.c.obj
 .text.mpu6050_read_regs
                0x0800b620       0x40 CMakeFiles/zgt6test.dir/bsp/Src/bsp_imu_mpu6050.c.obj
 .text.MPU6050_Init
                0x0800b660       0x4a CMakeFiles/zgt6test.dir/bsp/Src/bsp_imu_mpu6050.c.obj
                0x0800b660                MPU6050_Init
 *fill*         0x0800b6aa        0x2 
 .text.MPU6050_ReadRaw
                0x0800b6ac       0xe8 CMakeFiles/zgt6test.dir/bsp/Src/bsp_imu_mpu6050.c.obj
                0x0800b6ac                MPU6050_ReadRaw
 .text.MPU6050_GetAccelGyro
                0x0800b794       0xf8 CMakeFiles/zgt6test.dir/bsp/Src/bsp_imu_mpu6050.c.obj
                0x0800b794                MPU6050_GetAccelGyro
 .text.WheelSpeed_Init
                0x0800b88c       0x88 CMakeFiles/zgt6test.dir/bsp/Src/bsp_pid.c.obj
                0x0800b88c                WheelSpeed_Init
 .text.WheelSpeed_Stop
                0x0800b914       0x2c CMakeFiles/zgt6test.dir/bsp/Src/bsp_pid.c.obj
                0x0800b914                WheelSpeed_Stop
 .text.PID_Init
                0x0800b940       0x80 CMakeFiles/zgt6test.dir/Algorithm/Src/pid.c.obj
                0x0800b940                PID_Init
 .text.PID_Reset
                0x0800b9c0       0x3c CMakeFiles/zgt6test.dir/Algorithm/Src/pid.c.obj
                0x0800b9c0                PID_Reset
 .text.MotorTask
                0x0800b9fc       0x78 CMakeFiles/zgt6test.dir/task/Src/task_motor.c.obj
                0x0800b9fc                MotorTask
 .text.Chassis_Motor_PIDControl_Init
                0x0800ba74       0xdc CMakeFiles/zgt6test.dir/Application/Src/chassis.c.obj
                0x0800ba74                Chassis_Motor_PIDControl_Init
 .text.App_IMU_Init
                0x0800bb50       0x28 CMakeFiles/zgt6test.dir/Application/Src/imu_output.c.obj
                0x0800bb50                App_IMU_Init
 .text.IMU_Pose_Update
                0x0800bb78      0x1a8 CMakeFiles/zgt6test.dir/Application/Src/app_imu_pose.c.obj
                0x0800bb78                IMU_Pose_Update
 .text.__errno  0x0800bd20        0xc c:/applic~1/gnuarm~1/toolch~1.10/102021~1.10/bin/../lib/gcc/arm-none-eabi/10.3.1/../../../../arm-none-eabi/lib/thumb/v7e-m+fp/hard\libg_nano.a(lib_a-errno.o)
                0x0800bd20                __errno
 .text.printf   0x0800bd2c       0x30 c:/applic~1/gnuarm~1/toolch~1.10/102021~1.10/bin/../lib/gcc/arm-none-eabi/10.3.1/../../../../arm-none-eabi/lib/thumb/v7e-m+fp/hard\libg_nano.a(lib_a-printf.o)
                0x0800bd2c                iprintf
                0x0800bd2c                printf
 .text._puts_r  0x0800bd5c       0xdc c:/applic~1/gnuarm~1/toolch~1.10/102021~1.10/bin/../lib/gcc/arm-none-eabi/10.3.1/../../../../arm-none-eabi/lib/thumb/v7e-m+fp/hard\libg_nano.a(lib_a-puts.o)
                0x0800bd5c                _puts_r
 .text.puts     0x0800be38       0x10 c:/applic~1/gnuarm~1/toolch~1.10/102021~1.10/bin/../lib/gcc/arm-none-eabi/10.3.1/../../../../arm-none-eabi/lib/thumb/v7e-m+fp/hard\libg_nano.a(lib_a-puts.o)
                0x0800be38                puts
 .text.atan2f   0x0800be48        0x4 c:/applic~1/gnuarm~1/toolch~1.10/102021~1.10/bin/../lib/gcc/arm-none-eabi/10.3.1/../../../../arm-none-eabi/lib/thumb/v7e-m+fp/hard\libm.a(lib_a-wf_atan2.o)
                0x0800be48                atan2f
 .text.sqrtf    0x0800be4c       0x44 c:/applic~1/gnuarm~1/toolch~1.10/102021~1.10/bin/../lib/gcc/arm-none-eabi/10.3.1/../../../../arm-none-eabi/lib/thumb/v7e-m+fp/hard\libm.a(lib_a-wf_sqrt.o)
                0x0800be4c                sqrtf
 .text.__ieee754_atan2f
                0x0800be90      0x150 c:/applic~1/gnuarm~1/toolch~1.10/102021~1.10/bin/../lib/gcc/arm-none-eabi/10.3.1/../../../../arm-none-eabi/lib/thumb/v7e-m+fp/hard\libm.a(lib_a-ef_atan2.o)
                0x0800be90                __ieee754_atan2f
 .text.__ieee754_sqrtf
                0x0800bfe0        0x8 c:/applic~1/gnuarm~1/toolch~1.10/102021~1.10/bin/../lib/gcc/arm-none-eabi/10.3.1/../../../../arm-none-eabi/lib/thumb/v7e-m+fp/hard\libm.a(lib_a-ef_sqrt.o)
                0x0800bfe0                __ieee754_sqrtf
 .text.atanf    0x0800bfe8      0x1b4 c:/applic~1/gnuarm~1/toolch~1.10/102021~1.10/bin/../lib/gcc/arm-none-eabi/10.3.1/../../../../arm-none-eabi/lib/thumb/v7e-m+fp/hard\libm.a(lib_a-sf_atan.o)
                0x0800bfe8                atanf
 .text.fabsf    0x0800c19c       0x10 c:/applic~1/gnuarm~1/toolch~1.10/102021~1.10/bin/../lib/gcc/arm-none-eabi/10.3.1/../../../../arm-none-eabi/lib/thumb/v7e-m+fp/hard\libm.a(lib_a-sf_fabs.o)
                0x0800c19c                fabsf
 *(.glue_7)
 .glue_7        0x0800c1ac        0x0 linker stubs
 *(.glue_7t)
 .glue_7t       0x0800c1ac        0x0 linker stubs
 *(.eh_frame)
 .eh_frame      0x0800c1ac        0x0 c:/applic~1/gnuarm~1/toolch~1.10/102021~1.10/bin/../lib/gcc/arm-none-eabi/10.3.1/thumb/v7e-m+fp/hard/crtbegin.o
 *(.init)
 .init          0x0800c1ac        0x4 c:/applic~1/gnuarm~1/toolch~1.10/102021~1.10/bin/../lib/gcc/arm-none-eabi/10.3.1/thumb/v7e-m+fp/hard/crti.o
                0x0800c1ac                _init
 .init          0x0800c1b0        0x8 c:/applic~1/gnuarm~1/toolch~1.10/102021~1.10/bin/../lib/gcc/arm-none-eabi/10.3.1/thumb/v7e-m+fp/hard/crtn.o
 *(.fini)
 .fini          0x0800c1b8        0x4 c:/applic~1/gnuarm~1/toolch~1.10/102021~1.10/bin/../lib/gcc/arm-none-eabi/10.3.1/thumb/v7e-m+fp/hard/crti.o
                0x0800c1b8                _fini
 .fini          0x0800c1bc        0x8 c:/applic~1/gnuarm~1/toolch~1.10/102021~1.10/bin/../lib/gcc/arm-none-eabi/10.3.1/thumb/v7e-m+fp/hard/crtn.o
                0x0800c1c4                . = ALIGN (0x4)
                0x0800c1c4                _etext = .

.vfp11_veneer   0x0800c1c4        0x0
 .vfp11_veneer  0x0800c1c4        0x0 linker stubs

.v4_bx          0x0800c1c4        0x0
 .v4_bx         0x0800c1c4        0x0 linker stubs

.iplt           0x0800c1c4        0x0
 .iplt          0x0800c1c4        0x0 c:/applic~1/gnuarm~1/toolch~1.10/102021~1.10/bin/../lib/gcc/arm-none-eabi/10.3.1/thumb/v7e-m+fp/hard/crtbegin.o

.rodata         0x0800c1c8      0x544
                0x0800c1c8                . = ALIGN (0x4)
 *(.rodata)
 .rodata        0x0800c1c8        0x5 cmake/stm32cubemx/CMakeFiles/FreeRTOS.dir/__/__/Middlewares/Third_Party/FreeRTOS/Source/tasks.c.obj
 *fill*         0x0800c1cd        0x3 
 .rodata        0x0800c1d0        0xd cmake/stm32cubemx/CMakeFiles/FreeRTOS.dir/__/__/Middlewares/Third_Party/FreeRTOS/Source/timers.c.obj
 *fill*         0x0800c1dd        0x3 
 .rodata        0x0800c1e0       0x17 CMakeFiles/zgt6test.dir/Core/Src/freertos.c.obj
 *fill*         0x0800c1f7        0x1 
 .rodata        0x0800c1f8       0x25 CMakeFiles/zgt6test.dir/task/Src/task_motor.c.obj
 *fill*         0x0800c21d        0x3 
 .rodata        0x0800c220       0x2f CMakeFiles/zgt6test.dir/Application/Src/chassis.c.obj
 *(.rodata*)
 *fill*         0x0800c24f        0x1 
 .rodata._global_impure_ptr
                0x0800c250        0x4 c:/applic~1/gnuarm~1/toolch~1.10/102021~1.10/bin/../lib/gcc/arm-none-eabi/10.3.1/../../../../arm-none-eabi/lib/thumb/v7e-m+fp/hard\libc_nano.a(lib_a-impure.o)
                0x0800c250                _global_impure_ptr
 .rodata._printf_float.str1.1
                0x0800c254       0x12 c:/applic~1/gnuarm~1/toolch~1.10/102021~1.10/bin/../lib/gcc/arm-none-eabi/10.3.1/../../../../arm-none-eabi/lib/thumb/v7e-m+fp/hard\libc_nano.a(lib_a-nano-vfprintf_float.o)
 .rodata._printf_i.str1.1
                0x0800c266       0x22 c:/applic~1/gnuarm~1/toolch~1.10/102021~1.10/bin/../lib/gcc/arm-none-eabi/10.3.1/../../../../arm-none-eabi/lib/thumb/v7e-m+fp/hard\libc_nano.a(lib_a-nano-vfprintf_i.o)
 .rodata._dtoa_r.str1.1
                0x0800c288       0xb3 c:/applic~1/gnuarm~1/toolch~1.10/102021~1.10/bin/../lib/gcc/arm-none-eabi/10.3.1/../../../../arm-none-eabi/lib/thumb/v7e-m+fp/hard\libc_nano.a(lib_a-dtoa.o)
                                 0xb5 (size before relaxing)
 .rodata._Balloc.str1.1
                0x0800c33b       0x7f c:/applic~1/gnuarm~1/toolch~1.10/102021~1.10/bin/../lib/gcc/arm-none-eabi/10.3.1/../../../../arm-none-eabi/lib/thumb/v7e-m+fp/hard\libc_nano.a(lib_a-mprec.o)
                                 0x96 (size before relaxing)
 .rodata.__multadd.str1.1
                0x0800c3ba       0x11 c:/applic~1/gnuarm~1/toolch~1.10/102021~1.10/bin/../lib/gcc/arm-none-eabi/10.3.1/../../../../arm-none-eabi/lib/thumb/v7e-m+fp/hard\libc_nano.a(lib_a-mprec.o)
 *fill*         0x0800c3ba        0x6 
 .rodata.__mprec_bigtens
                0x0800c3c0       0x28 c:/applic~1/gnuarm~1/toolch~1.10/102021~1.10/bin/../lib/gcc/arm-none-eabi/10.3.1/../../../../arm-none-eabi/lib/thumb/v7e-m+fp/hard\libc_nano.a(lib_a-mprec.o)
                0x0800c3c0                __mprec_bigtens
 .rodata.__mprec_tens
                0x0800c3e8       0xc8 c:/applic~1/gnuarm~1/toolch~1.10/102021~1.10/bin/../lib/gcc/arm-none-eabi/10.3.1/../../../../arm-none-eabi/lib/thumb/v7e-m+fp/hard\libc_nano.a(lib_a-mprec.o)
                0x0800c3e8                __mprec_tens
 .rodata.p05.0  0x0800c4b0        0xc c:/applic~1/gnuarm~1/toolch~1.10/102021~1.10/bin/../lib/gcc/arm-none-eabi/10.3.1/../../../../arm-none-eabi/lib/thumb/v7e-m+fp/hard\libc_nano.a(lib_a-mprec.o)
 .rodata.__assert_func.str1.1
                0x0800c4bc       0x3c c:/applic~1/gnuarm~1/toolch~1.10/102021~1.10/bin/../lib/gcc/arm-none-eabi/10.3.1/../../../../arm-none-eabi/lib/thumb/v7e-m+fp/hard\libc_nano.a(lib_a-assert.o)
                                 0x3d (size before relaxing)
 .rodata._setlocale_r.str1.1
                0x0800c4f8        0x8 c:/applic~1/gnuarm~1/toolch~1.10/102021~1.10/bin/../lib/gcc/arm-none-eabi/10.3.1/../../../../arm-none-eabi/lib/thumb/v7e-m+fp/hard\libc_nano.a(lib_a-locale.o)
                                  0x9 (size before relaxing)
 .rodata.str1.1
                0x0800c500        0x2 c:/applic~1/gnuarm~1/toolch~1.10/102021~1.10/bin/../lib/gcc/arm-none-eabi/10.3.1/../../../../arm-none-eabi/lib/thumb/v7e-m+fp/hard\libc_nano.a(lib_a-locale.o)
 .rodata._vfprintf_r.str1.1
                0x0800c502       0x11 c:/applic~1/gnuarm~1/toolch~1.10/102021~1.10/bin/../lib/gcc/arm-none-eabi/10.3.1/../../../../arm-none-eabi/lib/thumb/v7e-m+fp/hard\libc_nano.a(lib_a-nano-vfprintf.o)
 .rodata._ctype_
                0x0800c513      0x101 c:/applic~1/gnuarm~1/toolch~1.10/102021~1.10/bin/../lib/gcc/arm-none-eabi/10.3.1/../../../../arm-none-eabi/lib/thumb/v7e-m+fp/hard\libc_nano.a(lib_a-ctype_.o)
                0x0800c513                _ctype_
 .rodata.__sf_fake_stderr
                0x0800c614       0x20 c:/applic~1/gnuarm~1/toolch~1.10/102021~1.10/bin/../lib/gcc/arm-none-eabi/10.3.1/../../../../arm-none-eabi/lib/thumb/v7e-m+fp/hard\libc_nano.a(lib_a-findfp.o)
                0x0800c614                __sf_fake_stderr
 .rodata.__sf_fake_stdin
                0x0800c634       0x20 c:/applic~1/gnuarm~1/toolch~1.10/102021~1.10/bin/../lib/gcc/arm-none-eabi/10.3.1/../../../../arm-none-eabi/lib/thumb/v7e-m+fp/hard\libc_nano.a(lib_a-findfp.o)
                0x0800c634                __sf_fake_stdin
 .rodata.__sf_fake_stdout
                0x0800c654       0x20 c:/applic~1/gnuarm~1/toolch~1.10/102021~1.10/bin/../lib/gcc/arm-none-eabi/10.3.1/../../../../arm-none-eabi/lib/thumb/v7e-m+fp/hard\libc_nano.a(lib_a-findfp.o)
                0x0800c654                __sf_fake_stdout
 .rodata.AHBPrescTable
                0x0800c674       0x10 cmake/stm32cubemx/CMakeFiles/STM32_Drivers.dir/__/__/Core/Src/system_stm32f4xx.c.obj
                0x0800c674                AHBPrescTable
 .rodata.APBPrescTable
                0x0800c684        0x8 cmake/stm32cubemx/CMakeFiles/STM32_Drivers.dir/__/__/Core/Src/system_stm32f4xx.c.obj
                0x0800c684                APBPrescTable
 .rodata.defaultTask_attributes
                0x0800c68c       0x24 CMakeFiles/zgt6test.dir/Core/Src/freertos.c.obj
                0x0800c68c                defaultTask_attributes
 .rodata.motor_task_attributes
                0x0800c6b0       0x24 CMakeFiles/zgt6test.dir/Core/Src/freertos.c.obj
                0x0800c6b0                motor_task_attributes
 .rodata.CSWTCH.8
                0x0800c6d4        0xc c:/applic~1/gnuarm~1/toolch~1.10/102021~1.10/bin/../lib/gcc/arm-none-eabi/10.3.1/../../../../arm-none-eabi/lib/thumb/v7e-m+fp/hard\libm.a(lib_a-ef_atan2.o)
 .rodata.CSWTCH.9
                0x0800c6e0        0xc c:/applic~1/gnuarm~1/toolch~1.10/102021~1.10/bin/../lib/gcc/arm-none-eabi/10.3.1/../../../../arm-none-eabi/lib/thumb/v7e-m+fp/hard\libm.a(lib_a-ef_atan2.o)
 .rodata.atanhi
                0x0800c6ec       0x10 c:/applic~1/gnuarm~1/toolch~1.10/102021~1.10/bin/../lib/gcc/arm-none-eabi/10.3.1/../../../../arm-none-eabi/lib/thumb/v7e-m+fp/hard\libm.a(lib_a-sf_atan.o)
 .rodata.atanlo
                0x0800c6fc       0x10 c:/applic~1/gnuarm~1/toolch~1.10/102021~1.10/bin/../lib/gcc/arm-none-eabi/10.3.1/../../../../arm-none-eabi/lib/thumb/v7e-m+fp/hard\libm.a(lib_a-sf_atan.o)
                0x0800c70c                . = ALIGN (0x4)

.ARM.extab      0x0800c70c        0x0
                0x0800c70c                . = ALIGN (0x4)
 *(.ARM.extab* .gnu.linkonce.armextab.*)
                0x0800c70c                . = ALIGN (0x4)

.ARM            0x0800c70c        0x8
                0x0800c70c                . = ALIGN (0x4)
                0x0800c70c                __exidx_start = .
 *(.ARM.exidx*)
 .ARM.exidx     0x0800c70c        0x8 c:/applic~1/gnuarm~1/toolch~1.10/102021~1.10/bin/../lib/gcc/arm-none-eabi/10.3.1/thumb/v7e-m+fp/hard\libgcc.a(_udivmoddi4.o)
                0x0800c714                __exidx_end = .
                0x0800c714                . = ALIGN (0x4)

.rel.dyn        0x0800c714        0x0
 .rel.iplt      0x0800c714        0x0 c:/applic~1/gnuarm~1/toolch~1.10/102021~1.10/bin/../lib/gcc/arm-none-eabi/10.3.1/thumb/v7e-m+fp/hard/crtbegin.o

.preinit_array  0x0800c714        0x0
                0x0800c714                . = ALIGN (0x4)
                0x0800c714                PROVIDE (__preinit_array_start = .)
 *(.preinit_array*)
                0x0800c714                PROVIDE (__preinit_array_end = .)
                0x0800c714                . = ALIGN (0x4)

.init_array     0x0800c714        0x4
                0x0800c714                . = ALIGN (0x4)
                0x0800c714                PROVIDE (__init_array_start = .)
 *(SORT_BY_NAME(.init_array.*))
 *(.init_array*)
 .init_array    0x0800c714        0x4 c:/applic~1/gnuarm~1/toolch~1.10/102021~1.10/bin/../lib/gcc/arm-none-eabi/10.3.1/thumb/v7e-m+fp/hard/crtbegin.o
                0x0800c718                PROVIDE (__init_array_end = .)
                0x0800c718                . = ALIGN (0x4)

.fini_array     0x0800c718        0x4
                0x0800c718                . = ALIGN (0x4)
                [!provide]                PROVIDE (__fini_array_start = .)
 *(SORT_BY_NAME(.fini_array.*))
 *(.fini_array*)
 .fini_array    0x0800c718        0x4 c:/applic~1/gnuarm~1/toolch~1.10/102021~1.10/bin/../lib/gcc/arm-none-eabi/10.3.1/thumb/v7e-m+fp/hard/crtbegin.o
                [!provide]                PROVIDE (__fini_array_end = .)
                0x0800c71c                . = ALIGN (0x4)
                0x0800c71c                _sidata = LOADADDR (.data)

.data           0x20000000      0x2b0 load address 0x0800c71c
                0x20000000                . = ALIGN (0x4)
                0x20000000                _sdata = .
 *(.data)
 *(.data*)
 .data._impure_ptr
                0x20000000        0x4 c:/applic~1/gnuarm~1/toolch~1.10/102021~1.10/bin/../lib/gcc/arm-none-eabi/10.3.1/../../../../arm-none-eabi/lib/thumb/v7e-m+fp/hard\libc_nano.a(lib_a-impure.o)
                0x20000000                _impure_ptr
 .data.impure_data
                0x20000004       0x60 c:/applic~1/gnuarm~1/toolch~1.10/102021~1.10/bin/../lib/gcc/arm-none-eabi/10.3.1/../../../../arm-none-eabi/lib/thumb/v7e-m+fp/hard\libc_nano.a(lib_a-impure.o)
 .data.__global_locale
                0x20000064      0x16c c:/applic~1/gnuarm~1/toolch~1.10/102021~1.10/bin/../lib/gcc/arm-none-eabi/10.3.1/../../../../arm-none-eabi/lib/thumb/v7e-m+fp/hard\libc_nano.a(lib_a-locale.o)
                0x20000064                __global_locale
 .data.SystemCoreClock
                0x200001d0        0x4 cmake/stm32cubemx/CMakeFiles/STM32_Drivers.dir/__/__/Core/Src/system_stm32f4xx.c.obj
                0x200001d0                SystemCoreClock
 .data.uwTickPrio
                0x200001d4        0x4 cmake/stm32cubemx/CMakeFiles/STM32_Drivers.dir/__/__/Drivers/STM32F4xx_HAL_Driver/Src/stm32f4xx_hal.c.obj
                0x200001d4                uwTickPrio
 .data.uwTickFreq
                0x200001d8        0x1 cmake/stm32cubemx/CMakeFiles/STM32_Drivers.dir/__/__/Drivers/STM32F4xx_HAL_Driver/Src/stm32f4xx_hal.c.obj
                0x200001d8                uwTickFreq
 *fill*         0x200001d9        0x3 
 .data.uxCriticalNesting
                0x200001dc        0x4 cmake/stm32cubemx/CMakeFiles/FreeRTOS.dir/__/__/Middlewares/Third_Party/FreeRTOS/Source/portable/GCC/ARM_CM4F/port.c.obj
 .data.motor1   0x200001e0       0x24 CMakeFiles/zgt6test.dir/Application/Src/chassis.c.obj
                0x200001e0                motor1
 .data.motor2   0x20000204       0x24 CMakeFiles/zgt6test.dir/Application/Src/chassis.c.obj
                0x20000204                motor2
 .data.motor3   0x20000228       0x24 CMakeFiles/zgt6test.dir/Application/Src/chassis.c.obj
                0x20000228                motor3
 .data.motor4   0x2000024c       0x24 CMakeFiles/zgt6test.dir/Application/Src/chassis.c.obj
                0x2000024c                motor4
 .data.encoder1
                0x20000270       0x10 CMakeFiles/zgt6test.dir/Application/Src/chassis.c.obj
                0x20000270                encoder1
 .data.encoder2
                0x20000280       0x10 CMakeFiles/zgt6test.dir/Application/Src/chassis.c.obj
                0x20000280                encoder2
 .data.encoder3
                0x20000290       0x10 CMakeFiles/zgt6test.dir/Application/Src/chassis.c.obj
                0x20000290                encoder3
 .data.encoder4
                0x200002a0       0x10 CMakeFiles/zgt6test.dir/Application/Src/chassis.c.obj
                0x200002a0                encoder4
 *(.RamFunc)
 *(.RamFunc*)
                0x200002b0                . = ALIGN (0x4)
                0x200002b0                _edata = .
                0x0800c9cc                _siccmram = LOADADDR (.ccmram)

.igot.plt       0x200002b0        0x0 load address 0x0800c9cc
 .igot.plt      0x200002b0        0x0 c:/applic~1/gnuarm~1/toolch~1.10/102021~1.10/bin/../lib/gcc/arm-none-eabi/10.3.1/thumb/v7e-m+fp/hard/crtbegin.o

.ccmram         0x10000000        0x0 load address 0x0800c9cc
                0x10000000                . = ALIGN (0x4)
                0x10000000                _sccmram = .
 *(.ccmram)
 *(.ccmram*)
                0x10000000                . = ALIGN (0x4)
                0x10000000                _eccmram = .
                0x10000000                . = ALIGN (0x4)

.bss            0x200002b0     0x4d58
                0x200002b0                _sbss = .
                0x200002b0                __bss_start__ = _sbss
 *(.bss)
 .bss           0x200002b0       0x1c c:/applic~1/gnuarm~1/toolch~1.10/102021~1.10/bin/../lib/gcc/arm-none-eabi/10.3.1/thumb/v7e-m+fp/hard/crtbegin.o
 *(.bss*)
 .bss.__malloc_free_list
                0x200002cc        0x4 c:/applic~1/gnuarm~1/toolch~1.10/102021~1.10/bin/../lib/gcc/arm-none-eabi/10.3.1/../../../../arm-none-eabi/lib/thumb/v7e-m+fp/hard\libc_nano.a(lib_a-nano-mallocr.o)